Archive member included to satisfy reference by file (symbol)

/opt/devkitpro/libctru/lib/libcitro2d.a(base.o)
                              main.o (C2D_Init)
/opt/devkitpro/libctru/lib/libcitro2d.a(render2d.shbin.o)
                              /opt/devkitpro/libctru/lib/libcitro2d.a(base.o) (render2d_shbin)
/opt/devkitpro/libctru/lib/libcitro3d.a(base.o)
                              main.o (C3D_Init)
/opt/devkitpro/libctru/lib/libcitro3d.a(renderqueue.o)
                              /opt/devkitpro/libctru/lib/libcitro3d.a(base.o) (C3Di_RenderQueueEnableVBlank)
/opt/devkitpro/libctru/lib/libcitro3d.a(texture.o)
                              /opt/devkitpro/libctru/lib/libcitro2d.a(base.o) (C3D_TexBind)
/opt/devkitpro/libctru/lib/libcitro3d.a(framebuffer.o)
                              /opt/devkitpro/libctru/lib/libcitro3d.a(renderqueue.o) (C3D_CalcColorBufSize)
/opt/devkitpro/libctru/lib/libcitro3d.a(texenv.o)
                              /opt/devkitpro/libctru/lib/libcitro2d.a(base.o) (C3D_GetTexEnv)
/opt/devkitpro/libctru/lib/libcitro3d.a(proctex.o)
                              /opt/devkitpro/libctru/lib/libcitro2d.a(base.o) (C3D_ProcTexInit)
/opt/devkitpro/libctru/lib/libcitro3d.a(buffers.o)
                              /opt/devkitpro/libctru/lib/libcitro2d.a(base.o) (BufInfo_Init)
/opt/devkitpro/libctru/lib/libcitro3d.a(drawArrays.o)
                              /opt/devkitpro/libctru/lib/libcitro2d.a(base.o) (C3D_DrawArrays)
/opt/devkitpro/libctru/lib/libcitro3d.a(effect.o)
                              /opt/devkitpro/libctru/lib/libcitro3d.a(base.o) (C3D_DepthMap)
/opt/devkitpro/libctru/lib/libcitro3d.a(attribs.o)
                              /opt/devkitpro/libctru/lib/libcitro2d.a(base.o) (AttrInfo_Init)
/opt/devkitpro/libctru/lib/libcitro3d.a(immediate.o)
                              /opt/devkitpro/libctru/lib/libcitro3d.a(base.o) (C3D_ImmSendAttrib)
/opt/devkitpro/libctru/lib/libcitro3d.a(uniforms.o)
                              /opt/devkitpro/libctru/lib/libcitro3d.a(base.o) (C3D_UpdateUniforms)
/opt/devkitpro/libctru/lib/libcitro3d.a(mtx_ortho.o)
                              /opt/devkitpro/libctru/lib/libcitro2d.a(base.o) (Mtx_Ortho)
/opt/devkitpro/libctru/lib/libcitro3d.a(mtx_scale.o)
                              /opt/devkitpro/libctru/lib/libcitro2d.a(base.o) (Mtx_Scale)
/opt/devkitpro/libctru/lib/libcitro3d.a(mtx_multiply.o)
                              /opt/devkitpro/libctru/lib/libcitro2d.a(base.o) (Mtx_Multiply)
/opt/devkitpro/libctru/lib/libcitro3d.a(mtx_orthotilt.o)
                              /opt/devkitpro/libctru/lib/libcitro2d.a(base.o) (Mtx_OrthoTilt)
/opt/devkitpro/libctru/lib/libcitro3d.a(mtx_translate.o)
                              /opt/devkitpro/libctru/lib/libcitro2d.a(base.o) (Mtx_Translate)
/opt/devkitpro/libctru/lib/libcitro3d.a(mtx_rotatez.o)
                              /opt/devkitpro/libctru/lib/libcitro2d.a(base.o) (Mtx_RotateZ)
/opt/devkitpro/libctru/lib/libctru.a(vram.o)
                              /opt/devkitpro/libctru/lib/libcitro3d.a(renderqueue.o) (vramAlloc)
/opt/devkitpro/libctru/lib/libctru.a(linear.o)
                              /opt/devkitpro/libctru/lib/libcitro2d.a(base.o) (linearAlloc)
/opt/devkitpro/libctru/lib/libctru.a(mem_pool.o)
                              /opt/devkitpro/libctru/lib/libctru.a(vram.o) (MemPool::Allocate(MemChunk&, unsigned long, int))
/opt/devkitpro/libctru/lib/libctru.a(os.o)
                              /opt/devkitpro/libctru/lib/libcitro3d.a(texture.o) (osConvertVirtToPhys)
/opt/devkitpro/libctru/lib/libctru.a(console.o)
                              main.o (consoleInit)
/opt/devkitpro/libctru/lib/libctru.a(gfx.o)
                              /opt/devkitpro/libctru/lib/libcitro2d.a(base.o) (gfxIsWide)
/opt/devkitpro/libctru/lib/libctru.a(shaderProgram.o)
                              /opt/devkitpro/libctru/lib/libcitro2d.a(base.o) (shaderInstanceGetUniformLocation)
/opt/devkitpro/libctru/lib/libctru.a(shbin.o)
                              /opt/devkitpro/libctru/lib/libcitro2d.a(base.o) (DVLB_ParseFile)
/opt/devkitpro/libctru/lib/libctru.a(gx.o)
                              /opt/devkitpro/libctru/lib/libcitro3d.a(renderqueue.o) (GX_BindQueue)
/opt/devkitpro/libctru/lib/libctru.a(gxqueue.o)
                              /opt/devkitpro/libctru/lib/libcitro3d.a(renderqueue.o) (gxCmdQueueClear)
/opt/devkitpro/libctru/lib/libctru.a(gpu.o)
                              /opt/devkitpro/libctru/lib/libcitro3d.a(base.o) (GPUCMD_Add)
/opt/devkitpro/libctru/lib/libctru.a(gspgpu.o)
                              /opt/devkitpro/libctru/lib/libctru.a(gfx.o) (gspInit)
/opt/devkitpro/libctru/lib/libctru.a(apt.o)
                              /opt/devkitpro/libctru/lib/libcitro3d.a(base.o) (aptHook)
/opt/devkitpro/libctru/lib/libctru.a(hid.o)
                              main.o (hidScanInput)
/opt/devkitpro/libctru/lib/libctru.a(ptmsysm.o)
[...]
Memory Configuration

Name             Origin             Length             Attributes
*default*        0x0000000000000000 0xffffffffffffffff

Linker script and memory map

                0x0000000000100000                PROVIDE (__start__ = 0x100000)
                0x0000000000100000                . = __start__

.text           0x0000000000100000    0x26c8c
 *(.crt0)
 .crt0          0x0000000000100000       0x94 /opt/devkitpro/devkitARM/bin/../lib/gcc/arm-none-eabi/11.1.0/../../../../arm-none-eabi/lib/armv6k/fpu/3dsx_crt0.o
                0x0000000000100000                _start
                0x0000000000100008                __service_ptr
                0x000000000010000c                __apt_appid
                0x0000000000100010                __heap_size
                0x0000000000100014                __linear_heap_size
                0x0000000000100018                __system_arglist
                0x000000000010001c                __system_runflags
 *(.init)
 .init          0x0000000000100094        0xc /opt/devkitpro/devkitARM/bin/../lib/gcc/arm-none-eabi/11.1.0/armv6k/fpu/crti.o
                0x0000000000100094                _init
 .init          0x00000000001000a0        0xc /opt/devkitpro/devkitARM/bin/../lib/gcc/arm-none-eabi/11.1.0/armv6k/fpu/crtn.o
                0x00000000001000ac                . = ALIGN (0x4)
 *(.text)
 .text          0x00000000001000ac      0x240 /opt/devkitpro/devkitARM/bin/../lib/gcc/arm-none-eabi/11.1.0/armv6k/fpu/libgcc.a(_divsi3.o)
                0x00000000001000ac                __aeabi_idiv
                0x00000000001000ac                __divsi3
                0x00000000001002cc                __aeabi_idivmod
 .text          0x00000000001002ec        0x4 /opt/devkitpro/devkitARM/bin/../lib/gcc/arm-none-eabi/11.1.0/armv6k/fpu/libgcc.a(_dvmd_tls.o)
                0x00000000001002ec                __aeabi_ldiv0
                0x00000000001002ec                __aeabi_idiv0
 .text          0x00000000001002f0      0x3c0 /opt/devkitpro/devkitARM/bin/../lib/gcc/arm-none-eabi/11.1.0/armv6k/fpu/libgcc.a(_arm_addsubdf3.o)
                0x00000000001002f0                __aeabi_drsub
                0x00000000001002f8                __aeabi_dsub
                0x00000000001002f8                __subdf3
                0x00000000001002fc                __adddf3
                0x00000000001002fc                __aeabi_dadd
                0x00000000001005a8                __aeabi_ui2d
                0x00000000001005a8                __floatunsidf
                0x00000000001005cc                __floatsidf
                0x00000000001005cc                __aeabi_i2d
                0x00000000001005f4                __extendsfdf2
                0x00000000001005f4                __aeabi_f2d
                0x000000000010063c                __aeabi_ul2d
                0x000000000010063c                __floatundidf
                0x0000000000100650                __floatdidf
                0x0000000000100650                __aeabi_l2d
 .text          0x00000000001006b0       0xd4 /opt/devkitpro/devkitARM/bin/../lib/gcc/arm-none-eabi/11.1.0/armv6k/fpu/libgcc.a(_aeabi_ldivmod.o)
                0x00000000001006b0                __aeabi_ldivmod
 .text          0x0000000000100784       0x3c /opt/devkitpro/devkitARM/bin/../lib/gcc/arm-none-eabi/11.1.0/armv6k/fpu/libgcc.a(_aeabi_uldivmod.o)
                0x0000000000100784                __aeabi_uldivmod
 .text          0x00000000001007c0      0x390 /opt/devkitpro/devkitARM/bin/../lib/gcc/arm-none-eabi/11.1.0/../../../../arm-none-eabi/lib/armv6k/fpu/libg.a(lib_a-strcmp.o)
                0x00000000001007c8                strcmp
 .text          0x0000000000100b50      0x20c /opt/devkitpro/devkitARM/bin/../lib/gcc/arm-none-eabi/11.1.0/armv6k/fpu/libgcc.a(_udivsi3.o)
                0x0000000000100b50                __udivsi3
                0x0000000000100b50                __aeabi_uidiv
                0x0000000000100d3c                __aeabi_uidivmod
 *(.text.*)
 .text.__do_global_dtors_aux
                0x0000000000100d5c       0x40 /opt/devkitpro/devkitARM/bin/../lib/gcc/arm-none-eabi/11.1.0/armv6k/fpu/crtbegin.o
 .text.frame_dummy
                0x0000000000100d9c       0x2c /opt/devkitpro/devkitARM/bin/../lib/gcc/arm-none-eabi/11.1.0/armv6k/fpu/crtbegin.o
 .text.startup.main
                0x0000000000100dc8      0x4bc main.o
                0x0000000000100dc8                main
 .text.C2Di_FrameEndHook
                0x0000000000101284       0x34 /opt/devkitpro/libctru/lib/libcitro2d.a(base.o)
 .text.C2D_Init
                0x00000000001012b8      0x330 /opt/devkitpro/libctru/lib/libcitro2d.a(base.o)
                0x00000000001012b8                C2D_Init
 .text.C2D_Fini
                0x00000000001015e8       0x44 /opt/devkitpro/libctru/lib/libcitro2d.a(base.o)
                0x00000000001015e8                C2D_Fini
 .text.C2D_Prepare
                0x000000000010162c       0xd0 /opt/devkitpro/libctru/lib/libcitro2d.a(base.o)
                0x000000000010162c                C2D_Prepare
 .text.C2D_Flush
                0x00000000001016fc       0x3c /opt/devkitpro/libctru/lib/libcitro2d.a(base.o)
                0x00000000001016fc                C2D_Flush
 .text.C2D_SceneSize
                0x0000000000101738      0x108 /opt/devkitpro/libctru/lib/libcitro2d.a(base.o)
                0x0000000000101738                C2D_SceneSize
 .text.C2D_CreateScreenTarget
                0x0000000000101840       0x58 /opt/devkitpro/libctru/lib/libcitro2d.a(base.o)
                0x0000000000101840                C2D_CreateScreenTarget
 .text.C2D_TargetClear
                0x0000000000101898       0x58 /opt/devkitpro/libctru/lib/libcitro2d.a(base.o)
                0x0000000000101898                C2D_TargetClear
 .text.C2Di_Update
                0x00000000001018f0      0x22c /opt/devkitpro/libctru/lib/libcitro2d.a(base.o)
                0x00000000001018f0                C2Di_Update
 .text.C2D_DrawLine
                0x0000000000101b1c      0x220 /opt/devkitpro/libctru/lib/libcitro2d.a(base.o)
                0x0000000000101b1c                C2D_DrawLine
 .text.C2D_DrawEllipse
                0x0000000000101d3c      0x1a8 /opt/devkitpro/libctru/lib/libcitro2d.a(base.o)
                0x0000000000101d3c                C2D_DrawEllipse
 .text.C3Di_LightEnvUpdate
                0x0000000000101ee4        0x4 /opt/devkitpro/libctru/lib/libcitro3d.a(base.o)
                0x0000000000101ee4                C3Di_LightEnvUpdate
 .text.C3Di_LightEnvDirty
                0x0000000000101ee8        0x4 /opt/devkitpro/libctru/lib/libcitro3d.a(base.o)
                0x0000000000101ee8                C3Di_LightEnvDirty
 .text.C3Di_AptEventHook
                0x0000000000101eec       0xb4 /opt/devkitpro/libctru/lib/libcitro3d.a(base.o)
 .text.C3Di_GasUpdate
                0x0000000000101fa0        0x4 /opt/devkitpro/libctru/lib/libcitro3d.a(base.o)
                0x0000000000101fa0                C3Di_GasUpdate
 .text.C3D_Init
                0x0000000000101fa4      0x1e0 /opt/devkitpro/libctru/lib/libcitro3d.a(base.o)
                0x0000000000101fa4                C3D_Init
 .text.C3D_SetViewport
                0x0000000000102184       0x98 /opt/devkitpro/libctru/lib/libcitro3d.a(base.o)
                0x0000000000102184                C3D_SetViewport
 .text.C3Di_UpdateContext
                0x000000000010221c      0x4ec /opt/devkitpro/libctru/lib/libcitro3d.a(base.o)
                0x000000000010221c                C3Di_UpdateContext
 .text.C3Di_SplitFrame
                0x0000000000102708       0xe0 /opt/devkitpro/libctru/lib/libcitro3d.a(base.o)
                0x0000000000102708                C3Di_SplitFrame
 .text.C3D_Fini
                0x00000000001027e8       0x44 /opt/devkitpro/libctru/lib/libcitro3d.a(base.o)
                0x00000000001027e8                C3D_Fini
 .text.C3D_BindProgram
                0x000000000010282c      0x108 /opt/devkitpro/libctru/lib/libcitro3d.a(base.o)
                0x000000000010282c                C3D_BindProgram
 .text.onVBlank0
                0x0000000000102934       0x4c /opt/devkitpro/libctru/lib/libcitro3d.a(renderqueue.o)
 .text.onVBlank1
                0x0000000000102980       0x4c /opt/devkitpro/libctru/lib/libcitro3d.a(renderqueue.o)
 .text.C3Di_RenderTargetDestroy
                0x00000000001029cc       0x80 /opt/devkitpro/libctru/lib/libcitro3d.a(renderqueue.o)
 .text.onQueueFinish
                0x0000000000102a4c       0xf4 /opt/devkitpro/libctru/lib/libcitro3d.a(renderqueue.o)
 .text.C3Di_RenderQueueEnableVBlank
                0x0000000000102b40       0x38 /opt/devkitpro/libctru/lib/libcitro3d.a(renderqueue.o)
                0x0000000000102b40                C3Di_RenderQueueEnableVBlank
 .text.C3Di_RenderQueueDisableVBlank
                0x0000000000102b78       0x30 /opt/devkitpro/libctru/lib/libcitro3d.a(renderqueue.o)
                0x0000000000102b78                C3Di_RenderQueueDisableVBlank
 .text.C3Di_RenderQueueInit
                0x0000000000102ba8       0x60 /opt/devkitpro/libctru/lib/libcitro3d.a(renderqueue.o)
                0x0000000000102ba8                C3Di_RenderQueueInit
 .text.C3Di_RenderQueueExit
                0x0000000000102c08       0xb0 /opt/devkitpro/libctru/lib/libcitro3d.a(renderqueue.o)
                0x0000000000102c08                C3Di_RenderQueueExit
 .text.C3Di_RenderQueueWaitDone
                0x0000000000102cb8       0x34 /opt/devkitpro/libctru/lib/libcitro3d.a(renderqueue.o)
                0x0000000000102cb8                C3Di_RenderQueueWaitDone
 .text.C3D_FrameBegin
                0x0000000000102cec       0xe4 /opt/devkitpro/libctru/lib/libcitro3d.a(renderqueue.o)
                0x0000000000102cec                C3D_FrameBegin
 .text.C3D_FrameDrawOn
                0x0000000000102dd0       0x48 /opt/devkitpro/libctru/lib/libcitro3d.a(renderqueue.o)
                0x0000000000102dd0                C3D_FrameDrawOn
 .text.C3D_FrameSplit
                0x0000000000102e18       0x58 /opt/devkitpro/libctru/lib/libcitro3d.a(renderqueue.o)
                0x0000000000102e18                C3D_FrameSplit
 .text.C3D_FrameEnd
                0x0000000000102e70      0x1d8 /opt/devkitpro/libctru/lib/libcitro3d.a(renderqueue.o)
                0x0000000000102e70                C3D_FrameEnd
 .text.C3D_FrameEndHook
                0x0000000000103048       0x1c /opt/devkitpro/libctru/lib/libcitro3d.a(renderqueue.o)
                0x0000000000103048                C3D_FrameEndHook
 .text.C3D_RenderTargetCreate
                0x0000000000103064      0x128 /opt/devkitpro/libctru/lib/libcitro3d.a(renderqueue.o)
                0x0000000000103064                C3D_RenderTargetCreate
 .text.C3D_RenderTargetSetOutput
                0x000000000010318c       0xa8 /opt/devkitpro/libctru/lib/libcitro3d.a(renderqueue.o)
                0x000000000010318c                C3D_RenderTargetSetOutput
 .text.C3D_TexBind
                0x0000000000103234       0x44 /opt/devkitpro/libctru/lib/libcitro3d.a(texture.o)
                0x0000000000103234                C3D_TexBind
 .text.C3Di_SetTex
                0x0000000000103278      0x16c /opt/devkitpro/libctru/lib/libcitro3d.a(texture.o)
                0x0000000000103278                C3Di_SetTex
 .text.C3D_CalcColorBufSize
                0x00000000001033e4       0x1c /opt/devkitpro/libctru/lib/libcitro3d.a(framebuffer.o)
                0x00000000001033e4                C3D_CalcColorBufSize
 .text.C3D_CalcDepthBufSize
                0x0000000000103400       0x1c /opt/devkitpro/libctru/lib/libcitro3d.a(framebuffer.o)
                0x0000000000103400                C3D_CalcDepthBufSize
 .text.C3D_SetFrameBuf
                0x000000000010341c       0x44 /opt/devkitpro/libctru/lib/libcitro3d.a(framebuffer.o)
                0x000000000010341c                C3D_SetFrameBuf
 .text.C3Di_FrameBufBind
                0x0000000000103460      0x16c /opt/devkitpro/libctru/lib/libcitro3d.a(framebuffer.o)
                0x0000000000103460                C3Di_FrameBufBind
 .text.C3D_FrameBufClear
                0x00000000001035cc       0xcc /opt/devkitpro/libctru/lib/libcitro3d.a(framebuffer.o)
                0x00000000001035cc                C3D_FrameBufClear
 .text.C3D_FrameBufTransfer
                0x0000000000103698       0x44 /opt/devkitpro/libctru/lib/libcitro3d.a(framebuffer.o)
                0x0000000000103698                C3D_FrameBufTransfer
 .text.C3D_GetTexEnv
                0x00000000001036dc       0x34 /opt/devkitpro/libctru/lib/libcitro3d.a(texenv.o)
                0x00000000001036dc                C3D_GetTexEnv
 .text.C3Di_TexEnvBind
                0x0000000000103710       0x24 /opt/devkitpro/libctru/lib/libcitro3d.a(texenv.o)
                0x0000000000103710                C3Di_TexEnvBind
 .text.C3D_ProcTexInit
                0x0000000000103734       0x70 /opt/devkitpro/libctru/lib/libcitro3d.a(proctex.o)
                0x0000000000103734                C3D_ProcTexInit
 .text.C3D_ProcTexBind
                0x00000000001037a4       0x54 /opt/devkitpro/libctru/lib/libcitro3d.a(proctex.o)
                0x00000000001037a4                C3D_ProcTexBind
 .text.C3D_ProcTexLutBind
                0x00000000001037f8       0x5c /opt/devkitpro/libctru/lib/libcitro3d.a(proctex.o)
                0x00000000001037f8                C3D_ProcTexLutBind
 .text.ProcTexLut_FromArray
                0x0000000000103854       0xa4 /opt/devkitpro/libctru/lib/libcitro3d.a(proctex.o)
                0x0000000000103854                ProcTexLut_FromArray
 .text.C3Di_ProcTexUpdate
                0x00000000001038f8      0x17c /opt/devkitpro/libctru/lib/libcitro3d.a(proctex.o)
                0x00000000001038f8                C3Di_ProcTexUpdate
 .text.C3Di_ProcTexDirty
                0x0000000000103a74       0x68 /opt/devkitpro/libctru/lib/libcitro3d.a(proctex.o)
                0x0000000000103a74                C3Di_ProcTexDirty
 .text.BufInfo_Init
                0x0000000000103adc       0x24 /opt/devkitpro/libctru/lib/libcitro3d.a(buffers.o)
                0x0000000000103adc                BufInfo_Init
 .text.BufInfo_Add
                0x0000000000103b00       0x80 /opt/devkitpro/libctru/lib/libcitro3d.a(buffers.o)
                0x0000000000103b00                BufInfo_Add
 .text.C3D_SetBufInfo
                0x0000000000103b80       0x40 /opt/devkitpro/libctru/lib/libcitro3d.a(buffers.o)
                0x0000000000103b80                C3D_SetBufInfo
 .text.C3Di_BufInfoBind
                0x0000000000103bc0       0x48 /opt/devkitpro/libctru/lib/libcitro3d.a(buffers.o)
                0x0000000000103bc0                C3Di_BufInfoBind
 .text.C3D_DrawArrays
                0x0000000000103c08      0x148 /opt/devkitpro/libctru/lib/libcitro3d.a(drawArrays.o)
                0x0000000000103c08                C3D_DrawArrays
 .text.C3D_DepthMap
                0x0000000000103d50       0x40 /opt/devkitpro/libctru/lib/libcitro3d.a(effect.o)
                0x0000000000103d50                C3D_DepthMap
 .text.C3D_CullFace
                0x0000000000103d90       0x1c /opt/devkitpro/libctru/lib/libcitro3d.a(effect.o)
                0x0000000000103d90                C3D_CullFace
 .text.C3D_StencilTest
                0x0000000000103dac       0x40 /opt/devkitpro/libctru/lib/libcitro3d.a(effect.o)
                0x0000000000103dac                C3D_StencilTest
 .text.C3D_StencilOp
                0x0000000000103dec       0x24 /opt/devkitpro/libctru/lib/libcitro3d.a(effect.o)
                0x0000000000103dec                C3D_StencilOp
 .text.C3D_BlendingColor
                0x0000000000103e10       0x1c /opt/devkitpro/libctru/lib/libcitro3d.a(effect.o)
                0x0000000000103e10                C3D_BlendingColor
 .text.C3D_EarlyDepthTest
                0x0000000000103e2c       0x24 /opt/devkitpro/libctru/lib/libcitro3d.a(effect.o)
                0x0000000000103e2c                C3D_EarlyDepthTest
 .text.C3D_DepthTest
                0x0000000000103e50       0x2c /opt/devkitpro/libctru/lib/libcitro3d.a(effect.o)
                0x0000000000103e50                C3D_DepthTest
 .text.C3D_AlphaTest
                0x0000000000103e7c       0x2c /opt/devkitpro/libctru/lib/libcitro3d.a(effect.o)
                0x0000000000103e7c                C3D_AlphaTest
 .text.C3D_AlphaBlend
                0x0000000000103ea8       0x50 /opt/devkitpro/libctru/lib/libcitro3d.a(effect.o)
                0x0000000000103ea8                C3D_AlphaBlend
 .text.C3D_FragOpMode
                0x0000000000103ef8       0x30 /opt/devkitpro/libctru/lib/libcitro3d.a(effect.o)
                0x0000000000103ef8                C3D_FragOpMode
 .text.C3D_FragOpShadow
                0x0000000000103f28       0x44 /opt/devkitpro/libctru/lib/libcitro3d.a(effect.o)
                0x0000000000103f28                C3D_FragOpShadow
 .text.C3Di_EffectBind
                0x0000000000103f6c      0x1ac /opt/devkitpro/libctru/lib/libcitro3d.a(effect.o)
                0x0000000000103f6c                C3Di_EffectBind
 .text.AttrInfo_Init
                0x0000000000104118       0x28 /opt/devkitpro/libctru/lib/libcitro3d.a(attribs.o)
                0x0000000000104118                AttrInfo_Init
 .text.AttrInfo_AddLoader
                0x0000000000104140       0x98 /opt/devkitpro/libctru/lib/libcitro3d.a(attribs.o)
                0x0000000000104140                AttrInfo_AddLoader
 .text.C3D_SetAttrInfo
                0x00000000001041d8       0x54 /opt/devkitpro/libctru/lib/libcitro3d.a(attribs.o)
                0x00000000001041d8                C3D_SetAttrInfo
 .text.C3Di_AttrInfoBind
                0x000000000010422c       0x80 /opt/devkitpro/libctru/lib/libcitro3d.a(attribs.o)
                0x000000000010422c                C3Di_AttrInfoBind
 .text.C3D_ImmSendAttrib
                0x00000000001042ac       0xa8 /opt/devkitpro/libctru/lib/libcitro3d.a(immediate.o)
                0x00000000001042ac                C3D_ImmSendAttrib
 .text.C3D_UpdateUniforms
                0x0000000000104354      0x29c /opt/devkitpro/libctru/lib/libcitro3d.a(uniforms.o)
                0x0000000000104354                C3D_UpdateUniforms
 .text.C3Di_DirtyUniforms
                0x00000000001045f0       0xc0 /opt/devkitpro/libctru/lib/libcitro3d.a(uniforms.o)
                0x00000000001045f0                C3Di_DirtyUniforms
 .text.C3Di_LoadShaderUniforms
                0x00000000001046b0       0xd8 /opt/devkitpro/libctru/lib/libcitro3d.a(uniforms.o)
                0x00000000001046b0                C3Di_LoadShaderUniforms
 .text.C3Di_ClearShaderUniforms
                0x0000000000104788       0x28 /opt/devkitpro/libctru/lib/libcitro3d.a(uniforms.o)
                0x0000000000104788                C3Di_ClearShaderUniforms
 .text.Mtx_Ortho
                0x00000000001047b0       0xcc /opt/devkitpro/libctru/lib/libcitro3d.a(mtx_ortho.o)
                0x00000000001047b0                Mtx_Ortho
 .text.Mtx_OrthoTilt
                0x000000000010487c       0xcc /opt/devkitpro/libctru/lib/libcitro3d.a(mtx_orthotilt.o)
                0x000000000010487c                Mtx_OrthoTilt
 .text._ZL21addrMapNodeComparatorPK11rbtree_nodeS1_
                0x0000000000104948       0x24 /opt/devkitpro/libctru/lib/libctru.a(vram.o)
 .text._ZL21addrMapNodeDestructorP11rbtree_node
                0x000000000010496c        0x4 /opt/devkitpro/libctru/lib/libctru.a(vram.o)
 .text.vramMemAlign
                0x0000000000104970      0x114 /opt/devkitpro/libctru/lib/libctru.a(vram.o)
                0x0000000000104970                vramMemAlign
 .text.vramAlloc
                0x0000000000104a84        0x8 /opt/devkitpro/libctru/lib/libctru.a(vram.o)
                0x0000000000104a84                vramAlloc
 .text.vramFree
                0x0000000000104a8c       0x5c /opt/devkitpro/libctru/lib/libctru.a(vram.o)
                0x0000000000104a8c                vramFree
 .text._ZL21addrMapNodeComparatorPK11rbtree_nodeS1_
                0x0000000000104ae8       0x24 /opt/devkitpro/libctru/lib/libctru.a(linear.o)
 .text._ZL21addrMapNodeDestructorP11rbtree_node
                0x0000000000104b0c        0x4 /opt/devkitpro/libctru/lib/libctru.a(linear.o)
 .text.linearMemAlign
                0x0000000000104b10      0x120 /opt/devkitpro/libctru/lib/libctru.a(linear.o)
                0x0000000000104b10                linearMemAlign
 .text.linearAlloc
                0x0000000000104c30        0x8 /opt/devkitpro/libctru/lib/libctru.a(linear.o)
                0x0000000000104c30                linearAlloc
 .text.linearFree
                0x0000000000104c38       0x5c /opt/devkitpro/libctru/lib/libctru.a(linear.o)
                0x0000000000104c38                linearFree
 .text._ZN7MemPool13CoalesceRightEP8MemBlock
                0x0000000000104c94       0x84 /opt/devkitpro/libctru/lib/libctru.a(mem_pool.o)
                0x0000000000104c94                MemPool::CoalesceRight(MemBlock*)
 .text._ZN7MemPool8AllocateER8MemChunkmi
                0x0000000000104d18      0x170 /opt/devkitpro/libctru/lib/libctru.a(mem_pool.o)
                0x0000000000104d18                MemPool::Allocate(MemChunk&, unsigned long, int)
 .text._ZN7MemPool10DeallocateERK8MemChunk
                0x0000000000104e88       0xfc /opt/devkitpro/libctru/lib/libctru.a(mem_pool.o)
                0x0000000000104e88                MemPool::Deallocate(MemChunk const&)
 .text.osConvertVirtToPhys
                0x0000000000104f84       0x74 /opt/devkitpro/libctru/lib/libctru.a(os.o)
                0x0000000000104f84                osConvertVirtToPhys
 .text.osGetTimeRef
                0x0000000000104ff8       0x54 /opt/devkitpro/libctru/lib/libctru.a(os.o)
                0x0000000000104ff8                osGetTimeRef
 .text.osGetTime
                0x000000000010504c       0xe4 /opt/devkitpro/libctru/lib/libctru.a(os.o)
                0x000000000010504c                osGetTime
 .text.__libctru_gtod
                0x0000000000105130       0x74 /opt/devkitpro/libctru/lib/libctru.a(os.o)
                0x0000000000105130                __libctru_gtod
 .text.__ctru_speedup_config
                0x00000000001051a4       0x34 /opt/devkitpro/libctru/lib/libctru.a(os.o)
                0x00000000001051a4                __ctru_speedup_config
 .text.consoleDrawChar
                0x00000000001051d8      0x178 /opt/devkitpro/libctru/lib/libctru.a(console.o)
                0x00000000001051d8                consoleDrawChar
 .text.consolePrintChar
                0x0000000000105350      0x124 /opt/devkitpro/libctru/lib/libctru.a(console.o)
                0x0000000000105350                consolePrintChar
 .text.con_write
                0x0000000000105474      0xa00 /opt/devkitpro/libctru/lib/libctru.a(console.o)
                0x0000000000105474                con_write
 .text.consoleInit
                0x0000000000105e74      0x168 /opt/devkitpro/libctru/lib/libctru.a(console.o)
                0x0000000000105e74                consoleInit
 .text.newRow   0x0000000000105fdc       0xf4 /opt/devkitpro/libctru/lib/libctru.a(console.o)
 .text.gfxPresentFramebuffer
                0x00000000001060d0       0xd0 /opt/devkitpro/libctru/lib/libctru.a(gfx.o)
 .text.gfxIsWide
                0x00000000001061a0       0x1c /opt/devkitpro/libctru/lib/libctru.a(gfx.o)
                0x00000000001061a0                gfxIsWide
 .text.gfxSetScreenFormat
                0x00000000001061bc       0xec /opt/devkitpro/libctru/lib/libctru.a(gfx.o)
                0x00000000001061bc                gfxSetScreenFormat
 .text.gfxSetDoubleBuffering
                0x00000000001062a8       0x10 /opt/devkitpro/libctru/lib/libctru.a(gfx.o)
                0x00000000001062a8                gfxSetDoubleBuffering
 .text.gfxInit  0x00000000001062b8      0x108 /opt/devkitpro/libctru/lib/libctru.a(gfx.o)
                0x00000000001062b8                gfxInit
 .text.gfxInitDefault
                0x00000000001063c0       0x10 /opt/devkitpro/libctru/lib/libctru.a(gfx.o)
                0x00000000001063c0                gfxInitDefault
 .text.gfxExit  0x00000000001063d0       0xb4 /opt/devkitpro/libctru/lib/libctru.a(gfx.o)
                0x00000000001063d0                gfxExit
 .text.gfxGetFramebuffer
                0x0000000000106484       0xa0 /opt/devkitpro/libctru/lib/libctru.a(gfx.o)
                0x0000000000106484                gfxGetFramebuffer
 .text.gfxFlushBuffers
                0x0000000000106524      0x10c /opt/devkitpro/libctru/lib/libctru.a(gfx.o)
                0x0000000000106524                gfxFlushBuffers
 .text.gfxScreenSwapBuffers
                0x0000000000106630       0x30 /opt/devkitpro/libctru/lib/libctru.a(gfx.o)
                0x0000000000106630                gfxScreenSwapBuffers
 .text.gfxSwapBuffersGpu
                0x0000000000106660       0x50 /opt/devkitpro/libctru/lib/libctru.a(gfx.o)
                0x0000000000106660                gfxSwapBuffersGpu
 .text.shaderInstanceInit
                0x00000000001066b0      0x1e0 /opt/devkitpro/libctru/lib/libctru.a(shaderProgram.o)
                0x00000000001066b0                shaderInstanceInit
 .text.shaderInstanceGetUniformLocation
                0x0000000000106890       0x18 /opt/devkitpro/libctru/lib/libctru.a(shaderProgram.o)
                0x0000000000106890                shaderInstanceGetUniformLocation
 .text.shaderProgramInit
                0x00000000001068a8       0x1c /opt/devkitpro/libctru/lib/libctru.a(shaderProgram.o)
                0x00000000001068a8                shaderProgramInit
 .text.shaderProgramFree
                0x00000000001068c4       0x64 /opt/devkitpro/libctru/lib/libctru.a(shaderProgram.o)
                0x00000000001068c4                shaderProgramFree
 .text.shaderProgramSetVsh
                0x0000000000106928       0x80 /opt/devkitpro/libctru/lib/libctru.a(shaderProgram.o)
                0x0000000000106928                shaderProgramSetVsh
 .text.shaderProgramConfigure
                0x00000000001069a8      0x8c0 /opt/devkitpro/libctru/lib/libctru.a(shaderProgram.o)
                0x00000000001069a8                shaderProgramConfigure
 .text.DVLE_GenerateOutmap.part.0
                0x0000000000107268      0x1f8 /opt/devkitpro/libctru/lib/libctru.a(shbin.o)
 .text.DVLB_ParseFile
                0x0000000000107460      0x1cc /opt/devkitpro/libctru/lib/libctru.a(shbin.o)
                0x0000000000107460                DVLB_ParseFile
 .text.DVLB_Free
                0x000000000010762c       0x38 /opt/devkitpro/libctru/lib/libctru.a(shbin.o)
                0x000000000010762c                DVLB_Free
 .text.DVLE_GetUniformRegister
                0x0000000000107664       0x74 /opt/devkitpro/libctru/lib/libctru.a(shbin.o)
                0x0000000000107664                DVLE_GetUniformRegister
 .text.GX_BindQueue
                0x00000000001076d8       0x10 /opt/devkitpro/libctru/lib/libctru.a(gx.o)
                0x00000000001076d8                GX_BindQueue
 .text.GX_ProcessCommandList
                0x00000000001076e8       0x78 /opt/devkitpro/libctru/lib/libctru.a(gx.o)
                0x00000000001076e8                GX_ProcessCommandList
 .text.GX_MemoryFill
                0x0000000000107760       0x74 /opt/devkitpro/libctru/lib/libctru.a(gx.o)
                0x0000000000107760                GX_MemoryFill
 .text.GX_DisplayTransfer
                0x00000000001077d4       0x70 /opt/devkitpro/libctru/lib/libctru.a(gx.o)
                0x00000000001077d4                GX_DisplayTransfer
 .text.gxCmdQueueDoCommands.part.0
                0x0000000000107844       0x68 /opt/devkitpro/libctru/lib/libctru.a(gxqueue.o)
 .text.gxCmdQueueInterrupt
                0x00000000001078ac       0xc8 /opt/devkitpro/libctru/lib/libctru.a(gxqueue.o)
                0x00000000001078ac                gxCmdQueueInterrupt
 .text.gxCmdQueueClear
                0x0000000000107974       0x4c /opt/devkitpro/libctru/lib/libctru.a(gxqueue.o)
                0x0000000000107974                gxCmdQueueClear
 .text.gxCmdQueueAdd
                0x00000000001079c0       0xf8 /opt/devkitpro/libctru/lib/libctru.a(gxqueue.o)
                0x00000000001079c0                gxCmdQueueAdd
 .text.gxCmdQueueRun
                0x0000000000107ab8       0x80 /opt/devkitpro/libctru/lib/libctru.a(gxqueue.o)
                0x0000000000107ab8                gxCmdQueueRun
 .text.gxCmdQueueStop
                0x0000000000107b38       0x60 /opt/devkitpro/libctru/lib/libctru.a(gxqueue.o)
                0x0000000000107b38                gxCmdQueueStop
 .text.gxCmdQueueWait
                0x0000000000107b98       0x74 /opt/devkitpro/libctru/lib/libctru.a(gxqueue.o)
                0x0000000000107b98                gxCmdQueueWait
 .text.GPUCMD_Add
                0x0000000000107c0c      0x13c /opt/devkitpro/libctru/lib/libctru.a(gpu.o)
                0x0000000000107c0c                GPUCMD_Add
 .text.GPUCMD_Split
                0x0000000000107d48       0xac /opt/devkitpro/libctru/lib/libctru.a(gpu.o)
                0x0000000000107d48                GPUCMD_Split
 .text.f32tof16
                0x0000000000107df4       0x40 /opt/devkitpro/libctru/lib/libctru.a(gpu.o)
                0x0000000000107df4                f32tof16
 .text.f32tof24
                0x0000000000107e34       0x40 /opt/devkitpro/libctru/lib/libctru.a(gpu.o)
                0x0000000000107e34                f32tof24
 .text.f32tof31
                0x0000000000107e74       0x44 /opt/devkitpro/libctru/lib/libctru.a(gpu.o)
                0x0000000000107e74                f32tof31
 .text.gspHardwareInit
                0x0000000000107eb8      0xc58 /opt/devkitpro/libctru/lib/libctru.a(gspgpu.o)
 .text.gspInit  0x0000000000108b10      0x254 /opt/devkitpro/libctru/lib/libctru.a(gspgpu.o)
                0x0000000000108b10                gspInit
 .text.gspExit  0x0000000000108d64       0xf0 /opt/devkitpro/libctru/lib/libctru.a(gspgpu.o)
                0x0000000000108d64                gspExit
 .text.gspHasGpuRight
                0x0000000000108e54       0x10 /opt/devkitpro/libctru/lib/libctru.a(gspgpu.o)
                0x0000000000108e54                gspHasGpuRight
 .text.gspPresentBuffer
                0x0000000000108e64       0x98 /opt/devkitpro/libctru/lib/libctru.a(gspgpu.o)
                0x0000000000108e64                gspPresentBuffer
 .text.gspSetEventCallback
                0x0000000000108efc       0x30 /opt/devkitpro/libctru/lib/libctru.a(gspgpu.o)
                0x0000000000108efc                gspSetEventCallback
 .text.gspWaitForEvent
                0x0000000000108f2c       0x50 /opt/devkitpro/libctru/lib/libctru.a(gspgpu.o)
                0x0000000000108f2c                gspWaitForEvent
 .text.gspWaitForAnyEvent
                0x0000000000108f7c       0x4c /opt/devkitpro/libctru/lib/libctru.a(gspgpu.o)
                0x0000000000108f7c                gspWaitForAnyEvent
 .text.gspEventThreadMain
                0x0000000000108fc8      0x160 /opt/devkitpro/libctru/lib/libctru.a(gspgpu.o)
 .text.gspSubmitGxCommand
                0x0000000000109128      0x130 /opt/devkitpro/libctru/lib/libctru.a(gspgpu.o)
                0x0000000000109128                gspSubmitGxCommand
 .text.GSPGPU_FlushDataCache
                0x0000000000109258       0x50 /opt/devkitpro/libctru/lib/libctru.a(gspgpu.o)
                0x0000000000109258                GSPGPU_FlushDataCache
 .text.GSPGPU_SetLcdForceBlack
                0x00000000001092a8       0x34 /opt/devkitpro/libctru/lib/libctru.a(gspgpu.o)
                0x00000000001092a8                GSPGPU_SetLcdForceBlack
 .text.GSPGPU_AcquireRight
                0x00000000001092dc       0x68 /opt/devkitpro/libctru/lib/libctru.a(gspgpu.o)
                0x00000000001092dc                GSPGPU_AcquireRight
 .text.GSPGPU_ReleaseRight
                0x0000000000109344       0x48 /opt/devkitpro/libctru/lib/libctru.a(gspgpu.o)
                0x0000000000109344                GSPGPU_ReleaseRight
 .text.GSPGPU_ImportDisplayCaptureInfo
                0x000000000010938c       0x7c /opt/devkitpro/libctru/lib/libctru.a(gspgpu.o)
                0x000000000010938c                GSPGPU_ImportDisplayCaptureInfo
 .text.GSPGPU_SaveVramSysArea
                0x0000000000109408       0x2c /opt/devkitpro/libctru/lib/libctru.a(gspgpu.o)
                0x0000000000109408                GSPGPU_SaveVramSysArea
 .text.GSPGPU_RestoreVramSysArea
                0x0000000000109434       0x2c /opt/devkitpro/libctru/lib/libctru.a(gspgpu.o)
                0x0000000000109434                GSPGPU_RestoreVramSysArea
 .text.aptConvertScreenForCapture
                0x0000000000109460      0x1b0 /opt/devkitpro/libctru/lib/libctru.a(apt.o)
 .text.aptDspSleep
                0x0000000000109610        0x8 /opt/devkitpro/libctru/lib/libctru.a(apt.o)
                0x0000000000109610                aptDspSleep
 .text.aptDspWakeup
                0x0000000000109618        0x4 /opt/devkitpro/libctru/lib/libctru.a(apt.o)
                0x0000000000109618                aptDspWakeup
 .text.aptDspCancel
                0x000000000010961c        0x4 /opt/devkitpro/libctru/lib/libctru.a(apt.o)
                0x000000000010961c                aptDspCancel
 .text.aptSendCommand
                0x0000000000109620      0x15c /opt/devkitpro/libctru/lib/libctru.a(apt.o)
                0x0000000000109620                aptSendCommand
 .text.aptExitProcess
                0x000000000010977c       0x38 /opt/devkitpro/libctru/lib/libctru.a(apt.o)
 .text.aptExit  0x00000000001097b4      0x2f0 /opt/devkitpro/libctru/lib/libctru.a(apt.o)
                0x00000000001097b4                aptExit
 .text.aptHandleSleep
                0x0000000000109aa4       0xd8 /opt/devkitpro/libctru/lib/libctru.a(apt.o)
                0x0000000000109aa4                aptHandleSleep
 .text.aptHook  0x0000000000109b7c       0x30 /opt/devkitpro/libctru/lib/libctru.a(apt.o)
                0x0000000000109b7c                aptHook
 .text.aptUnhook
                0x0000000000109bac       0x30 /opt/devkitpro/libctru/lib/libctru.a(apt.o)
                0x0000000000109bac                aptUnhook
 .text.APT_SleepIfShellClosed
                0x0000000000109bdc       0x84 /opt/devkitpro/libctru/lib/libctru.a(apt.o)
                0x0000000000109bdc                APT_SleepIfShellClosed
 .text.aptSetSleepAllowed
                0x0000000000109c60       0x84 /opt/devkitpro/libctru/lib/libctru.a(apt.o)
                0x0000000000109c60                aptSetSleepAllowed
 .text.APT_UnlockTransition
                0x0000000000109ce4       0x84 /opt/devkitpro/libctru/lib/libctru.a(apt.o)
                0x0000000000109ce4                APT_UnlockTransition
 .text.aptEventHandler
                0x0000000000109d68      0x484 /opt/devkitpro/libctru/lib/libctru.a(apt.o)
 .text.APT_ReceiveParameter
                0x000000000010a1ec       0xb0 /opt/devkitpro/libctru/lib/libctru.a(apt.o)
                0x000000000010a1ec                APT_ReceiveParameter
 .text.aptReceiveParameter.constprop.0
                0x000000000010a29c       0xb0 /opt/devkitpro/libctru/lib/libctru.a(apt.o)
 *fill*         0x000000000010a34c        0x4 
 .text.aptScreenTransfer
                0x000000000010a350      0x2bc /opt/devkitpro/libctru/lib/libctru.a(apt.o)
 .text.aptWaitForWakeUp.isra.0
                0x000000000010a60c      0x2d0 /opt/devkitpro/libctru/lib/libctru.a(apt.o)
 .text.aptJumpToHomeMenu
                0x000000000010a8dc       0xf8 /opt/devkitpro/libctru/lib/libctru.a(apt.o)
                0x000000000010a8dc                aptJumpToHomeMenu
 .text.aptMainLoop
                0x000000000010a9d4       0x4c /opt/devkitpro/libctru/lib/libctru.a(apt.o)
                0x000000000010a9d4                aptMainLoop
 .text.aptInit  0x000000000010aa20      0x234 /opt/devkitpro/libctru/lib/libctru.a(apt.o)
                0x000000000010aa20                aptInit
 .text.APT_CheckNew3DS
                0x000000000010ac54       0x7c /opt/devkitpro/libctru/lib/libctru.a(apt.o)
                0x000000000010ac54                APT_CheckNew3DS
 .text.hidShouldUseIrrst
                0x000000000010acd0       0x24 /opt/devkitpro/libctru/lib/libctru.a(hid.o)
                0x000000000010acd0                hidShouldUseIrrst
 .text.hidInit  0x000000000010acf4      0x18c /opt/devkitpro/libctru/lib/libctru.a(hid.o)
                0x000000000010acf4                hidInit
 .text.hidExit  0x000000000010ae80       0xe8 /opt/devkitpro/libctru/lib/libctru.a(hid.o)
                0x000000000010ae80                hidExit
 .text.hidScanInput
                0x000000000010af68      0x294 /opt/devkitpro/libctru/lib/libctru.a(hid.o)
                0x000000000010af68                hidScanInput
 .text.hidKeysHeld
                0x000000000010b1fc       0x10 /opt/devkitpro/libctru/lib/libctru.a(hid.o)
                0x000000000010b1fc                hidKeysHeld
 .text.hidKeysDown
                0x000000000010b20c       0x10 /opt/devkitpro/libctru/lib/libctru.a(hid.o)
                0x000000000010b20c                hidKeysDown
 .text.hidTouchRead
                0x000000000010b21c       0x18 /opt/devkitpro/libctru/lib/libctru.a(hid.o)
                0x000000000010b21c                hidTouchRead
 .text.hidCircleRead
                0x000000000010b234       0x18 /opt/devkitpro/libctru/lib/libctru.a(hid.o)
                0x000000000010b234                hidCircleRead
 .text.ptmSysmInit
                0x000000000010b24c       0x74 /opt/devkitpro/libctru/lib/libctru.a(ptmsysm.o)
                0x000000000010b24c                ptmSysmInit
 .text.ptmSysmExit
                0x000000000010b2c0       0x3c /opt/devkitpro/libctru/lib/libctru.a(ptmsysm.o)
                0x000000000010b2c0                ptmSysmExit
 .text.PTMSYSM_ConfigureNew3DSCPU
                0x000000000010b2fc       0x34 /opt/devkitpro/libctru/lib/libctru.a(ptmsysm.o)
                0x000000000010b2fc                PTMSYSM_ConfigureNew3DSCPU
 .text.rbtree_init
                0x000000000010b330       0x10 /opt/devkitpro/libctru/lib/libctru.a(rbtree_init.o)
                0x000000000010b330                rbtree_init
 .text.do_insert
                0x000000000010b340      0x1a0 /opt/devkitpro/libctru/lib/libctru.a(rbtree_insert.o)
 .text.rbtree_insert
                0x000000000010b4e0        0x8 /opt/devkitpro/libctru/lib/libctru.a(rbtree_insert.o)
                0x000000000010b4e0                rbtree_insert
 .text.rbtree_rotate
                0x000000000010b4e8       0x90 /opt/devkitpro/libctru/lib/libctru.a(rbtree_rotate.o)
                0x000000000010b4e8                rbtree_rotate
 .text.rbtree_remove
                0x000000000010b578      0x338 /opt/devkitpro/libctru/lib/libctru.a(rbtree_remove.o)
                0x000000000010b578                rbtree_remove
 .text.rbtree_find
                0x000000000010b8b0       0x74 /opt/devkitpro/libctru/lib/libctru.a(rbtree_find.o)
                0x000000000010b8b0                rbtree_find
 *fill*         0x000000000010b924        0x4 
 .text.__system_allocateHeaps
                0x000000000010b928      0x1e0 /opt/devkitpro/libctru/lib/libctru.a(allocateHeaps.o)
                0x000000000010b928                __system_allocateHeaps
 .text.__libctru_init
                0x000000000010bb08       0x38 /opt/devkitpro/libctru/lib/libctru.a(ctru_init.o)
                0x000000000010bb08                __libctru_init
 .text.__system_initArgv
                0x000000000010bb40       0xf0 /opt/devkitpro/libctru/lib/libctru.a(initArgv.o)
                0x000000000010bb40                __system_initArgv
 .text.svcControlMemory
                0x000000000010bc30       0x20 /opt/devkitpro/libctru/lib/libctru.a(svc.o)
                0x000000000010bc30                svcControlMemory
 .text.svcQueryMemory
                0x000000000010bc50       0x30 /opt/devkitpro/libctru/lib/libctru.a(svc.o)
                0x000000000010bc50                svcQueryMemory
 .text.svcExitProcess
                0x000000000010bc80        0x8 /opt/devkitpro/libctru/lib/libctru.a(svc.o)
                0x000000000010bc80                svcExitProcess
 .text.svcCreateThread
                0x000000000010bc88       0x20 /opt/devkitpro/libctru/lib/libctru.a(svc.o)
                0x000000000010bc88                svcCreateThread
 .text.svcExitThread
                0x000000000010bca8        0x8 /opt/devkitpro/libctru/lib/libctru.a(svc.o)
                0x000000000010bca8                svcExitThread
 .text.svcSleepThread
                0x000000000010bcb0        0x8 /opt/devkitpro/libctru/lib/libctru.a(svc.o)
                0x000000000010bcb0                svcSleepThread
 .text.svcReleaseMutex
                0x000000000010bcb8        0x8 /opt/devkitpro/libctru/lib/libctru.a(svc.o)
                0x000000000010bcb8                svcReleaseMutex
 .text.svcCreateEvent
                0x000000000010bcc0       0x14 /opt/devkitpro/libctru/lib/libctru.a(svc.o)
                0x000000000010bcc0                svcCreateEvent
 .text.svcSignalEvent
                0x000000000010bcd4        0x8 /opt/devkitpro/libctru/lib/libctru.a(svc.o)
                0x000000000010bcd4                svcSignalEvent
 .text.svcClearEvent
                0x000000000010bcdc        0x8 /opt/devkitpro/libctru/lib/libctru.a(svc.o)
                0x000000000010bcdc                svcClearEvent
 .text.svcMapMemoryBlock
                0x000000000010bce4        0x8 /opt/devkitpro/libctru/lib/libctru.a(svc.o)
                0x000000000010bce4                svcMapMemoryBlock
 .text.svcUnmapMemoryBlock
                0x000000000010bcec        0x8 /opt/devkitpro/libctru/lib/libctru.a(svc.o)
                0x000000000010bcec                svcUnmapMemoryBlock
 .text.svcCreateAddressArbiter
                0x000000000010bcf4       0x14 /opt/devkitpro/libctru/lib/libctru.a(svc.o)
                0x000000000010bcf4                svcCreateAddressArbiter
 .text.svcArbitrateAddressNoTimeout
                0x000000000010bd08        0x8 /opt/devkitpro/libctru/lib/libctru.a(svc.o)
                0x000000000010bd08                svcArbitrateAddressNoTimeout
 .text.svcCloseHandle
                0x000000000010bd10        0x8 /opt/devkitpro/libctru/lib/libctru.a(svc.o)
                0x000000000010bd10                svcCloseHandle
 .text.svcWaitSynchronization
                0x000000000010bd18        0x8 /opt/devkitpro/libctru/lib/libctru.a(svc.o)
                0x000000000010bd18                svcWaitSynchronization
 .text.svcWaitSynchronizationN
                0x000000000010bd20       0x28 /opt/devkitpro/libctru/lib/libctru.a(svc.o)
                0x000000000010bd20                svcWaitSynchronizationN
 .text.svcDuplicateHandle
                0x000000000010bd48       0x14 /opt/devkitpro/libctru/lib/libctru.a(svc.o)
                0x000000000010bd48                svcDuplicateHandle
 .text.svcGetSystemTick
                0x000000000010bd5c        0x8 /opt/devkitpro/libctru/lib/libctru.a(svc.o)
                0x000000000010bd5c                svcGetSystemTick
 .text.svcConnectToPort
                0x000000000010bd64       0x14 /opt/devkitpro/libctru/lib/libctru.a(svc.o)
                0x000000000010bd64                svcConnectToPort
 .text.svcSendSyncRequest
                0x000000000010bd78        0x8 /opt/devkitpro/libctru/lib/libctru.a(svc.o)
                0x000000000010bd78                svcSendSyncRequest
 .text.svcGetResourceLimit
                0x000000000010bd80       0x14 /opt/devkitpro/libctru/lib/libctru.a(svc.o)
                0x000000000010bd80                svcGetResourceLimit
 .text.svcGetResourceLimitLimitValues
                0x000000000010bd94        0x8 /opt/devkitpro/libctru/lib/libctru.a(svc.o)
                0x000000000010bd94                svcGetResourceLimitLimitValues
 .text.svcGetResourceLimitCurrentValues
                0x000000000010bd9c        0x8 /opt/devkitpro/libctru/lib/libctru.a(svc.o)
                0x000000000010bd9c                svcGetResourceLimitCurrentValues
 .text.svcBreak
                0x000000000010bda4        0x8 /opt/devkitpro/libctru/lib/libctru.a(svc.o)
                0x000000000010bda4                svcBreak
 .text.initSystem
                0x000000000010bdac       0x50 /opt/devkitpro/libctru/lib/libctru.a(stack_adjust.o)
                0x000000000010bdac                initSystem
 .text.__ctru_exit
                0x000000000010bdfc       0x18 /opt/devkitpro/libctru/lib/libctru.a(stack_adjust.o)
                0x000000000010bdfc                __ctru_exit
 .text.__sync_init
                0x000000000010be14        0xc /opt/devkitpro/libctru/lib/libctru.a(synchronization.o)
                0x000000000010be14                __sync_init
 .text.__sync_fini
                0x000000000010be20       0x18 /opt/devkitpro/libctru/lib/libctru.a(synchronization.o)
                0x000000000010be20                __sync_fini
 .text.syncArbitrateAddress
                0x000000000010be38       0x2c /opt/devkitpro/libctru/lib/libctru.a(synchronization.o)
                0x000000000010be38                syncArbitrateAddress
 .text.LightLock_Init
                0x000000000010be64       0x1c /opt/devkitpro/libctru/lib/libctru.a(synchronization.o)
                0x000000000010be64                LightLock_Init
 .text.LightLock_Lock
                0x000000000010be80       0x94 /opt/devkitpro/libctru/lib/libctru.a(synchronization.o)
                0x000000000010be80                LightLock_Lock
 .text.LightLock_TryLock
                0x000000000010bf14       0x44 /opt/devkitpro/libctru/lib/libctru.a(synchronization.o)
                0x000000000010bf14                LightLock_TryLock
 .text.LightLock_Unlock
                0x000000000010bf58       0x40 /opt/devkitpro/libctru/lib/libctru.a(synchronization.o)
                0x000000000010bf58                LightLock_Unlock
 .text.RecursiveLock_Init
                0x000000000010bf98       0x24 /opt/devkitpro/libctru/lib/libctru.a(synchronization.o)
                0x000000000010bf98                RecursiveLock_Init
 .text.RecursiveLock_Lock
                0x000000000010bfbc       0x30 /opt/devkitpro/libctru/lib/libctru.a(synchronization.o)
                0x000000000010bfbc                RecursiveLock_Lock
 .text.RecursiveLock_TryLock
                0x000000000010bfec       0x78 /opt/devkitpro/libctru/lib/libctru.a(synchronization.o)
                0x000000000010bfec                RecursiveLock_TryLock
 .text.RecursiveLock_Unlock
                0x000000000010c064       0x54 /opt/devkitpro/libctru/lib/libctru.a(synchronization.o)
                0x000000000010c064                RecursiveLock_Unlock
 .text.LightEvent_Init
                0x000000000010c0b8       0x40 /opt/devkitpro/libctru/lib/libctru.a(synchronization.o)
                0x000000000010c0b8                LightEvent_Init
 .text.LightEvent_Clear
                0x000000000010c0f8       0xa4 /opt/devkitpro/libctru/lib/libctru.a(synchronization.o)
                0x000000000010c0f8                LightEvent_Clear
 .text.LightEvent_Signal
                0x000000000010c19c       0xc8 /opt/devkitpro/libctru/lib/libctru.a(synchronization.o)
                0x000000000010c19c                LightEvent_Signal
 .text.LightEvent_TryWait
                0x000000000010c264       0x58 /opt/devkitpro/libctru/lib/libctru.a(synchronization.o)
                0x000000000010c264                LightEvent_TryWait
 .text.LightEvent_Wait
                0x000000000010c2bc       0xb0 /opt/devkitpro/libctru/lib/libctru.a(synchronization.o)
                0x000000000010c2bc                LightEvent_Wait
 .text.srvInit  0x000000000010c36c      0x124 /opt/devkitpro/libctru/lib/libctru.a(srv.o)
                0x000000000010c36c                srvInit
 .text.srvExit  0x000000000010c490       0x58 /opt/devkitpro/libctru/lib/libctru.a(srv.o)
                0x000000000010c490                srvExit
 .text.srvGetServiceHandleDirect
                0x000000000010c4e8       0x80 /opt/devkitpro/libctru/lib/libctru.a(srv.o)
                0x000000000010c4e8                srvGetServiceHandleDirect
 .text.srvGetServiceHandle
                0x000000000010c568       0x48 /opt/devkitpro/libctru/lib/libctru.a(srv.o)
                0x000000000010c568                srvGetServiceHandle
 .text.srvPublishToSubscriber
                0x000000000010c5b0       0x38 /opt/devkitpro/libctru/lib/libctru.a(srv.o)
                0x000000000010c5b0                srvPublishToSubscriber
 .text.threadCreate
                0x000000000010c5e8      0x188 /opt/devkitpro/libctru/lib/libctru.a(thread.o)
                0x000000000010c5e8                threadCreate
 .text.threadFree
                0x000000000010c770       0x2c /opt/devkitpro/libctru/lib/libctru.a(thread.o)
                0x000000000010c770                threadFree
 .text.threadJoin
                0x000000000010c79c       0x24 /opt/devkitpro/libctru/lib/libctru.a(thread.o)
                0x000000000010c79c                threadJoin
 .text.threadGetCurrent
                0x000000000010c7c0       0x30 /opt/devkitpro/libctru/lib/libctru.a(thread.o)
                0x000000000010c7c0                threadGetCurrent
 .text.threadExit
                0x000000000010c7f0       0x40 /opt/devkitpro/libctru/lib/libctru.a(thread.o)
                0x000000000010c7f0                threadExit
 .text._thread_begin
                0x000000000010c830       0x44 /opt/devkitpro/libctru/lib/libctru.a(thread.o)
 .text.mappableFindAddressWithin
                0x000000000010c874       0x94 /opt/devkitpro/libctru/lib/libctru.a(mappable.o)
 .text.mappableInit
                0x000000000010c908       0x28 /opt/devkitpro/libctru/lib/libctru.a(mappable.o)
                0x000000000010c908                mappableInit
 .text.mappableAlloc
                0x000000000010c930       0x80 /opt/devkitpro/libctru/lib/libctru.a(mappable.o)
                0x000000000010c930                mappableAlloc
 .text.mappableFree
                0x000000000010c9b0        0x4 /opt/devkitpro/libctru/lib/libctru.a(mappable.o)
                0x000000000010c9b0                mappableFree
 .text.irrstInit
                0x000000000010c9b4      0x160 /opt/devkitpro/libctru/lib/libctru.a(irrst.o)
                0x000000000010c9b4                irrstInit
 .text.irrstExit
                0x000000000010cb14       0xcc /opt/devkitpro/libctru/lib/libctru.a(irrst.o)
                0x000000000010cb14                irrstExit
 .text.irrstScanInput
                0x000000000010cbe0       0xb0 /opt/devkitpro/libctru/lib/libctru.a(irrst.o)
                0x000000000010cbe0                irrstScanInput
 .text.irrstKeysHeld
                0x000000000010cc90       0x24 /opt/devkitpro/libctru/lib/libctru.a(irrst.o)
                0x000000000010cc90                irrstKeysHeld
 .text.srvPmGetSessionHandle
                0x000000000010ccb4        0xc /opt/devkitpro/libctru/lib/libctru.a(srvpm.o)
                0x000000000010ccb4                srvPmGetSessionHandle
 .text.rbtree_node_next
                0x000000000010ccc0       0x50 /opt/devkitpro/libctru/lib/libctru.a(rbtree_iterator.o)
                0x000000000010ccc0                rbtree_node_next
 .text.__appInit
                0x000000000010cd10       0x30 /opt/devkitpro/libctru/lib/libctru.a(appInit.o)
                0x000000000010cd10                __appInit
 .text.__libctru_nanosleep
                0x000000000010cd40       0x30 /opt/devkitpro/libctru/lib/libctru.a(syscalls.o)
 .text.__libctru_get_reent
                0x000000000010cd70       0x30 /opt/devkitpro/libctru/lib/libctru.a(syscalls.o)
 .text.__system_initSyscalls
                0x000000000010cda0       0xf8 /opt/devkitpro/libctru/lib/libctru.a(syscalls.o)
                0x000000000010cda0                __system_initSyscalls
 .text.__appExit
                0x000000000010ce98       0x30 /opt/devkitpro/libctru/lib/libctru.a(appExit.o)
                0x000000000010ce98                __appExit
 .text.__libctru_exit
                0x000000000010cec8       0x90 /opt/devkitpro/libctru/lib/libctru.a(ctru_exit.o)
                0x000000000010cec8                __libctru_exit
 .text.envGetHandle
                0x000000000010cf58       0x84 /opt/devkitpro/libctru/lib/libctru.a(env.o)
                0x000000000010cf58                envGetHandle
 .text.envDestroyHandles
                0x000000000010cfdc       0x50 /opt/devkitpro/libctru/lib/libctru.a(env.o)
                0x000000000010cfdc                envDestroyHandles
 .text.archive_link
                0x000000000010d02c       0x14 /opt/devkitpro/libctru/lib/libctru.a(archive_dev.o)
 .text.archive_dirreset
                0x000000000010d040       0x14 /opt/devkitpro/libctru/lib/libctru.a(archive_dev.o)
 .text.archive_chmod
                0x000000000010d054       0x14 /opt/devkitpro/libctru/lib/libctru.a(archive_dev.o)
 .text.error_cmp
                0x000000000010d068       0x24 /opt/devkitpro/libctru/lib/libctru.a(archive_dev.o)
 .text.archive_translate_error
                0x000000000010d08c       0x50 /opt/devkitpro/libctru/lib/libctru.a(archive_dev.o)
 .text.archive_seek
                0x000000000010d0dc       0xd4 /opt/devkitpro/libctru/lib/libctru.a(archive_dev.o)
 .text._archiveInit.part.0
                0x000000000010d1b0       0x7c /opt/devkitpro/libctru/lib/libctru.a(archive_dev.o)
 .text.archiveFindDevice.part.0
                0x000000000010d22c       0x8c /opt/devkitpro/libctru/lib/libctru.a(archive_dev.o)
 .text.archive_utf16path
                0x000000000010d2b8      0x294 /opt/devkitpro/libctru/lib/libctru.a(archive_dev.o)
 .text._archiveUnmountDeviceStruct.part.0
                0x000000000010d54c       0xa0 /opt/devkitpro/libctru/lib/libctru.a(archive_dev.o)
 .text.archive_fchmod
                0x000000000010d5ec       0x14 /opt/devkitpro/libctru/lib/libctru.a(archive_dev.o)
 .text.archive_statvfs
                0x000000000010d600       0x14 /opt/devkitpro/libctru/lib/libctru.a(archive_dev.o)
 .text._archiveMountDevice
                0x000000000010d614      0x158 /opt/devkitpro/libctru/lib/libctru.a(archive_dev.o)
 .text.archive_diropen
                0x000000000010d76c       0xe8 /opt/devkitpro/libctru/lib/libctru.a(archive_dev.o)
 .text.archive_fstat
                0x000000000010d854       0xa4 /opt/devkitpro/libctru/lib/libctru.a(archive_dev.o)
 .text.archive_close
                0x000000000010d8f8       0x6c /opt/devkitpro/libctru/lib/libctru.a(archive_dev.o)
 .text.archive_fsync
                0x000000000010d964       0x6c /opt/devkitpro/libctru/lib/libctru.a(archive_dev.o)
 .text.archive_dirclose
                0x000000000010d9d0       0x70 /opt/devkitpro/libctru/lib/libctru.a(archive_dev.o)
 .text.sdmc_statvfs
                0x000000000010da40       0xe8 /opt/devkitpro/libctru/lib/libctru.a(archive_dev.o)
 .text.archive_ftruncate
                0x000000000010db28       0x80 /opt/devkitpro/libctru/lib/libctru.a(archive_dev.o)
 .text.archive_chdir
                0x000000000010dba8       0xfc /opt/devkitpro/libctru/lib/libctru.a(archive_dev.o)
 .text.archive_read
                0x000000000010dca4       0xb0 /opt/devkitpro/libctru/lib/libctru.a(archive_dev.o)
 .text.archive_unlink
                0x000000000010dd54       0xac /opt/devkitpro/libctru/lib/libctru.a(archive_dev.o)
 .text.archive_rmdir
                0x000000000010de00       0xc8 /opt/devkitpro/libctru/lib/libctru.a(archive_dev.o)
 .text.archive_mkdir
                0x000000000010dec8       0xec /opt/devkitpro/libctru/lib/libctru.a(archive_dev.o)
 .text.archive_stat
                0x000000000010dfb4      0x1a8 /opt/devkitpro/libctru/lib/libctru.a(archive_dev.o)
 .text.archive_rename
                0x000000000010e15c      0x184 /opt/devkitpro/libctru/lib/libctru.a(archive_dev.o)
 .text.archive_dirnext
                0x000000000010e2e0      0x168 /opt/devkitpro/libctru/lib/libctru.a(archive_dev.o)
 .text.archive_write
                0x000000000010e448      0x12c /opt/devkitpro/libctru/lib/libctru.a(archive_dev.o)
 .text.archive_open
                0x000000000010e574      0x1f0 /opt/devkitpro/libctru/lib/libctru.a(archive_dev.o)
 .text.archiveMountSdmc
                0x000000000010e764      0x1a4 /opt/devkitpro/libctru/lib/libctru.a(archive_dev.o)
                0x000000000010e764                archiveMountSdmc
 .text.archiveUnmountAll
                0x000000000010e908       0x54 /opt/devkitpro/libctru/lib/libctru.a(archive_dev.o)
                0x000000000010e908                archiveUnmountAll
 .text.fsInit   0x000000000010e95c       0xc8 /opt/devkitpro/libctru/lib/libctru.a(fs.o)
                0x000000000010e95c                fsInit
 .text.fsExit   0x000000000010ea24       0x3c /opt/devkitpro/libctru/lib/libctru.a(fs.o)
                0x000000000010ea24                fsExit
 .text.fsExemptFromSession
                0x000000000010ea60       0x60 /opt/devkitpro/libctru/lib/libctru.a(fs.o)
                0x000000000010ea60                fsExemptFromSession
 .text.fsUnexemptFromSession
                0x000000000010eac0       0x50 /opt/devkitpro/libctru/lib/libctru.a(fs.o)
                0x000000000010eac0                fsUnexemptFromSession
 .text.FSUSER_OpenFile
                0x000000000010eb10       0xcc /opt/devkitpro/libctru/lib/libctru.a(fs.o)
                0x000000000010eb10                FSUSER_OpenFile
 .text.FSUSER_DeleteFile
                0x000000000010ebdc       0xbc /opt/devkitpro/libctru/lib/libctru.a(fs.o)
                0x000000000010ebdc                FSUSER_DeleteFile
 .text.FSUSER_RenameFile
                0x000000000010ec98       0xf8 /opt/devkitpro/libctru/lib/libctru.a(fs.o)
                0x000000000010ec98                FSUSER_RenameFile
 .text.FSUSER_DeleteDirectory
                0x000000000010ed90       0xbc /opt/devkitpro/libctru/lib/libctru.a(fs.o)
                0x000000000010ed90                FSUSER_DeleteDirectory
 .text.FSUSER_CreateFile
                0x000000000010ee4c       0xd4 /opt/devkitpro/libctru/lib/libctru.a(fs.o)
                0x000000000010ee4c                FSUSER_CreateFile
 .text.FSUSER_CreateDirectory
                0x000000000010ef20       0xc4 /opt/devkitpro/libctru/lib/libctru.a(fs.o)
                0x000000000010ef20                FSUSER_CreateDirectory
 .text.FSUSER_RenameDirectory
                0x000000000010efe4       0xf8 /opt/devkitpro/libctru/lib/libctru.a(fs.o)
                0x000000000010efe4                FSUSER_RenameDirectory
 .text.FSUSER_OpenDirectory
                0x000000000010f0dc       0xb4 /opt/devkitpro/libctru/lib/libctru.a(fs.o)
                0x000000000010f0dc                FSUSER_OpenDirectory
 .text.FSUSER_OpenArchive
                0x000000000010f190       0x94 /opt/devkitpro/libctru/lib/libctru.a(fs.o)
                0x000000000010f190                FSUSER_OpenArchive
 .text.FSUSER_CloseArchive
                0x000000000010f224       0x8c /opt/devkitpro/libctru/lib/libctru.a(fs.o)
                0x000000000010f224                FSUSER_CloseArchive
 .text.FSUSER_GetSdmcArchiveResource
                0x000000000010f2b0       0x74 /opt/devkitpro/libctru/lib/libctru.a(fs.o)
                0x000000000010f2b0                FSUSER_GetSdmcArchiveResource
 .text.FSUSER_IsSdmcWritable
                0x000000000010f324       0x64 /opt/devkitpro/libctru/lib/libctru.a(fs.o)
                0x000000000010f324                FSUSER_IsSdmcWritable
 .text.FSFILE_Read
                0x000000000010f388       0x58 /opt/devkitpro/libctru/lib/libctru.a(fs.o)
                0x000000000010f388                FSFILE_Read
 .text.FSFILE_Write
                0x000000000010f3e0       0x60 /opt/devkitpro/libctru/lib/libctru.a(fs.o)
                0x000000000010f3e0                FSFILE_Write
 .text.FSFILE_GetSize
                0x000000000010f440       0x38 /opt/devkitpro/libctru/lib/libctru.a(fs.o)
                0x000000000010f440                FSFILE_GetSize
 .text.FSFILE_SetSize
                0x000000000010f478       0x28 /opt/devkitpro/libctru/lib/libctru.a(fs.o)
                0x000000000010f478                FSFILE_SetSize
 .text.FSFILE_Close
                0x000000000010f4a0       0x3c /opt/devkitpro/libctru/lib/libctru.a(fs.o)
                0x000000000010f4a0                FSFILE_Close
 .text.FSFILE_Flush
                0x000000000010f4dc       0x24 /opt/devkitpro/libctru/lib/libctru.a(fs.o)
                0x000000000010f4dc                FSFILE_Flush
 .text.FSDIR_Read
                0x000000000010f500       0x50 /opt/devkitpro/libctru/lib/libctru.a(fs.o)
                0x000000000010f500                FSDIR_Read
 .text.FSDIR_Close
                0x000000000010f550       0x3c /opt/devkitpro/libctru/lib/libctru.a(fs.o)
                0x000000000010f550                FSDIR_Close
 .text.utf16_to_utf8
                0x000000000010f58c       0xe8 /opt/devkitpro/libctru/lib/libctru.a(utf16_to_utf8.o)
                0x000000000010f58c                utf16_to_utf8
 .text.decode_utf16
                0x000000000010f674       0x64 /opt/devkitpro/libctru/lib/libctru.a(decode_utf16.o)
                0x000000000010f674                decode_utf16
 .text.decode_utf8
                0x000000000010f6d8      0x13c /opt/devkitpro/libctru/lib/libctru.a(decode_utf8.o)
                0x000000000010f6d8                decode_utf8
 .text.utf8_to_utf16
                0x000000000010f814       0xc0 /opt/devkitpro/libctru/lib/libctru.a(utf8_to_utf16.o)
                0x000000000010f814                utf8_to_utf16
 .text.__aeabi_read_tp
                0x000000000010f8d4        0xc /opt/devkitpro/libctru/lib/libctru.a(readtp.o)
                0x000000000010f8d4                __aeabi_read_tp
 .text.encode_utf16
                0x000000000010f8e0       0x60 /opt/devkitpro/libctru/lib/libctru.a(encode_utf16.o)
                0x000000000010f8e0                encode_utf16
 .text.encode_utf8
                0x000000000010f940       0xfc /opt/devkitpro/libctru/lib/libctru.a(encode_utf8.o)
                0x000000000010f940                encode_utf8
 .text.hypotf   0x000000000010fa3c       0x68 /opt/devkitpro/devkitARM/bin/../lib/gcc/arm-none-eabi/11.1.0/../../../../arm-none-eabi/lib/armv6k/fpu/libstdc++.a(math_stubs_float.o)
                0x000000000010fa3c                hypotf
 *fill*         0x000000000010faa4        0x4 
 .text.cosf     0x000000000010faa8      0x22c /opt/devkitpro/devkitARM/bin/../lib/gcc/arm-none-eabi/11.1.0/../../../../arm-none-eabi/lib/armv6k/fpu/libm.a(lib_a-cosf.o)
                0x000000000010faa8                cosf
 .text.with_errnof
                0x000000000010fcd4       0x24 /opt/devkitpro/devkitARM/bin/../lib/gcc/arm-none-eabi/11.1.0/../../../../arm-none-eabi/lib/armv6k/fpu/libm.a(lib_a-math_errf.o)
 .text.__math_invalidf
                0x000000000010fcf8       0x1c /opt/devkitpro/devkitARM/bin/../lib/gcc/arm-none-eabi/11.1.0/../../../../arm-none-eabi/lib/armv6k/fpu/libm.a(lib_a-math_errf.o)
                0x000000000010fcf8                __math_invalidf
 .text.atanf    0x000000000010fd14      0x1f8 /opt/devkitpro/devkitARM/bin/../lib/gcc/arm-none-eabi/11.1.0/../../../../arm-none-eabi/lib/armv6k/fpu/libm.a(lib_a-sf_atan.o)
                0x000000000010fd14                atanf
 .text.fabsf    0x000000000010ff0c       0x10 /opt/devkitpro/devkitARM/bin/../lib/gcc/arm-none-eabi/11.1.0/../../../../arm-none-eabi/lib/armv6k/fpu/libm.a(lib_a-sf_fabs.o)
                0x000000000010ff0c                fabsf
 *fill*         0x000000000010ff1c        0x4 
 .text.sinf     0x000000000010ff20      0x26c /opt/devkitpro/devkitARM/bin/../lib/gcc/arm-none-eabi/11.1.0/../../../../arm-none-eabi/lib/armv6k/fpu/libm.a(lib_a-sinf.o)
                0x000000000010ff20                sinf
 .text.sqrtf    0x000000000011018c       0x50 /opt/devkitpro/devkitARM/bin/../lib/gcc/arm-none-eabi/11.1.0/../../../../arm-none-eabi/lib/armv6k/fpu/libm.a(lib_a-wf_sqrt.o)
                0x000000000011018c                sqrtf
 .text.__ieee754_sqrtf
                0x00000000001101dc        0x8 /opt/devkitpro/devkitARM/bin/../lib/gcc/arm-none-eabi/11.1.0/../../../../arm-none-eabi/lib/armv6k/fpu/libm.a(lib_a-ef_sqrt.o)
                0x00000000001101dc                __ieee754_sqrtf
 .text.__udivmoddi4
                0x00000000001101e4      0x120 /opt/devkitpro/devkitARM/bin/../lib/gcc/arm-none-eabi/11.1.0/armv6k/fpu/libgcc.a(_udivmoddi4.o)
                0x00000000001101e4                __udivmoddi4
 .text.bsearch  0x0000000000110304       0x78 /opt/devkitpro/devkitARM/bin/../lib/gcc/arm-none-eabi/11.1.0/../../../../arm-none-eabi/lib/armv6k/fpu/libg.a(lib_a-bsearch.o)
                0x0000000000110304                bsearch
 .text.calloc   0x000000000011037c       0x28 /opt/devkitpro/devkitARM/bin/../lib/gcc/arm-none-eabi/11.1.0/../../../../arm-none-eabi/lib/armv6k/fpu/libg.a(lib_a-calloc.o)
                0x000000000011037c                calloc
 .text._calloc_r
                0x00000000001103a4       0xbc /opt/devkitpro/devkitARM/bin/../lib/gcc/arm-none-eabi/11.1.0/../../../../arm-none-eabi/lib/armv6k/fpu/libg.a(lib_a-callocr.o)
                0x00000000001103a4                _calloc_r
 .text.__errno  0x0000000000110460        0xc /opt/devkitpro/devkitARM/bin/../lib/gcc/arm-none-eabi/11.1.0/../../../../arm-none-eabi/lib/armv6k/fpu/libg.a(lib_a-errno.o)
                0x0000000000110460                __errno
 .text.exit     0x000000000011046c       0x34 /opt/devkitpro/devkitARM/bin/../lib/gcc/arm-none-eabi/11.1.0/../../../../arm-none-eabi/lib/armv6k/fpu/libg.a(lib_a-exit.o)
                0x000000000011046c                exit
 .text.__libc_fini_array
                0x00000000001104a0       0x3c /opt/devkitpro/devkitARM/bin/../lib/gcc/arm-none-eabi/11.1.0/../../../../arm-none-eabi/lib/armv6k/fpu/libg.a(lib_a-fini.o)
                0x00000000001104a0                __libc_fini_array
 .text.__libc_init_array
                0x00000000001104dc       0x7c /opt/devkitpro/devkitARM/bin/../lib/gcc/arm-none-eabi/11.1.0/../../../../arm-none-eabi/lib/armv6k/fpu/libg.a(lib_a-init.o)
                0x00000000001104dc                __libc_init_array
 .text.memalign
                0x0000000000110558       0x28 /opt/devkitpro/devkitARM/bin/../lib/gcc/arm-none-eabi/11.1.0/../../../../arm-none-eabi/lib/armv6k/fpu/libg.a(lib_a-malign.o)
                0x0000000000110558                memalign
 .text._memalign_r
                0x0000000000110580      0x150 /opt/devkitpro/devkitARM/bin/../lib/gcc/arm-none-eabi/11.1.0/../../../../arm-none-eabi/lib/armv6k/fpu/libg.a(lib_a-malignr.o)
                0x0000000000110580                _memalign_r
 .text.malloc   0x00000000001106d0       0x20 /opt/devkitpro/devkitARM/bin/../lib/gcc/arm-none-eabi/11.1.0/../../../../arm-none-eabi/lib/armv6k/fpu/libg.a(lib_a-malloc.o)
                0x00000000001106d0                malloc
 .text.free     0x00000000001106f0       0x20 /opt/devkitpro/devkitARM/bin/../lib/gcc/arm-none-eabi/11.1.0/../../../../arm-none-eabi/lib/armv6k/fpu/libg.a(lib_a-malloc.o)
                0x00000000001106f0                free
 .text._malloc_r
                0x0000000000110710      0x7e0 /opt/devkitpro/devkitARM/bin/../lib/gcc/arm-none-eabi/11.1.0/../../../../arm-none-eabi/lib/armv6k/fpu/libg.a(lib_a-mallocr.o)
                0x0000000000110710                _malloc_r
 .text.memchr   0x0000000000110ef0       0xe0 /opt/devkitpro/devkitARM/bin/../lib/gcc/arm-none-eabi/11.1.0/../../../../arm-none-eabi/lib/armv6k/fpu/libg.a(lib_a-memchr-stub.o)
                0x0000000000110ef0                memchr
 .text.memcpy   0x0000000000110fd0      0x11c /opt/devkitpro/devkitARM/bin/../lib/gcc/arm-none-eabi/11.1.0/../../../../arm-none-eabi/lib/armv6k/fpu/libg.a(lib_a-memcpy-stub.o)
                0x0000000000110fd0                memcpy
 .text.memset   0x00000000001110ec      0x118 /opt/devkitpro/devkitARM/bin/../lib/gcc/arm-none-eabi/11.1.0/../../../../arm-none-eabi/lib/armv6k/fpu/libg.a(lib_a-memset.o)
                0x00000000001110ec                memset
 .text.__malloc_lock
                0x0000000000111204        0xc /opt/devkitpro/devkitARM/bin/../lib/gcc/arm-none-eabi/11.1.0/../../../../arm-none-eabi/lib/armv6k/fpu/libg.a(lib_a-mlock.o)
                0x0000000000111204                __malloc_lock
 .text.__malloc_unlock
                0x0000000000111210        0xc /opt/devkitpro/devkitARM/bin/../lib/gcc/arm-none-eabi/11.1.0/../../../../arm-none-eabi/lib/armv6k/fpu/libg.a(lib_a-mlock.o)
                0x0000000000111210                __malloc_unlock
 .text.printf   0x000000000011121c       0x34 /opt/devkitpro/devkitARM/bin/../lib/gcc/arm-none-eabi/11.1.0/../../../../arm-none-eabi/lib/armv6k/fpu/libg.a(lib_a-printf.o)
                0x000000000011121c                printf
 .text.setvbuf  0x0000000000111250      0x260 /opt/devkitpro/devkitARM/bin/../lib/gcc/arm-none-eabi/11.1.0/../../../../arm-none-eabi/lib/armv6k/fpu/libg.a(lib_a-setvbuf.o)
                0x0000000000111250                setvbuf
 .text.sscanf   0x00000000001114b0       0x74 /opt/devkitpro/devkitARM/bin/../lib/gcc/arm-none-eabi/11.1.0/../../../../arm-none-eabi/lib/armv6k/fpu/libg.a(lib_a-sscanf.o)
                0x00000000001114b0                sscanf
 .text.__sread  0x0000000000111524       0x44 /opt/devkitpro/devkitARM/bin/../lib/gcc/arm-none-eabi/11.1.0/../../../../arm-none-eabi/lib/armv6k/fpu/libg.a(lib_a-stdio.o)
                0x0000000000111524                __sread
 .text.__seofread
                0x0000000000111568        0x8 /opt/devkitpro/devkitARM/bin/../lib/gcc/arm-none-eabi/11.1.0/../../../../arm-none-eabi/lib/armv6k/fpu/libg.a(lib_a-stdio.o)
                0x0000000000111568                __seofread
 .text.__swrite
                0x0000000000111570       0x68 /opt/devkitpro/devkitARM/bin/../lib/gcc/arm-none-eabi/11.1.0/../../../../arm-none-eabi/lib/armv6k/fpu/libg.a(lib_a-stdio.o)
                0x0000000000111570                __swrite
 .text.__sseek  0x00000000001115d8       0x48 /opt/devkitpro/devkitARM/bin/../lib/gcc/arm-none-eabi/11.1.0/../../../../arm-none-eabi/lib/armv6k/fpu/libg.a(lib_a-stdio.o)
                0x00000000001115d8                __sseek
 .text.__sclose
                0x0000000000111620        0x8 /opt/devkitpro/devkitARM/bin/../lib/gcc/arm-none-eabi/11.1.0/../../../../arm-none-eabi/lib/armv6k/fpu/libg.a(lib_a-stdio.o)
                0x0000000000111620                __sclose
 .text.strlen   0x0000000000111628       0x5c /opt/devkitpro/devkitARM/bin/../lib/gcc/arm-none-eabi/11.1.0/../../../../arm-none-eabi/lib/armv6k/fpu/libg.a(lib_a-strlen-stub.o)
                0x0000000000111628                strlen
 .text.strncat  0x0000000000111684       0xec /opt/devkitpro/devkitARM/bin/../lib/gcc/arm-none-eabi/11.1.0/../../../../arm-none-eabi/lib/armv6k/fpu/libg.a(lib_a-strncat.o)
                0x0000000000111684                strncat
 .text.strncmp  0x0000000000111770       0xdc /opt/devkitpro/devkitARM/bin/../lib/gcc/arm-none-eabi/11.1.0/../../../../arm-none-eabi/lib/armv6k/fpu/libg.a(lib_a-strncmp.o)
                0x0000000000111770                strncmp
 .text.strncpy  0x000000000011184c       0xc0 /opt/devkitpro/devkitARM/bin/../lib/gcc/arm-none-eabi/11.1.0/../../../../arm-none-eabi/lib/armv6k/fpu/libg.a(lib_a-strncpy.o)
                0x000000000011184c                strncpy
 .text.strnlen  0x000000000011190c       0x48 /opt/devkitpro/devkitARM/bin/../lib/gcc/arm-none-eabi/11.1.0/../../../../arm-none-eabi/lib/armv6k/fpu/libg.a(lib_a-strnlen.o)
                0x000000000011190c                strnlen
 .text.get_arg  0x0000000000111954       0x50 /opt/devkitpro/devkitARM/bin/../lib/gcc/arm-none-eabi/11.1.0/../../../../arm-none-eabi/lib/armv6k/fpu/libg.a(lib_a-svfscanf.o)
 .text.__ssvfscanf_r
                0x00000000001119a4     0x2bbc /opt/devkitpro/devkitARM/bin/../lib/gcc/arm-none-eabi/11.1.0/../../../../arm-none-eabi/lib/armv6k/fpu/libg.a(lib_a-svfscanf.o)
                0x00000000001119a4                __ssvfscanf_r
 .text.get_arg  0x0000000000114560      0x628 /opt/devkitpro/devkitARM/bin/../lib/gcc/arm-none-eabi/11.1.0/../../../../arm-none-eabi/lib/armv6k/fpu/libg.a(lib_a-vfiprintf.o)
 .text.__sprint_r
                0x0000000000114b88       0x30 /opt/devkitpro/devkitARM/bin/../lib/gcc/arm-none-eabi/11.1.0/../../../../arm-none-eabi/lib/armv6k/fpu/libg.a(lib_a-vfiprintf.o)
                0x0000000000114b88                __sprint_r
 .text._vfiprintf_r
                0x0000000000114bb8     0x233c /opt/devkitpro/devkitARM/bin/../lib/gcc/arm-none-eabi/11.1.0/../../../../arm-none-eabi/lib/armv6k/fpu/libg.a(lib_a-vfiprintf.o)
                0x0000000000114bb8                _vfiprintf_r
 .text.__sbprintf
                0x0000000000116ef4       0xd4 /opt/devkitpro/devkitARM/bin/../lib/gcc/arm-none-eabi/11.1.0/../../../../arm-none-eabi/lib/armv6k/fpu/libg.a(lib_a-vfiprintf.o)
 .text.get_arg  0x0000000000116fc8      0x628 /opt/devkitpro/devkitARM/bin/../lib/gcc/arm-none-eabi/11.1.0/../../../../arm-none-eabi/lib/armv6k/fpu/libg.a(lib_a-vfprintf.o)
 .text._vfprintf_r
                0x00000000001175f0     0x3684 /opt/devkitpro/devkitARM/bin/../lib/gcc/arm-none-eabi/11.1.0/../../../../arm-none-eabi/lib/armv6k/fpu/libg.a(lib_a-vfprintf.o)
                0x00000000001175f0                _vfprintf_r
 .text.__sbprintf
                0x000000000011ac74       0xd4 /opt/devkitpro/devkitARM/bin/../lib/gcc/arm-none-eabi/11.1.0/../../../../arm-none-eabi/lib/armv6k/fpu/libg.a(lib_a-vfprintf.o)
 .text._wcrtomb_r
                0x000000000011ad48       0x54 /opt/devkitpro/devkitARM/bin/../lib/gcc/arm-none-eabi/11.1.0/../../../../arm-none-eabi/lib/armv6k/fpu/libg.a(lib_a-wcrtomb.o)
                0x000000000011ad48                _wcrtomb_r
 .text._wcsrtombs_r
                0x000000000011ad9c       0x28 /opt/devkitpro/devkitARM/bin/../lib/gcc/arm-none-eabi/11.1.0/../../../../arm-none-eabi/lib/armv6k/fpu/libg.a(lib_a-wcsrtombs.o)
                0x000000000011ad9c                _wcsrtombs_r
 .text.__swsetup_r
                0x000000000011adc4      0x154 /opt/devkitpro/devkitARM/bin/../lib/gcc/arm-none-eabi/11.1.0/../../../../arm-none-eabi/lib/armv6k/fpu/libg.a(lib_a-wsetup.o)
                0x000000000011adc4                __swsetup_r
 .text.__call_exitprocs
                0x000000000011af18      0x114 /opt/devkitpro/devkitARM/bin/../lib/gcc/arm-none-eabi/11.1.0/../../../../arm-none-eabi/lib/armv6k/fpu/libg.a(lib_a-__call_atexit.o)
                0x000000000011af18                __call_exitprocs
 .text.quorem   0x000000000011b02c      0x1ac /opt/devkitpro/devkitARM/bin/../lib/gcc/arm-none-eabi/11.1.0/../../../../arm-none-eabi/lib/armv6k/fpu/libg.a(lib_a-dtoa.o)
 .text._dtoa_r  0x000000000011b1d8     0x12cc /opt/devkitpro/devkitARM/bin/../lib/gcc/arm-none-eabi/11.1.0/../../../../arm-none-eabi/lib/armv6k/fpu/libg.a(lib_a-dtoa.o)
                0x000000000011b1d8                _dtoa_r
 .text.__sflush_r
                0x000000000011c4a4      0x258 /opt/devkitpro/devkitARM/bin/../lib/gcc/arm-none-eabi/11.1.0/../../../../arm-none-eabi/lib/armv6k/fpu/libg.a(lib_a-fflush.o)
                0x000000000011c4a4                __sflush_r
 .text._fflush_r
                0x000000000011c6fc       0x94 /opt/devkitpro/devkitARM/bin/../lib/gcc/arm-none-eabi/11.1.0/../../../../arm-none-eabi/lib/armv6k/fpu/libg.a(lib_a-fflush.o)
                0x000000000011c6fc                _fflush_r
 .text._cleanup_r
                0x000000000011c790        0xc /opt/devkitpro/devkitARM/bin/../lib/gcc/arm-none-eabi/11.1.0/../../../../arm-none-eabi/lib/armv6k/fpu/libg.a(lib_a-findfp.o)
                0x000000000011c790                _cleanup_r
 .text.__sinit  0x000000000011c79c      0x184 /opt/devkitpro/devkitARM/bin/../lib/gcc/arm-none-eabi/11.1.0/../../../../arm-none-eabi/lib/armv6k/fpu/libg.a(lib_a-findfp.o)
                0x000000000011c79c                __sinit
 .text.__sfp_lock_acquire
                0x000000000011c920        0xc /opt/devkitpro/devkitARM/bin/../lib/gcc/arm-none-eabi/11.1.0/../../../../arm-none-eabi/lib/armv6k/fpu/libg.a(lib_a-findfp.o)
                0x000000000011c920                __sfp_lock_acquire
 .text.__sfp_lock_release
                0x000000000011c92c        0xc /opt/devkitpro/devkitARM/bin/../lib/gcc/arm-none-eabi/11.1.0/../../../../arm-none-eabi/lib/armv6k/fpu/libg.a(lib_a-findfp.o)
                0x000000000011c92c                __sfp_lock_release
 .text._malloc_trim_r
                0x000000000011c938       0xf8 /opt/devkitpro/devkitARM/bin/../lib/gcc/arm-none-eabi/11.1.0/../../../../arm-none-eabi/lib/armv6k/fpu/libg.a(lib_a-freer.o)
                0x000000000011c938                _malloc_trim_r
 .text._free_r  0x000000000011ca30      0x2e4 /opt/devkitpro/devkitARM/bin/../lib/gcc/arm-none-eabi/11.1.0/../../../../arm-none-eabi/lib/armv6k/fpu/libg.a(lib_a-freer.o)
                0x000000000011ca30                _free_r
 .text.__sfvwrite_r
                0x000000000011cd14      0x4c0 /opt/devkitpro/devkitARM/bin/../lib/gcc/arm-none-eabi/11.1.0/../../../../arm-none-eabi/lib/armv6k/fpu/libg.a(lib_a-fvwrite.o)
                0x000000000011cd14                __sfvwrite_r
 .text._fwalk_reent
                0x000000000011d1d4       0x70 /opt/devkitpro/devkitARM/bin/../lib/gcc/arm-none-eabi/11.1.0/../../../../arm-none-eabi/lib/armv6k/fpu/libg.a(lib_a-fwalk.o)
                0x000000000011d1d4                _fwalk_reent
 .text.iswspace
                0x000000000011d244        0x8 /opt/devkitpro/devkitARM/bin/../lib/gcc/arm-none-eabi/11.1.0/../../../../arm-none-eabi/lib/armv6k/fpu/libg.a(lib_a-iswspace.o)
                0x000000000011d244                iswspace
 .text._localeconv_r
                0x000000000011d24c        0xc /opt/devkitpro/devkitARM/bin/../lib/gcc/arm-none-eabi/11.1.0/../../../../arm-none-eabi/lib/armv6k/fpu/libg.a(lib_a-localeconv.o)
                0x000000000011d24c                _localeconv_r
 .text.__locale_mb_cur_max
                0x000000000011d258       0x10 /opt/devkitpro/devkitARM/bin/../lib/gcc/arm-none-eabi/11.1.0/../../../../arm-none-eabi/lib/armv6k/fpu/libg.a(lib_a-locale.o)
                0x000000000011d258                __locale_mb_cur_max
 .text.__smakebuf_r
                0x000000000011d268      0x138 /opt/devkitpro/devkitARM/bin/../lib/gcc/arm-none-eabi/11.1.0/../../../../arm-none-eabi/lib/armv6k/fpu/libg.a(lib_a-makebuf.o)
                0x000000000011d268                __smakebuf_r
 .text.__swhatbuf_r
                0x000000000011d3a0       0x8c /opt/devkitpro/devkitARM/bin/../lib/gcc/arm-none-eabi/11.1.0/../../../../arm-none-eabi/lib/armv6k/fpu/libg.a(lib_a-makebuf.o)
                0x000000000011d3a0                __swhatbuf_r
 .text._mbrtowc_r
                0x000000000011d42c       0x68 /opt/devkitpro/devkitARM/bin/../lib/gcc/arm-none-eabi/11.1.0/../../../../arm-none-eabi/lib/armv6k/fpu/libg.a(lib_a-mbrtowc.o)
                0x000000000011d42c                _mbrtowc_r
 .text.__utf8_mbtowc
                0x000000000011d494      0x2e4 /opt/devkitpro/devkitARM/bin/../lib/gcc/arm-none-eabi/11.1.0/../../../../arm-none-eabi/lib/armv6k/fpu/libg.a(lib_a-mbtowc_r.o)
                0x000000000011d494                __utf8_mbtowc
 .text.memmove  0x000000000011d778      0x154 /opt/devkitpro/devkitARM/bin/../lib/gcc/arm-none-eabi/11.1.0/../../../../arm-none-eabi/lib/armv6k/fpu/libg.a(lib_a-memmove.o)
                0x000000000011d778                memmove
 .text._Balloc  0x000000000011d8cc       0x88 /opt/devkitpro/devkitARM/bin/../lib/gcc/arm-none-eabi/11.1.0/../../../../arm-none-eabi/lib/armv6k/fpu/libg.a(lib_a-mprec.o)
                0x000000000011d8cc                _Balloc
 .text._Bfree   0x000000000011d954       0x1c /opt/devkitpro/devkitARM/bin/../lib/gcc/arm-none-eabi/11.1.0/../../../../arm-none-eabi/lib/armv6k/fpu/libg.a(lib_a-mprec.o)
                0x000000000011d954                _Bfree
 .text.__multadd
                0x000000000011d970       0xf4 /opt/devkitpro/devkitARM/bin/../lib/gcc/arm-none-eabi/11.1.0/../../../../arm-none-eabi/lib/armv6k/fpu/libg.a(lib_a-mprec.o)
                0x000000000011d970                __multadd
 .text.__s2b    0x000000000011da64      0x110 /opt/devkitpro/devkitARM/bin/../lib/gcc/arm-none-eabi/11.1.0/../../../../arm-none-eabi/lib/armv6k/fpu/libg.a(lib_a-mprec.o)
                0x000000000011da64                __s2b
 .text.__hi0bits
                0x000000000011db74       0x58 /opt/devkitpro/devkitARM/bin/../lib/gcc/arm-none-eabi/11.1.0/../../../../arm-none-eabi/lib/armv6k/fpu/libg.a(lib_a-mprec.o)
                0x000000000011db74                __hi0bits
 .text.__lo0bits
                0x000000000011dbcc       0x94 /opt/devkitpro/devkitARM/bin/../lib/gcc/arm-none-eabi/11.1.0/../../../../arm-none-eabi/lib/armv6k/fpu/libg.a(lib_a-mprec.o)
                0x000000000011dbcc                __lo0bits
 .text.__i2b    0x000000000011dc60       0xa4 /opt/devkitpro/devkitARM/bin/../lib/gcc/arm-none-eabi/11.1.0/../../../../arm-none-eabi/lib/armv6k/fpu/libg.a(lib_a-mprec.o)
                0x000000000011dc60                __i2b
 .text.__multiply
                0x000000000011dd04      0x204 /opt/devkitpro/devkitARM/bin/../lib/gcc/arm-none-eabi/11.1.0/../../../../arm-none-eabi/lib/armv6k/fpu/libg.a(lib_a-mprec.o)
                0x000000000011dd04                __multiply
 .text.__pow5mult
                0x000000000011df08      0x120 /opt/devkitpro/devkitARM/bin/../lib/gcc/arm-none-eabi/11.1.0/../../../../arm-none-eabi/lib/armv6k/fpu/libg.a(lib_a-mprec.o)
                0x000000000011df08                __pow5mult
 .text.__lshift
                0x000000000011e028      0x13c /opt/devkitpro/devkitARM/bin/../lib/gcc/arm-none-eabi/11.1.0/../../../../arm-none-eabi/lib/armv6k/fpu/libg.a(lib_a-mprec.o)
                0x000000000011e028                __lshift
 .text.__mcmp   0x000000000011e164       0x58 /opt/devkitpro/devkitARM/bin/../lib/gcc/arm-none-eabi/11.1.0/../../../../arm-none-eabi/lib/armv6k/fpu/libg.a(lib_a-mprec.o)
                0x000000000011e164                __mcmp
 .text.__mdiff  0x000000000011e1bc      0x1cc /opt/devkitpro/devkitARM/bin/../lib/gcc/arm-none-eabi/11.1.0/../../../../arm-none-eabi/lib/armv6k/fpu/libg.a(lib_a-mprec.o)
                0x000000000011e1bc                __mdiff
 .text.__ulp    0x000000000011e388       0x74 /opt/devkitpro/devkitARM/bin/../lib/gcc/arm-none-eabi/11.1.0/../../../../arm-none-eabi/lib/armv6k/fpu/libg.a(lib_a-mprec.o)
                0x000000000011e388                __ulp
 .text.__b2d    0x000000000011e3fc       0xd0 /opt/devkitpro/devkitARM/bin/../lib/gcc/arm-none-eabi/11.1.0/../../../../arm-none-eabi/lib/armv6k/fpu/libg.a(lib_a-mprec.o)
                0x000000000011e3fc                __b2d
 .text.__d2b    0x000000000011e4cc      0x124 /opt/devkitpro/devkitARM/bin/../lib/gcc/arm-none-eabi/11.1.0/../../../../arm-none-eabi/lib/armv6k/fpu/libg.a(lib_a-mprec.o)
                0x000000000011e4cc                __d2b
 .text.__ratio  0x000000000011e5f0       0x78 /opt/devkitpro/devkitARM/bin/../lib/gcc/arm-none-eabi/11.1.0/../../../../arm-none-eabi/lib/armv6k/fpu/libg.a(lib_a-mprec.o)
                0x000000000011e5f0                __ratio
 .text.__copybits
                0x000000000011e668       0x88 /opt/devkitpro/devkitARM/bin/../lib/gcc/arm-none-eabi/11.1.0/../../../../arm-none-eabi/lib/armv6k/fpu/libg.a(lib_a-mprec.o)
                0x000000000011e668                __copybits
 .text.__any_on
                0x000000000011e6f0       0x5c /opt/devkitpro/devkitARM/bin/../lib/gcc/arm-none-eabi/11.1.0/../../../../arm-none-eabi/lib/armv6k/fpu/libg.a(lib_a-mprec.o)
                0x000000000011e6f0                __any_on
 .text.realloc  0x000000000011e74c       0x28 /opt/devkitpro/devkitARM/bin/../lib/gcc/arm-none-eabi/11.1.0/../../../../arm-none-eabi/lib/armv6k/fpu/libg.a(lib_a-realloc.o)
                0x000000000011e74c                realloc
 .text._realloc_r
                0x000000000011e774      0x558 /opt/devkitpro/devkitARM/bin/../lib/gcc/arm-none-eabi/11.1.0/../../../../arm-none-eabi/lib/armv6k/fpu/libg.a(lib_a-reallocr.o)
                0x000000000011e774                _realloc_r
 .text.__sccl   0x000000000011eccc       0xe4 /opt/devkitpro/devkitARM/bin/../lib/gcc/arm-none-eabi/11.1.0/../../../../arm-none-eabi/lib/armv6k/fpu/libg.a(lib_a-sccl.o)
                0x000000000011eccc                __sccl
 .text.nanf     0x000000000011edb0        0xc /opt/devkitpro/devkitARM/bin/../lib/gcc/arm-none-eabi/11.1.0/../../../../arm-none-eabi/lib/armv6k/fpu/libg.a(lib_a-sf_nan.o)
                0x000000000011edb0                nanf
 *fill*         0x000000000011edbc        0x4 
 .text.frexp    0x000000000011edc0       0xa8 /opt/devkitpro/devkitARM/bin/../lib/gcc/arm-none-eabi/11.1.0/../../../../arm-none-eabi/lib/armv6k/fpu/libg.a(lib_a-s_frexp.o)
                0x000000000011edc0                frexp
 .text.sprintf  0x000000000011ee68       0x64 /opt/devkitpro/devkitARM/bin/../lib/gcc/arm-none-eabi/11.1.0/../../../../arm-none-eabi/lib/armv6k/fpu/libg.a(lib_a-sprintf.o)
                0x000000000011ee68                sprintf
 .text.stpncpy  0x000000000011eecc       0xb8 /opt/devkitpro/devkitARM/bin/../lib/gcc/arm-none-eabi/11.1.0/../../../../arm-none-eabi/lib/armv6k/fpu/libg.a(lib_a-stpncpy.o)
                0x000000000011eecc                stpncpy
 .text.strchr   0x000000000011ef84      0x12c /opt/devkitpro/devkitARM/bin/../lib/gcc/arm-none-eabi/11.1.0/../../../../arm-none-eabi/lib/armv6k/fpu/libg.a(lib_a-strchr.o)
                0x000000000011ef84                strchr
 .text._strtod_l
                0x000000000011f0b0     0x1368 /opt/devkitpro/devkitARM/bin/../lib/gcc/arm-none-eabi/11.1.0/../../../../arm-none-eabi/lib/armv6k/fpu/libg.a(lib_a-strtod.o)
                0x000000000011f0b0                _strtod_l
 .text._strtod_r
                0x0000000000120418        0xc /opt/devkitpro/devkitARM/bin/../lib/gcc/arm-none-eabi/11.1.0/../../../../arm-none-eabi/lib/armv6k/fpu/libg.a(lib_a-strtod.o)
                0x0000000000120418                _strtod_r
 .text._strtoll_l.constprop.0
                0x0000000000120424      0x22c /opt/devkitpro/devkitARM/bin/../lib/gcc/arm-none-eabi/11.1.0/../../../../arm-none-eabi/lib/armv6k/fpu/libg.a(lib_a-strtoll.o)
 .text._strtoll_r
                0x0000000000120650        0x4 /opt/devkitpro/devkitARM/bin/../lib/gcc/arm-none-eabi/11.1.0/../../../../arm-none-eabi/lib/armv6k/fpu/libg.a(lib_a-strtoll.o)
                0x0000000000120650                _strtoll_r
 .text._strtol_l.part.0
                0x0000000000120654      0x1a4 /opt/devkitpro/devkitARM/bin/../lib/gcc/arm-none-eabi/11.1.0/../../../../arm-none-eabi/lib/armv6k/fpu/libg.a(lib_a-strtol.o)
 .text._strtol_r
                0x00000000001207f8       0x3c /opt/devkitpro/devkitARM/bin/../lib/gcc/arm-none-eabi/11.1.0/../../../../arm-none-eabi/lib/armv6k/fpu/libg.a(lib_a-strtol.o)
                0x00000000001207f8                _strtol_r
 .text._strtoull_l.constprop.0
                0x0000000000120834      0x244 /opt/devkitpro/devkitARM/bin/../lib/gcc/arm-none-eabi/11.1.0/../../../../arm-none-eabi/lib/armv6k/fpu/libg.a(lib_a-strtoull.o)
 .text._strtoull_r
                0x0000000000120a78        0x4 /opt/devkitpro/devkitARM/bin/../lib/gcc/arm-none-eabi/11.1.0/../../../../arm-none-eabi/lib/armv6k/fpu/libg.a(lib_a-strtoull.o)
                0x0000000000120a78                _strtoull_r
 .text._strtoul_l.constprop.0
                0x0000000000120a7c      0x1c4 /opt/devkitpro/devkitARM/bin/../lib/gcc/arm-none-eabi/11.1.0/../../../../arm-none-eabi/lib/armv6k/fpu/libg.a(lib_a-strtoul.o)
 .text._strtoul_r
                0x0000000000120c40        0x4 /opt/devkitpro/devkitARM/bin/../lib/gcc/arm-none-eabi/11.1.0/../../../../arm-none-eabi/lib/armv6k/fpu/libg.a(lib_a-strtoul.o)
                0x0000000000120c40                _strtoul_r
 .text.__ssprint_r
                0x0000000000120c44      0x190 /opt/devkitpro/devkitARM/bin/../lib/gcc/arm-none-eabi/11.1.0/../../../../arm-none-eabi/lib/armv6k/fpu/libg.a(lib_a-svfiprintf.o)
                0x0000000000120c44                __ssprint_r
 .text._sungetc_r
                0x0000000000120dd4       0xe0 /opt/devkitpro/devkitARM/bin/../lib/gcc/arm-none-eabi/11.1.0/../../../../arm-none-eabi/lib/armv6k/fpu/libg.a(lib_a-svfiscanf.o)
                0x0000000000120dd4                _sungetc_r
 .text.__ssrefill_r
                0x0000000000120eb4       0x6c /opt/devkitpro/devkitARM/bin/../lib/gcc/arm-none-eabi/11.1.0/../../../../arm-none-eabi/lib/armv6k/fpu/libg.a(lib_a-svfiscanf.o)
                0x0000000000120eb4                __ssrefill_r
 .text._sfread_r
                0x0000000000120f20       0xc8 /opt/devkitpro/devkitARM/bin/../lib/gcc/arm-none-eabi/11.1.0/../../../../arm-none-eabi/lib/armv6k/fpu/libg.a(lib_a-svfiscanf.o)
                0x0000000000120f20                _sfread_r
 .text.get_arg  0x0000000000120fe8      0x628 /opt/devkitpro/devkitARM/bin/../lib/gcc/arm-none-eabi/11.1.0/../../../../arm-none-eabi/lib/armv6k/fpu/libg.a(lib_a-svfprintf.o)
 .text._svfprintf_r
                0x0000000000121610     0x35b8 /opt/devkitpro/devkitARM/bin/../lib/gcc/arm-none-eabi/11.1.0/../../../../arm-none-eabi/lib/armv6k/fpu/libg.a(lib_a-svfprintf.o)
                0x0000000000121610                _svfprintf_r
 .text.__submore
                0x0000000000124bc8       0xa8 /opt/devkitpro/devkitARM/bin/../lib/gcc/arm-none-eabi/11.1.0/../../../../arm-none-eabi/lib/armv6k/fpu/libg.a(lib_a-ungetc.o)
                0x0000000000124bc8                __submore
 .text._wcsnrtombs_l
                0x0000000000124c70      0x190 /opt/devkitpro/devkitARM/bin/../lib/gcc/arm-none-eabi/11.1.0/../../../../arm-none-eabi/lib/armv6k/fpu/libg.a(lib_a-wcsnrtombs.o)
                0x0000000000124c70                _wcsnrtombs_l
 .text._wcsnrtombs_r
                0x0000000000124e00       0x4c /opt/devkitpro/devkitARM/bin/../lib/gcc/arm-none-eabi/11.1.0/../../../../arm-none-eabi/lib/armv6k/fpu/libg.a(lib_a-wcsnrtombs.o)
                0x0000000000124e00                _wcsnrtombs_r
 .text.__utf8_wctomb
                0x0000000000124e4c       0xf0 /opt/devkitpro/devkitARM/bin/../lib/gcc/arm-none-eabi/11.1.0/../../../../arm-none-eabi/lib/armv6k/fpu/libg.a(lib_a-wctomb_r.o)
                0x0000000000124e4c                __utf8_wctomb
 .text.__assert_func
                0x0000000000124f3c       0x54 /opt/devkitpro/devkitARM/bin/../lib/gcc/arm-none-eabi/11.1.0/../../../../arm-none-eabi/lib/armv6k/fpu/libg.a(lib_a-assert.o)
                0x0000000000124f3c                __assert_func
 .text._fclose_r
                0x0000000000124f90      0x160 /opt/devkitpro/devkitARM/bin/../lib/gcc/arm-none-eabi/11.1.0/../../../../arm-none-eabi/lib/armv6k/fpu/libg.a(lib_a-fclose.o)
                0x0000000000124f90                _fclose_r
 .text.fiprintf
                0x00000000001250f0       0x3c /opt/devkitpro/devkitARM/bin/../lib/gcc/arm-none-eabi/11.1.0/../../../../arm-none-eabi/lib/armv6k/fpu/libg.a(lib_a-fiprintf.o)
                0x00000000001250f0                fiprintf
 .text.rshift   0x000000000012512c       0xec /opt/devkitpro/devkitARM/bin/../lib/gcc/arm-none-eabi/11.1.0/../../../../arm-none-eabi/lib/armv6k/fpu/libg.a(lib_a-gdtoa-gethex.o)
 .text.__gethex
                0x0000000000125218      0x904 /opt/devkitpro/devkitARM/bin/../lib/gcc/arm-none-eabi/11.1.0/../../../../arm-none-eabi/lib/armv6k/fpu/libg.a(lib_a-gdtoa-gethex.o)
                0x0000000000125218                __gethex
 .text.__match  0x0000000000125b1c       0x4c /opt/devkitpro/devkitARM/bin/../lib/gcc/arm-none-eabi/11.1.0/../../../../arm-none-eabi/lib/armv6k/fpu/libg.a(lib_a-gdtoa-hexnan.o)
                0x0000000000125b1c                __match
 .text.__hexnan
                0x0000000000125b68      0x29c /opt/devkitpro/devkitARM/bin/../lib/gcc/arm-none-eabi/11.1.0/../../../../arm-none-eabi/lib/armv6k/fpu/libg.a(lib_a-gdtoa-hexnan.o)
                0x0000000000125b68                __hexnan
 .text.iswspace_l
                0x0000000000125e04       0x3c /opt/devkitpro/devkitARM/bin/../lib/gcc/arm-none-eabi/11.1.0/../../../../arm-none-eabi/lib/armv6k/fpu/libg.a(lib_a-iswspace_l.o)
                0x0000000000125e04                iswspace_l
 .text.__jp2uc  0x0000000000125e40      0x1d4 /opt/devkitpro/devkitARM/bin/../lib/gcc/arm-none-eabi/11.1.0/../../../../arm-none-eabi/lib/armv6k/fpu/libg.a(lib_a-jp2uc.o)
 .text._jp2uc_l
                0x0000000000126014       0x9c /opt/devkitpro/devkitARM/bin/../lib/gcc/arm-none-eabi/11.1.0/../../../../arm-none-eabi/lib/armv6k/fpu/libg.a(lib_a-jp2uc.o)
                0x0000000000126014                _jp2uc_l
 .text.nan      0x00000000001260b0       0x10 /opt/devkitpro/devkitARM/bin/../lib/gcc/arm-none-eabi/11.1.0/../../../../arm-none-eabi/lib/armv6k/fpu/libg.a(lib_a-s_nan.o)
                0x00000000001260b0                nan
 .text.abort    0x00000000001260c0       0x14 /opt/devkitpro/devkitARM/bin/../lib/gcc/arm-none-eabi/11.1.0/../../../../arm-none-eabi/lib/armv6k/fpu/libg.a(lib_a-abort.o)
                0x00000000001260c0                abort
 .text.category
                0x00000000001260d4       0x84 /opt/devkitpro/devkitARM/bin/../lib/gcc/arm-none-eabi/11.1.0/../../../../arm-none-eabi/lib/armv6k/fpu/libg.a(lib_a-categories.o)
                0x00000000001260d4                category
 .text._raise_r
                0x0000000000126158       0x98 /opt/devkitpro/devkitARM/bin/../lib/gcc/arm-none-eabi/11.1.0/../../../../arm-none-eabi/lib/armv6k/fpu/libg.a(lib_a-signal.o)
                0x0000000000126158                _raise_r
 .text.raise    0x00000000001261f0       0x20 /opt/devkitpro/devkitARM/bin/../lib/gcc/arm-none-eabi/11.1.0/../../../../arm-none-eabi/lib/armv6k/fpu/libg.a(lib_a-signal.o)
                0x00000000001261f0                raise
 .text.null_write
                0x0000000000126210        0x8 /opt/devkitpro/devkitARM/bin/../lib/gcc/arm-none-eabi/11.1.0/../../../../arm-none-eabi/lib/armv6k/fpu/libsysbase.a(iosupport.o)
 .text.setDefaultDevice
                0x0000000000126218       0x18 /opt/devkitpro/devkitARM/bin/../lib/gcc/arm-none-eabi/11.1.0/../../../../arm-none-eabi/lib/armv6k/fpu/libsysbase.a(iosupport.o)
                0x0000000000126218                setDefaultDevice
 .text.FindDevice
                0x0000000000126230       0xc8 /opt/devkitpro/devkitARM/bin/../lib/gcc/arm-none-eabi/11.1.0/../../../../arm-none-eabi/lib/armv6k/fpu/libsysbase.a(iosupport.o)