Archive member included to satisfy reference by file (symbol)

/opt/devkitpro/libctru/lib/libcitro2d.a(base.o)
                              main.o (C2D_Init)
/opt/devkitpro/libctru/lib/libcitro2d.a(render2d.shbin.o)
                              /opt/devkitpro/libctru/lib/libcitro2d.a(base.o) (render2d_shbin)
/opt/devkitpro/libctru/lib/libcitro3d.a(base.o)
                              main.o (C3D_Init)
/opt/devkitpro/libctru/lib/libcitro3d.a(renderqueue.o)
                              /opt/devkitpro/libctru/lib/libcitro3d.a(base.o) (C3Di_RenderQueueEnableVBlank)
/opt/devkitpro/libctru/lib/libcitro3d.a(texture.o)
                              /opt/devkitpro/libctru/lib/libcitro2d.a(base.o) (C3D_TexBind)
/opt/devkitpro/libctru/lib/libcitro3d.a(framebuffer.o)
                              /opt/devkitpro/libctru/lib/libcitro3d.a(renderqueue.o) (C3D_CalcColorBufSize)
/opt/devkitpro/libctru/lib/libcitro3d.a(texenv.o)
                              /opt/devkitpro/libctru/lib/libcitro2d.a(base.o) (C3D_GetTexEnv)
/opt/devkitpro/libctru/lib/libcitro3d.a(proctex.o)
                              /opt/devkitpro/libctru/lib/libcitro2d.a(base.o) (C3D_ProcTexInit)
/opt/devkitpro/libctru/lib/libcitro3d.a(buffers.o)
                              /opt/devkitpro/libctru/lib/libcitro2d.a(base.o) (BufInfo_Init)
/opt/devkitpro/libctru/lib/libcitro3d.a(drawArrays.o)
                              /opt/devkitpro/libctru/lib/libcitro2d.a(base.o) (C3D_DrawArrays)
/opt/devkitpro/libctru/lib/libcitro3d.a(effect.o)
                              /opt/devkitpro/libctru/lib/libcitro3d.a(base.o) (C3D_DepthMap)
/opt/devkitpro/libctru/lib/libcitro3d.a(attribs.o)
                              /opt/devkitpro/libctru/lib/libcitro2d.a(base.o) (AttrInfo_Init)
/opt/devkitpro/libctru/lib/libcitro3d.a(immediate.o)
                              /opt/devkitpro/libctru/lib/libcitro3d.a(base.o) (C3D_ImmSendAttrib)
/opt/devkitpro/libctru/lib/libcitro3d.a(uniforms.o)
                              /opt/devkitpro/libctru/lib/libcitro3d.a(base.o) (C3D_UpdateUniforms)
/opt/devkitpro/libctru/lib/libcitro3d.a(mtx_ortho.o)
                              /opt/devkitpro/libctru/lib/libcitro2d.a(base.o) (Mtx_Ortho)
/opt/devkitpro/libctru/lib/libcitro3d.a(mtx_scale.o)
                              /opt/devkitpro/libctru/lib/libcitro2d.a(base.o) (Mtx_Scale)
/opt/devkitpro/libctru/lib/libcitro3d.a(mtx_multiply.o)
                              /opt/devkitpro/libctru/lib/libcitro2d.a(base.o) (Mtx_Multiply)
/opt/devkitpro/libctru/lib/libcitro3d.a(mtx_orthotilt.o)
                              /opt/devkitpro/libctru/lib/libcitro2d.a(base.o) (Mtx_OrthoTilt)
/opt/devkitpro/libctru/lib/libcitro3d.a(mtx_translate.o)
                              /opt/devkitpro/libctru/lib/libcitro2d.a(base.o) (Mtx_Translate)
/opt/devkitpro/libctru/lib/libcitro3d.a(mtx_rotatez.o)
                              /opt/devkitpro/libctru/lib/libcitro2d.a(base.o) (Mtx_RotateZ)
/opt/devkitpro/libctru/lib/libctru.a(vram.o)
                              /opt/devkitpro/libctru/lib/libcitro3d.a(renderqueue.o) (vramAlloc)
/opt/devkitpro/libctru/lib/libctru.a(linear.o)
                              /opt/devkitpro/libctru/lib/libcitro2d.a(base.o) (linearAlloc)
/opt/devkitpro/libctru/lib/libctru.a(mem_pool.o)
                              /opt/devkitpro/libctru/lib/libctru.a(vram.o) (MemPool::Allocate(MemChunk&, unsigned long, int))
/opt/devkitpro/libctru/lib/libctru.a(os.o)
                              /opt/devkitpro/libctru/lib/libcitro3d.a(texture.o) (osConvertVirtToPhys)
/opt/devkitpro/libctru/lib/libctru.a(console.o)
                              main.o (consoleInit)
/opt/devkitpro/libctru/lib/libctru.a(gfx.o)
                              /opt/devkitpro/libctru/lib/libcitro2d.a(base.o) (gfxIsWide)
/opt/devkitpro/libctru/lib/libctru.a(shaderProgram.o)
                              /opt/devkitpro/libctru/lib/libcitro2d.a(base.o) (shaderInstanceGetUniformLocation)
/opt/devkitpro/libctru/lib/libctru.a(shbin.o)
                              /opt/devkitpro/libctru/lib/libcitro2d.a(base.o) (DVLB_ParseFile)
/opt/devkitpro/libctru/lib/libctru.a(gx.o)
                              /opt/devkitpro/libctru/lib/libcitro3d.a(renderqueue.o) (GX_BindQueue)
/opt/devkitpro/libctru/lib/libctru.a(gxqueue.o)
                              /opt/devkitpro/libctru/lib/libcitro3d.a(renderqueue.o) (gxCmdQueueClear)
/opt/devkitpro/libctru/lib/libctru.a(gpu.o)
                              /opt/devkitpro/libctru/lib/libcitro3d.a(base.o) (GPUCMD_Add)
/opt/devkitpro/libctru/lib/libctru.a(gspgpu.o)
                              /opt/devkitpro/libctru/lib/libctru.a(gfx.o) (gspInit)
/opt/devkitpro/libctru/lib/libctru.a(apt.o)
                              /opt/devkitpro/libctru/lib/libcitro3d.a(base.o) (aptHook)
/opt/devkitpro/libctru/lib/libctru.a(hid.o)
                              main.o (hidScanInput)
/opt/devkitpro/libctru/lib/libctru.a(ptmsysm.o)
[...]
Memory Configuration

Name             Origin             Length             Attributes
*default*        0x0000000000000000 0xffffffffffffffff

Linker script and memory map

                0x0000000000100000                PROVIDE (__start__ = 0x100000)
                0x0000000000100000                . = __start__

.text           0x0000000000100000    0x2267c
 *(.crt0)
 .crt0          0x0000000000100000       0x94 /opt/devkitpro/devkitARM/bin/../lib/gcc/arm-none-eabi/11.1.0/../../../../arm-none-eabi/lib/armv6k/fpu/3dsx_crt0.o
                0x0000000000100000                _start
                0x0000000000100008                __service_ptr
                0x000000000010000c                __apt_appid
                0x0000000000100010                __heap_size
                0x0000000000100014                __linear_heap_size
                0x0000000000100018                __system_arglist
                0x000000000010001c                __system_runflags
 *(.init)
 .init          0x0000000000100094        0xc /opt/devkitpro/devkitARM/bin/../lib/gcc/arm-none-eabi/11.1.0/armv6k/fpu/crti.o
                0x0000000000100094                _init
 .init          0x00000000001000a0        0xc /opt/devkitpro/devkitARM/bin/../lib/gcc/arm-none-eabi/11.1.0/armv6k/fpu/crtn.o
                0x00000000001000ac                . = ALIGN (0x4)
 *(.text)
 .text          0x00000000001000ac      0x240 /opt/devkitpro/devkitARM/bin/../lib/gcc/arm-none-eabi/11.1.0/armv6k/fpu/libgcc.a(_divsi3.o)
                0x00000000001000ac                __aeabi_idiv
                0x00000000001000ac                __divsi3
                0x00000000001002cc                __aeabi_idivmod
 .text          0x00000000001002ec        0x4 /opt/devkitpro/devkitARM/bin/../lib/gcc/arm-none-eabi/11.1.0/armv6k/fpu/libgcc.a(_dvmd_tls.o)
                0x00000000001002ec                __aeabi_ldiv0
                0x00000000001002ec                __aeabi_idiv0
 .text          0x00000000001002f0      0x3c0 /opt/devkitpro/devkitARM/bin/../lib/gcc/arm-none-eabi/11.1.0/armv6k/fpu/libgcc.a(_arm_addsubdf3.o)
                0x00000000001002f0                __aeabi_drsub
                0x00000000001002f8                __aeabi_dsub
                0x00000000001002f8                __subdf3
                0x00000000001002fc                __adddf3
                0x00000000001002fc                __aeabi_dadd
                0x00000000001005a8                __aeabi_ui2d
                0x00000000001005a8                __floatunsidf
                0x00000000001005cc                __floatsidf
                0x00000000001005cc                __aeabi_i2d
                0x00000000001005f4                __extendsfdf2
                0x00000000001005f4                __aeabi_f2d
                0x000000000010063c                __aeabi_ul2d
                0x000000000010063c                __floatundidf
                0x0000000000100650                __floatdidf
                0x0000000000100650                __aeabi_l2d
 .text          0x00000000001006b0       0xd4 /opt/devkitpro/devkitARM/bin/../lib/gcc/arm-none-eabi/11.1.0/armv6k/fpu/libgcc.a(_aeabi_ldivmod.o)
                0x00000000001006b0                __aeabi_ldivmod
 .text          0x0000000000100784       0x3c /opt/devkitpro/devkitARM/bin/../lib/gcc/arm-none-eabi/11.1.0/armv6k/fpu/libgcc.a(_aeabi_uldivmod.o)
                0x0000000000100784                __aeabi_uldivmod
 .text          0x00000000001007c0      0x390 /opt/devkitpro/devkitARM/bin/../lib/gcc/arm-none-eabi/11.1.0/../../../../arm-none-eabi/lib/armv6k/fpu/libg.a(lib_a-strcmp.o)
                0x00000000001007c8                strcmp
 .text          0x0000000000100b50      0x20c /opt/devkitpro/devkitARM/bin/../lib/gcc/arm-none-eabi/11.1.0/armv6k/fpu/libgcc.a(_udivsi3.o)
                0x0000000000100b50                __udivsi3
                0x0000000000100b50                __aeabi_uidiv
                0x0000000000100d3c                __aeabi_uidivmod
 *(.text.*)
 .text.__do_global_dtors_aux
                0x0000000000100d5c       0x40 /opt/devkitpro/devkitARM/bin/../lib/gcc/arm-none-eabi/11.1.0/armv6k/fpu/crtbegin.o
 .text.frame_dummy
                0x0000000000100d9c       0x2c /opt/devkitpro/devkitARM/bin/../lib/gcc/arm-none-eabi/11.1.0/armv6k/fpu/crtbegin.o
 .text.startup.main
                0x0000000000100dc8      0x3c0 main.o
                0x0000000000100dc8                main
 .text.C2Di_FrameEndHook
                0x0000000000101188       0x34 /opt/devkitpro/libctru/lib/libcitro2d.a(base.o)
 *fill*         0x00000000001011bc        0x4 
 .text.C2D_Init
                0x00000000001011c0      0x330 /opt/devkitpro/libctru/lib/libcitro2d.a(base.o)
                0x00000000001011c0                C2D_Init
 .text.C2D_Fini
                0x00000000001014f0       0x44 /opt/devkitpro/libctru/lib/libcitro2d.a(base.o)
                0x00000000001014f0                C2D_Fini
 .text.C2D_Prepare
                0x0000000000101534       0xd0 /opt/devkitpro/libctru/lib/libcitro2d.a(base.o)
                0x0000000000101534                C2D_Prepare
 .text.C2D_Flush
                0x0000000000101604       0x3c /opt/devkitpro/libctru/lib/libcitro2d.a(base.o)
                0x0000000000101604                C2D_Flush
 .text.C2D_SceneSize
                0x0000000000101640      0x108 /opt/devkitpro/libctru/lib/libcitro2d.a(base.o)
                0x0000000000101640                C2D_SceneSize
 .text.C2D_CreateScreenTarget
                0x0000000000101748       0x58 /opt/devkitpro/libctru/lib/libcitro2d.a(base.o)
                0x0000000000101748                C2D_CreateScreenTarget
 .text.C2D_TargetClear
                0x00000000001017a0       0x58 /opt/devkitpro/libctru/lib/libcitro2d.a(base.o)
                0x00000000001017a0                C2D_TargetClear
 .text.C2Di_Update
                0x00000000001017f8      0x22c /opt/devkitpro/libctru/lib/libcitro2d.a(base.o)
                0x00000000001017f8                C2Di_Update
 .text.C2D_DrawLine
                0x0000000000101a24      0x220 /opt/devkitpro/libctru/lib/libcitro2d.a(base.o)
                0x0000000000101a24                C2D_DrawLine
 .text.C2D_DrawRectangle
                0x0000000000101c44      0x1b0 /opt/devkitpro/libctru/lib/libcitro2d.a(base.o)
                0x0000000000101c44                C2D_DrawRectangle
 .text.C3Di_LightEnvUpdate
                0x0000000000101df4        0x4 /opt/devkitpro/libctru/lib/libcitro3d.a(base.o)
                0x0000000000101df4                C3Di_LightEnvUpdate
 .text.C3Di_LightEnvDirty
                0x0000000000101df8        0x4 /opt/devkitpro/libctru/lib/libcitro3d.a(base.o)
                0x0000000000101df8                C3Di_LightEnvDirty
 .text.C3Di_AptEventHook
                0x0000000000101dfc       0xb4 /opt/devkitpro/libctru/lib/libcitro3d.a(base.o)
 .text.C3Di_GasUpdate
                0x0000000000101eb0        0x4 /opt/devkitpro/libctru/lib/libcitro3d.a(base.o)
                0x0000000000101eb0                C3Di_GasUpdate
 .text.C3D_Init
                0x0000000000101eb4      0x1e0 /opt/devkitpro/libctru/lib/libcitro3d.a(base.o)
                0x0000000000101eb4                C3D_Init
 .text.C3D_SetViewport
                0x0000000000102094       0x98 /opt/devkitpro/libctru/lib/libcitro3d.a(base.o)
                0x0000000000102094                C3D_SetViewport
 .text.C3Di_UpdateContext
                0x000000000010212c      0x4ec /opt/devkitpro/libctru/lib/libcitro3d.a(base.o)
                0x000000000010212c                C3Di_UpdateContext
 .text.C3Di_SplitFrame
                0x0000000000102618       0xe0 /opt/devkitpro/libctru/lib/libcitro3d.a(base.o)
                0x0000000000102618                C3Di_SplitFrame
 .text.C3D_Fini
                0x00000000001026f8       0x44 /opt/devkitpro/libctru/lib/libcitro3d.a(base.o)
                0x00000000001026f8                C3D_Fini
 .text.C3D_BindProgram
                0x000000000010273c      0x108 /opt/devkitpro/libctru/lib/libcitro3d.a(base.o)
                0x000000000010273c                C3D_BindProgram
 .text.onVBlank0
                0x0000000000102844       0x4c /opt/devkitpro/libctru/lib/libcitro3d.a(renderqueue.o)
 .text.onVBlank1
                0x0000000000102890       0x4c /opt/devkitpro/libctru/lib/libcitro3d.a(renderqueue.o)
 .text.C3Di_RenderTargetDestroy
                0x00000000001028dc       0x80 /opt/devkitpro/libctru/lib/libcitro3d.a(renderqueue.o)
 .text.onQueueFinish
                0x000000000010295c       0xf4 /opt/devkitpro/libctru/lib/libcitro3d.a(renderqueue.o)
 .text.C3Di_RenderQueueEnableVBlank
                0x0000000000102a50       0x38 /opt/devkitpro/libctru/lib/libcitro3d.a(renderqueue.o)
                0x0000000000102a50                C3Di_RenderQueueEnableVBlank
 .text.C3Di_RenderQueueDisableVBlank
                0x0000000000102a88       0x30 /opt/devkitpro/libctru/lib/libcitro3d.a(renderqueue.o)
                0x0000000000102a88                C3Di_RenderQueueDisableVBlank
 .text.C3Di_RenderQueueInit
                0x0000000000102ab8       0x60 /opt/devkitpro/libctru/lib/libcitro3d.a(renderqueue.o)
                0x0000000000102ab8                C3Di_RenderQueueInit
 .text.C3Di_RenderQueueExit
                0x0000000000102b18       0xb0 /opt/devkitpro/libctru/lib/libcitro3d.a(renderqueue.o)
                0x0000000000102b18                C3Di_RenderQueueExit
 .text.C3Di_RenderQueueWaitDone
                0x0000000000102bc8       0x34 /opt/devkitpro/libctru/lib/libcitro3d.a(renderqueue.o)
                0x0000000000102bc8                C3Di_RenderQueueWaitDone
 .text.C3D_FrameBegin
                0x0000000000102bfc       0xe4 /opt/devkitpro/libctru/lib/libcitro3d.a(renderqueue.o)
                0x0000000000102bfc                C3D_FrameBegin
 .text.C3D_FrameDrawOn
                0x0000000000102ce0       0x48 /opt/devkitpro/libctru/lib/libcitro3d.a(renderqueue.o)
                0x0000000000102ce0                C3D_FrameDrawOn
 .text.C3D_FrameSplit
                0x0000000000102d28       0x58 /opt/devkitpro/libctru/lib/libcitro3d.a(renderqueue.o)
                0x0000000000102d28                C3D_FrameSplit
 .text.C3D_FrameEnd
                0x0000000000102d80      0x1d8 /opt/devkitpro/libctru/lib/libcitro3d.a(renderqueue.o)
                0x0000000000102d80                C3D_FrameEnd
 .text.C3D_FrameEndHook
                0x0000000000102f58       0x1c /opt/devkitpro/libctru/lib/libcitro3d.a(renderqueue.o)
                0x0000000000102f58                C3D_FrameEndHook
 .text.C3D_RenderTargetCreate
                0x0000000000102f74      0x128 /opt/devkitpro/libctru/lib/libcitro3d.a(renderqueue.o)
                0x0000000000102f74                C3D_RenderTargetCreate
 .text.C3D_RenderTargetSetOutput
                0x000000000010309c       0xa8 /opt/devkitpro/libctru/lib/libcitro3d.a(renderqueue.o)
                0x000000000010309c                C3D_RenderTargetSetOutput
 .text.C3D_TexBind
                0x0000000000103144       0x44 /opt/devkitpro/libctru/lib/libcitro3d.a(texture.o)
                0x0000000000103144                C3D_TexBind
 .text.C3Di_SetTex
                0x0000000000103188      0x16c /opt/devkitpro/libctru/lib/libcitro3d.a(texture.o)
                0x0000000000103188                C3Di_SetTex
 .text.C3D_CalcColorBufSize
                0x00000000001032f4       0x1c /opt/devkitpro/libctru/lib/libcitro3d.a(framebuffer.o)
                0x00000000001032f4                C3D_CalcColorBufSize
 .text.C3D_CalcDepthBufSize
                0x0000000000103310       0x1c /opt/devkitpro/libctru/lib/libcitro3d.a(framebuffer.o)
                0x0000000000103310                C3D_CalcDepthBufSize
 .text.C3D_SetFrameBuf
                0x000000000010332c       0x44 /opt/devkitpro/libctru/lib/libcitro3d.a(framebuffer.o)
                0x000000000010332c                C3D_SetFrameBuf
 .text.C3Di_FrameBufBind
                0x0000000000103370      0x16c /opt/devkitpro/libctru/lib/libcitro3d.a(framebuffer.o)
                0x0000000000103370                C3Di_FrameBufBind
 .text.C3D_FrameBufClear
                0x00000000001034dc       0xcc /opt/devkitpro/libctru/lib/libcitro3d.a(framebuffer.o)
                0x00000000001034dc                C3D_FrameBufClear
 .text.C3D_FrameBufTransfer
                0x00000000001035a8       0x44 /opt/devkitpro/libctru/lib/libcitro3d.a(framebuffer.o)
                0x00000000001035a8                C3D_FrameBufTransfer
 .text.C3D_GetTexEnv
                0x00000000001035ec       0x34 /opt/devkitpro/libctru/lib/libcitro3d.a(texenv.o)
                0x00000000001035ec                C3D_GetTexEnv
 .text.C3Di_TexEnvBind
                0x0000000000103620       0x24 /opt/devkitpro/libctru/lib/libcitro3d.a(texenv.o)
                0x0000000000103620                C3Di_TexEnvBind
 .text.C3D_ProcTexInit
                0x0000000000103644       0x70 /opt/devkitpro/libctru/lib/libcitro3d.a(proctex.o)
                0x0000000000103644                C3D_ProcTexInit
 .text.C3D_ProcTexBind
                0x00000000001036b4       0x54 /opt/devkitpro/libctru/lib/libcitro3d.a(proctex.o)
                0x00000000001036b4                C3D_ProcTexBind
 .text.C3D_ProcTexLutBind
                0x0000000000103708       0x5c /opt/devkitpro/libctru/lib/libcitro3d.a(proctex.o)
                0x0000000000103708                C3D_ProcTexLutBind
 .text.ProcTexLut_FromArray
                0x0000000000103764       0xa4 /opt/devkitpro/libctru/lib/libcitro3d.a(proctex.o)
                0x0000000000103764                ProcTexLut_FromArray
 .text.C3Di_ProcTexUpdate
                0x0000000000103808      0x17c /opt/devkitpro/libctru/lib/libcitro3d.a(proctex.o)
                0x0000000000103808                C3Di_ProcTexUpdate
 .text.C3Di_ProcTexDirty
                0x0000000000103984       0x68 /opt/devkitpro/libctru/lib/libcitro3d.a(proctex.o)
                0x0000000000103984                C3Di_ProcTexDirty
 .text.BufInfo_Init
                0x00000000001039ec       0x24 /opt/devkitpro/libctru/lib/libcitro3d.a(buffers.o)
                0x00000000001039ec                BufInfo_Init
 .text.BufInfo_Add
                0x0000000000103a10       0x80 /opt/devkitpro/libctru/lib/libcitro3d.a(buffers.o)
                0x0000000000103a10                BufInfo_Add
 .text.C3D_SetBufInfo
                0x0000000000103a90       0x40 /opt/devkitpro/libctru/lib/libcitro3d.a(buffers.o)
                0x0000000000103a90                C3D_SetBufInfo
 .text.C3Di_BufInfoBind
                0x0000000000103ad0       0x48 /opt/devkitpro/libctru/lib/libcitro3d.a(buffers.o)
                0x0000000000103ad0                C3Di_BufInfoBind
 .text.C3D_DrawArrays
                0x0000000000103b18      0x148 /opt/devkitpro/libctru/lib/libcitro3d.a(drawArrays.o)
                0x0000000000103b18                C3D_DrawArrays
 .text.C3D_DepthMap
                0x0000000000103c60       0x40 /opt/devkitpro/libctru/lib/libcitro3d.a(effect.o)
                0x0000000000103c60                C3D_DepthMap
 .text.C3D_CullFace
                0x0000000000103ca0       0x1c /opt/devkitpro/libctru/lib/libcitro3d.a(effect.o)
                0x0000000000103ca0                C3D_CullFace
 .text.C3D_StencilTest
                0x0000000000103cbc       0x40 /opt/devkitpro/libctru/lib/libcitro3d.a(effect.o)
                0x0000000000103cbc                C3D_StencilTest
 .text.C3D_StencilOp
                0x0000000000103cfc       0x24 /opt/devkitpro/libctru/lib/libcitro3d.a(effect.o)
                0x0000000000103cfc                C3D_StencilOp
 .text.C3D_BlendingColor
                0x0000000000103d20       0x1c /opt/devkitpro/libctru/lib/libcitro3d.a(effect.o)
                0x0000000000103d20                C3D_BlendingColor
 .text.C3D_EarlyDepthTest
                0x0000000000103d3c       0x24 /opt/devkitpro/libctru/lib/libcitro3d.a(effect.o)
                0x0000000000103d3c                C3D_EarlyDepthTest
 .text.C3D_DepthTest
                0x0000000000103d60       0x2c /opt/devkitpro/libctru/lib/libcitro3d.a(effect.o)
                0x0000000000103d60                C3D_DepthTest
 .text.C3D_AlphaTest
                0x0000000000103d8c       0x2c /opt/devkitpro/libctru/lib/libcitro3d.a(effect.o)
                0x0000000000103d8c                C3D_AlphaTest
 .text.C3D_AlphaBlend
                0x0000000000103db8       0x50 /opt/devkitpro/libctru/lib/libcitro3d.a(effect.o)
                0x0000000000103db8                C3D_AlphaBlend
 .text.C3D_FragOpMode
                0x0000000000103e08       0x30 /opt/devkitpro/libctru/lib/libcitro3d.a(effect.o)
                0x0000000000103e08                C3D_FragOpMode
 .text.C3D_FragOpShadow
                0x0000000000103e38       0x44 /opt/devkitpro/libctru/lib/libcitro3d.a(effect.o)
                0x0000000000103e38                C3D_FragOpShadow
 .text.C3Di_EffectBind
                0x0000000000103e7c      0x1ac /opt/devkitpro/libctru/lib/libcitro3d.a(effect.o)
                0x0000000000103e7c                C3Di_EffectBind
 .text.AttrInfo_Init
                0x0000000000104028       0x28 /opt/devkitpro/libctru/lib/libcitro3d.a(attribs.o)
                0x0000000000104028                AttrInfo_Init
 .text.AttrInfo_AddLoader
                0x0000000000104050       0x98 /opt/devkitpro/libctru/lib/libcitro3d.a(attribs.o)
                0x0000000000104050                AttrInfo_AddLoader
 .text.C3D_SetAttrInfo
                0x00000000001040e8       0x54 /opt/devkitpro/libctru/lib/libcitro3d.a(attribs.o)
                0x00000000001040e8                C3D_SetAttrInfo
 .text.C3Di_AttrInfoBind
                0x000000000010413c       0x80 /opt/devkitpro/libctru/lib/libcitro3d.a(attribs.o)
                0x000000000010413c                C3Di_AttrInfoBind
 .text.C3D_ImmSendAttrib
                0x00000000001041bc       0xa8 /opt/devkitpro/libctru/lib/libcitro3d.a(immediate.o)
                0x00000000001041bc                C3D_ImmSendAttrib
 .text.C3D_UpdateUniforms
                0x0000000000104264      0x29c /opt/devkitpro/libctru/lib/libcitro3d.a(uniforms.o)
                0x0000000000104264                C3D_UpdateUniforms
 .text.C3Di_DirtyUniforms
                0x0000000000104500       0xc0 /opt/devkitpro/libctru/lib/libcitro3d.a(uniforms.o)
                0x0000000000104500                C3Di_DirtyUniforms
 .text.C3Di_LoadShaderUniforms
                0x00000000001045c0       0xd8 /opt/devkitpro/libctru/lib/libcitro3d.a(uniforms.o)
                0x00000000001045c0                C3Di_LoadShaderUniforms
 .text.C3Di_ClearShaderUniforms
                0x0000000000104698       0x28 /opt/devkitpro/libctru/lib/libcitro3d.a(uniforms.o)
                0x0000000000104698                C3Di_ClearShaderUniforms
 .text.Mtx_Ortho
                0x00000000001046c0       0xcc /opt/devkitpro/libctru/lib/libcitro3d.a(mtx_ortho.o)
                0x00000000001046c0                Mtx_Ortho
 .text.Mtx_OrthoTilt
                0x000000000010478c       0xcc /opt/devkitpro/libctru/lib/libcitro3d.a(mtx_orthotilt.o)
                0x000000000010478c                Mtx_OrthoTilt
 .text._ZL21addrMapNodeComparatorPK11rbtree_nodeS1_
                0x0000000000104858       0x24 /opt/devkitpro/libctru/lib/libctru.a(vram.o)
 .text._ZL21addrMapNodeDestructorP11rbtree_node
                0x000000000010487c        0x4 /opt/devkitpro/libctru/lib/libctru.a(vram.o)
 .text.vramMemAlign
                0x0000000000104880      0x114 /opt/devkitpro/libctru/lib/libctru.a(vram.o)
                0x0000000000104880                vramMemAlign
 .text.vramAlloc
                0x0000000000104994        0x8 /opt/devkitpro/libctru/lib/libctru.a(vram.o)
                0x0000000000104994                vramAlloc
 .text.vramFree
                0x000000000010499c       0x5c /opt/devkitpro/libctru/lib/libctru.a(vram.o)
                0x000000000010499c                vramFree
 .text._ZL21addrMapNodeComparatorPK11rbtree_nodeS1_
                0x00000000001049f8       0x24 /opt/devkitpro/libctru/lib/libctru.a(linear.o)
 .text._ZL21addrMapNodeDestructorP11rbtree_node
                0x0000000000104a1c        0x4 /opt/devkitpro/libctru/lib/libctru.a(linear.o)
 .text.linearMemAlign
                0x0000000000104a20      0x120 /opt/devkitpro/libctru/lib/libctru.a(linear.o)
                0x0000000000104a20                linearMemAlign
 .text.linearAlloc
                0x0000000000104b40        0x8 /opt/devkitpro/libctru/lib/libctru.a(linear.o)
                0x0000000000104b40                linearAlloc
 .text.linearFree
                0x0000000000104b48       0x5c /opt/devkitpro/libctru/lib/libctru.a(linear.o)
                0x0000000000104b48                linearFree
 .text._ZN7MemPool13CoalesceRightEP8MemBlock
                0x0000000000104ba4       0x84 /opt/devkitpro/libctru/lib/libctru.a(mem_pool.o)
                0x0000000000104ba4                MemPool::CoalesceRight(MemBlock*)
 .text._ZN7MemPool8AllocateER8MemChunkmi
                0x0000000000104c28      0x170 /opt/devkitpro/libctru/lib/libctru.a(mem_pool.o)
                0x0000000000104c28                MemPool::Allocate(MemChunk&, unsigned long, int)
 .text._ZN7MemPool10DeallocateERK8MemChunk
                0x0000000000104d98       0xfc /opt/devkitpro/libctru/lib/libctru.a(mem_pool.o)
                0x0000000000104d98                MemPool::Deallocate(MemChunk const&)
 .text.osConvertVirtToPhys
                0x0000000000104e94       0x74 /opt/devkitpro/libctru/lib/libctru.a(os.o)
                0x0000000000104e94                osConvertVirtToPhys
 .text.osGetTimeRef
                0x0000000000104f08       0x54 /opt/devkitpro/libctru/lib/libctru.a(os.o)
                0x0000000000104f08                osGetTimeRef
 .text.osGetTime
                0x0000000000104f5c       0xe4 /opt/devkitpro/libctru/lib/libctru.a(os.o)
                0x0000000000104f5c                osGetTime
 .text.__libctru_gtod
                0x0000000000105040       0x74 /opt/devkitpro/libctru/lib/libctru.a(os.o)
                0x0000000000105040                __libctru_gtod
 .text.__ctru_speedup_config
                0x00000000001050b4       0x34 /opt/devkitpro/libctru/lib/libctru.a(os.o)
                0x00000000001050b4                __ctru_speedup_config
 .text.consoleDrawChar
                0x00000000001050e8      0x178 /opt/devkitpro/libctru/lib/libctru.a(console.o)
                0x00000000001050e8                consoleDrawChar
 .text.consolePrintChar
                0x0000000000105260      0x124 /opt/devkitpro/libctru/lib/libctru.a(console.o)
                0x0000000000105260                consolePrintChar
 .text.con_write
                0x0000000000105384      0xa00 /opt/devkitpro/libctru/lib/libctru.a(console.o)
                0x0000000000105384                con_write
 .text.consoleInit
                0x0000000000105d84      0x168 /opt/devkitpro/libctru/lib/libctru.a(console.o)
                0x0000000000105d84                consoleInit
 .text.newRow   0x0000000000105eec       0xf4 /opt/devkitpro/libctru/lib/libctru.a(console.o)
 .text.gfxPresentFramebuffer
                0x0000000000105fe0       0xd0 /opt/devkitpro/libctru/lib/libctru.a(gfx.o)
 .text.gfxIsWide
                0x00000000001060b0       0x1c /opt/devkitpro/libctru/lib/libctru.a(gfx.o)
                0x00000000001060b0                gfxIsWide
 .text.gfxSetScreenFormat
                0x00000000001060cc       0xec /opt/devkitpro/libctru/lib/libctru.a(gfx.o)
                0x00000000001060cc                gfxSetScreenFormat
 .text.gfxSetDoubleBuffering
                0x00000000001061b8       0x10 /opt/devkitpro/libctru/lib/libctru.a(gfx.o)
                0x00000000001061b8                gfxSetDoubleBuffering
 .text.gfxInit  0x00000000001061c8      0x108 /opt/devkitpro/libctru/lib/libctru.a(gfx.o)
                0x00000000001061c8                gfxInit
 .text.gfxInitDefault
                0x00000000001062d0       0x10 /opt/devkitpro/libctru/lib/libctru.a(gfx.o)
                0x00000000001062d0                gfxInitDefault
 .text.gfxExit  0x00000000001062e0       0xb4 /opt/devkitpro/libctru/lib/libctru.a(gfx.o)
                0x00000000001062e0                gfxExit
 .text.gfxGetFramebuffer
                0x0000000000106394       0xa0 /opt/devkitpro/libctru/lib/libctru.a(gfx.o)
                0x0000000000106394                gfxGetFramebuffer
 .text.gfxFlushBuffers
                0x0000000000106434      0x10c /opt/devkitpro/libctru/lib/libctru.a(gfx.o)
                0x0000000000106434                gfxFlushBuffers
 .text.gfxScreenSwapBuffers
                0x0000000000106540       0x30 /opt/devkitpro/libctru/lib/libctru.a(gfx.o)
                0x0000000000106540                gfxScreenSwapBuffers
 .text.gfxSwapBuffersGpu
                0x0000000000106570       0x50 /opt/devkitpro/libctru/lib/libctru.a(gfx.o)
                0x0000000000106570                gfxSwapBuffersGpu
 .text.shaderInstanceInit
                0x00000000001065c0      0x1e0 /opt/devkitpro/libctru/lib/libctru.a(shaderProgram.o)
                0x00000000001065c0                shaderInstanceInit
 .text.shaderInstanceGetUniformLocation
                0x00000000001067a0       0x18 /opt/devkitpro/libctru/lib/libctru.a(shaderProgram.o)
                0x00000000001067a0                shaderInstanceGetUniformLocation
 .text.shaderProgramInit
                0x00000000001067b8       0x1c /opt/devkitpro/libctru/lib/libctru.a(shaderProgram.o)
                0x00000000001067b8                shaderProgramInit
 .text.shaderProgramFree
                0x00000000001067d4       0x64 /opt/devkitpro/libctru/lib/libctru.a(shaderProgram.o)
                0x00000000001067d4                shaderProgramFree
 .text.shaderProgramSetVsh
                0x0000000000106838       0x80 /opt/devkitpro/libctru/lib/libctru.a(shaderProgram.o)
                0x0000000000106838                shaderProgramSetVsh
 .text.shaderProgramConfigure
                0x00000000001068b8      0x8c0 /opt/devkitpro/libctru/lib/libctru.a(shaderProgram.o)
                0x00000000001068b8                shaderProgramConfigure
 .text.DVLE_GenerateOutmap.part.0
                0x0000000000107178      0x1f8 /opt/devkitpro/libctru/lib/libctru.a(shbin.o)
 .text.DVLB_ParseFile
                0x0000000000107370      0x1cc /opt/devkitpro/libctru/lib/libctru.a(shbin.o)
                0x0000000000107370                DVLB_ParseFile
 .text.DVLB_Free
                0x000000000010753c       0x38 /opt/devkitpro/libctru/lib/libctru.a(shbin.o)
                0x000000000010753c                DVLB_Free
 .text.DVLE_GetUniformRegister
                0x0000000000107574       0x74 /opt/devkitpro/libctru/lib/libctru.a(shbin.o)
                0x0000000000107574                DVLE_GetUniformRegister
 .text.GX_BindQueue
                0x00000000001075e8       0x10 /opt/devkitpro/libctru/lib/libctru.a(gx.o)
                0x00000000001075e8                GX_BindQueue
 .text.GX_ProcessCommandList
                0x00000000001075f8       0x78 /opt/devkitpro/libctru/lib/libctru.a(gx.o)
                0x00000000001075f8                GX_ProcessCommandList
 .text.GX_MemoryFill
                0x0000000000107670       0x74 /opt/devkitpro/libctru/lib/libctru.a(gx.o)
                0x0000000000107670                GX_MemoryFill
 .text.GX_DisplayTransfer
                0x00000000001076e4       0x70 /opt/devkitpro/libctru/lib/libctru.a(gx.o)
                0x00000000001076e4                GX_DisplayTransfer
 .text.gxCmdQueueDoCommands.part.0
                0x0000000000107754       0x68 /opt/devkitpro/libctru/lib/libctru.a(gxqueue.o)
 .text.gxCmdQueueInterrupt
                0x00000000001077bc       0xc8 /opt/devkitpro/libctru/lib/libctru.a(gxqueue.o)
                0x00000000001077bc                gxCmdQueueInterrupt
 .text.gxCmdQueueClear
                0x0000000000107884       0x4c /opt/devkitpro/libctru/lib/libctru.a(gxqueue.o)
                0x0000000000107884                gxCmdQueueClear
 .text.gxCmdQueueAdd
                0x00000000001078d0       0xf8 /opt/devkitpro/libctru/lib/libctru.a(gxqueue.o)
                0x00000000001078d0                gxCmdQueueAdd
 .text.gxCmdQueueRun
                0x00000000001079c8       0x80 /opt/devkitpro/libctru/lib/libctru.a(gxqueue.o)
                0x00000000001079c8                gxCmdQueueRun
 .text.gxCmdQueueStop
                0x0000000000107a48       0x60 /opt/devkitpro/libctru/lib/libctru.a(gxqueue.o)
                0x0000000000107a48                gxCmdQueueStop
 .text.gxCmdQueueWait
                0x0000000000107aa8       0x74 /opt/devkitpro/libctru/lib/libctru.a(gxqueue.o)
                0x0000000000107aa8                gxCmdQueueWait
 .text.GPUCMD_Add
                0x0000000000107b1c      0x13c /opt/devkitpro/libctru/lib/libctru.a(gpu.o)
                0x0000000000107b1c                GPUCMD_Add
 .text.GPUCMD_Split
                0x0000000000107c58       0xac /opt/devkitpro/libctru/lib/libctru.a(gpu.o)
                0x0000000000107c58                GPUCMD_Split
 .text.f32tof16
                0x0000000000107d04       0x40 /opt/devkitpro/libctru/lib/libctru.a(gpu.o)
                0x0000000000107d04                f32tof16
 .text.f32tof24
                0x0000000000107d44       0x40 /opt/devkitpro/libctru/lib/libctru.a(gpu.o)
                0x0000000000107d44                f32tof24
 .text.f32tof31
                0x0000000000107d84       0x44 /opt/devkitpro/libctru/lib/libctru.a(gpu.o)
                0x0000000000107d84                f32tof31
 .text.gspHardwareInit
                0x0000000000107dc8      0xc58 /opt/devkitpro/libctru/lib/libctru.a(gspgpu.o)
 .text.gspInit  0x0000000000108a20      0x254 /opt/devkitpro/libctru/lib/libctru.a(gspgpu.o)
                0x0000000000108a20                gspInit
 .text.gspExit  0x0000000000108c74       0xf0 /opt/devkitpro/libctru/lib/libctru.a(gspgpu.o)
                0x0000000000108c74                gspExit
 .text.gspHasGpuRight
                0x0000000000108d64       0x10 /opt/devkitpro/libctru/lib/libctru.a(gspgpu.o)
                0x0000000000108d64                gspHasGpuRight
 .text.gspPresentBuffer
                0x0000000000108d74       0x98 /opt/devkitpro/libctru/lib/libctru.a(gspgpu.o)
                0x0000000000108d74                gspPresentBuffer
 .text.gspSetEventCallback
                0x0000000000108e0c       0x30 /opt/devkitpro/libctru/lib/libctru.a(gspgpu.o)
                0x0000000000108e0c                gspSetEventCallback
 .text.gspWaitForEvent
                0x0000000000108e3c       0x50 /opt/devkitpro/libctru/lib/libctru.a(gspgpu.o)
                0x0000000000108e3c                gspWaitForEvent
 .text.gspWaitForAnyEvent
                0x0000000000108e8c       0x4c /opt/devkitpro/libctru/lib/libctru.a(gspgpu.o)
                0x0000000000108e8c                gspWaitForAnyEvent
 .text.gspEventThreadMain
                0x0000000000108ed8      0x160 /opt/devkitpro/libctru/lib/libctru.a(gspgpu.o)
 .text.gspSubmitGxCommand
                0x0000000000109038      0x130 /opt/devkitpro/libctru/lib/libctru.a(gspgpu.o)
                0x0000000000109038                gspSubmitGxCommand
 .text.GSPGPU_FlushDataCache
                0x0000000000109168       0x50 /opt/devkitpro/libctru/lib/libctru.a(gspgpu.o)
                0x0000000000109168                GSPGPU_FlushDataCache
 .text.GSPGPU_SetLcdForceBlack
                0x00000000001091b8       0x34 /opt/devkitpro/libctru/lib/libctru.a(gspgpu.o)
                0x00000000001091b8                GSPGPU_SetLcdForceBlack
 .text.GSPGPU_AcquireRight
                0x00000000001091ec       0x68 /opt/devkitpro/libctru/lib/libctru.a(gspgpu.o)
                0x00000000001091ec                GSPGPU_AcquireRight
 .text.GSPGPU_ReleaseRight
                0x0000000000109254       0x48 /opt/devkitpro/libctru/lib/libctru.a(gspgpu.o)
                0x0000000000109254                GSPGPU_ReleaseRight
 .text.GSPGPU_ImportDisplayCaptureInfo
                0x000000000010929c       0x7c /opt/devkitpro/libctru/lib/libctru.a(gspgpu.o)
                0x000000000010929c                GSPGPU_ImportDisplayCaptureInfo
 .text.GSPGPU_SaveVramSysArea
                0x0000000000109318       0x2c /opt/devkitpro/libctru/lib/libctru.a(gspgpu.o)
                0x0000000000109318                GSPGPU_SaveVramSysArea
 .text.GSPGPU_RestoreVramSysArea
                0x0000000000109344       0x2c /opt/devkitpro/libctru/lib/libctru.a(gspgpu.o)
                0x0000000000109344                GSPGPU_RestoreVramSysArea
 .text.aptConvertScreenForCapture
                0x0000000000109370      0x1b0 /opt/devkitpro/libctru/lib/libctru.a(apt.o)
 .text.aptDspSleep
                0x0000000000109520        0x8 /opt/devkitpro/libctru/lib/libctru.a(apt.o)
                0x0000000000109520                aptDspSleep
 .text.aptDspWakeup
                0x0000000000109528        0x4 /opt/devkitpro/libctru/lib/libctru.a(apt.o)
                0x0000000000109528                aptDspWakeup
 .text.aptDspCancel
                0x000000000010952c        0x4 /opt/devkitpro/libctru/lib/libctru.a(apt.o)
                0x000000000010952c                aptDspCancel
 .text.aptSendCommand
                0x0000000000109530      0x15c /opt/devkitpro/libctru/lib/libctru.a(apt.o)
                0x0000000000109530                aptSendCommand
 .text.aptExitProcess
                0x000000000010968c       0x38 /opt/devkitpro/libctru/lib/libctru.a(apt.o)
 .text.aptExit  0x00000000001096c4      0x2f0 /opt/devkitpro/libctru/lib/libctru.a(apt.o)
                0x00000000001096c4                aptExit
 .text.aptHandleSleep
                0x00000000001099b4       0xd8 /opt/devkitpro/libctru/lib/libctru.a(apt.o)
                0x00000000001099b4                aptHandleSleep
 .text.aptHook  0x0000000000109a8c       0x30 /opt/devkitpro/libctru/lib/libctru.a(apt.o)
                0x0000000000109a8c                aptHook
 .text.aptUnhook
                0x0000000000109abc       0x30 /opt/devkitpro/libctru/lib/libctru.a(apt.o)
                0x0000000000109abc                aptUnhook
 .text.APT_SleepIfShellClosed
                0x0000000000109aec       0x84 /opt/devkitpro/libctru/lib/libctru.a(apt.o)
                0x0000000000109aec                APT_SleepIfShellClosed
 .text.aptSetSleepAllowed
                0x0000000000109b70       0x84 /opt/devkitpro/libctru/lib/libctru.a(apt.o)
                0x0000000000109b70                aptSetSleepAllowed
 .text.APT_UnlockTransition
                0x0000000000109bf4       0x84 /opt/devkitpro/libctru/lib/libctru.a(apt.o)
                0x0000000000109bf4                APT_UnlockTransition
 .text.aptEventHandler
                0x0000000000109c78      0x484 /opt/devkitpro/libctru/lib/libctru.a(apt.o)
 .text.APT_ReceiveParameter
                0x000000000010a0fc       0xb0 /opt/devkitpro/libctru/lib/libctru.a(apt.o)
                0x000000000010a0fc                APT_ReceiveParameter
 .text.aptReceiveParameter.constprop.0
                0x000000000010a1ac       0xb0 /opt/devkitpro/libctru/lib/libctru.a(apt.o)
 *fill*         0x000000000010a25c        0x4 
 .text.aptScreenTransfer
                0x000000000010a260      0x2bc /opt/devkitpro/libctru/lib/libctru.a(apt.o)
 .text.aptWaitForWakeUp.isra.0
                0x000000000010a51c      0x2d0 /opt/devkitpro/libctru/lib/libctru.a(apt.o)
 .text.aptJumpToHomeMenu
                0x000000000010a7ec       0xf8 /opt/devkitpro/libctru/lib/libctru.a(apt.o)
                0x000000000010a7ec                aptJumpToHomeMenu
 .text.aptMainLoop
                0x000000000010a8e4       0x4c /opt/devkitpro/libctru/lib/libctru.a(apt.o)
                0x000000000010a8e4                aptMainLoop
 .text.aptInit  0x000000000010a930      0x234 /opt/devkitpro/libctru/lib/libctru.a(apt.o)
                0x000000000010a930                aptInit
 .text.APT_CheckNew3DS
                0x000000000010ab64       0x7c /opt/devkitpro/libctru/lib/libctru.a(apt.o)
                0x000000000010ab64                APT_CheckNew3DS
 .text.hidShouldUseIrrst
                0x000000000010abe0       0x24 /opt/devkitpro/libctru/lib/libctru.a(hid.o)
                0x000000000010abe0                hidShouldUseIrrst
 .text.hidInit  0x000000000010ac04      0x18c /opt/devkitpro/libctru/lib/libctru.a(hid.o)
                0x000000000010ac04                hidInit
 .text.hidExit  0x000000000010ad90       0xe8 /opt/devkitpro/libctru/lib/libctru.a(hid.o)
                0x000000000010ad90                hidExit
 .text.hidScanInput
                0x000000000010ae78      0x294 /opt/devkitpro/libctru/lib/libctru.a(hid.o)
                0x000000000010ae78                hidScanInput
 .text.hidKeysHeld
                0x000000000010b10c       0x10 /opt/devkitpro/libctru/lib/libctru.a(hid.o)
                0x000000000010b10c                hidKeysHeld
 .text.hidKeysDown
                0x000000000010b11c       0x10 /opt/devkitpro/libctru/lib/libctru.a(hid.o)
                0x000000000010b11c                hidKeysDown
 .text.hidCircleRead
                0x000000000010b12c       0x18 /opt/devkitpro/libctru/lib/libctru.a(hid.o)
                0x000000000010b12c                hidCircleRead
 .text.ptmSysmInit
                0x000000000010b144       0x74 /opt/devkitpro/libctru/lib/libctru.a(ptmsysm.o)
                0x000000000010b144                ptmSysmInit
 .text.ptmSysmExit
                0x000000000010b1b8       0x3c /opt/devkitpro/libctru/lib/libctru.a(ptmsysm.o)
                0x000000000010b1b8                ptmSysmExit
 .text.PTMSYSM_ConfigureNew3DSCPU
                0x000000000010b1f4       0x34 /opt/devkitpro/libctru/lib/libctru.a(ptmsysm.o)
                0x000000000010b1f4                PTMSYSM_ConfigureNew3DSCPU
 .text.rbtree_init
                0x000000000010b228       0x10 /opt/devkitpro/libctru/lib/libctru.a(rbtree_init.o)
                0x000000000010b228                rbtree_init
 .text.do_insert
                0x000000000010b238      0x1a0 /opt/devkitpro/libctru/lib/libctru.a(rbtree_insert.o)
 .text.rbtree_insert
                0x000000000010b3d8        0x8 /opt/devkitpro/libctru/lib/libctru.a(rbtree_insert.o)
                0x000000000010b3d8                rbtree_insert
 .text.rbtree_rotate
                0x000000000010b3e0       0x90 /opt/devkitpro/libctru/lib/libctru.a(rbtree_rotate.o)
                0x000000000010b3e0                rbtree_rotate
 .text.rbtree_remove
                0x000000000010b470      0x338 /opt/devkitpro/libctru/lib/libctru.a(rbtree_remove.o)
                0x000000000010b470                rbtree_remove
 .text.rbtree_find
                0x000000000010b7a8       0x74 /opt/devkitpro/libctru/lib/libctru.a(rbtree_find.o)
                0x000000000010b7a8                rbtree_find
 *fill*         0x000000000010b81c        0x4 
 .text.__system_allocateHeaps
                0x000000000010b820      0x1e0 /opt/devkitpro/libctru/lib/libctru.a(allocateHeaps.o)
                0x000000000010b820                __system_allocateHeaps
 .text.__libctru_init
                0x000000000010ba00       0x38 /opt/devkitpro/libctru/lib/libctru.a(ctru_init.o)
                0x000000000010ba00                __libctru_init
 .text.__system_initArgv
                0x000000000010ba38       0xf0 /opt/devkitpro/libctru/lib/libctru.a(initArgv.o)
                0x000000000010ba38                __system_initArgv
 .text.svcControlMemory
                0x000000000010bb28       0x20 /opt/devkitpro/libctru/lib/libctru.a(svc.o)
                0x000000000010bb28                svcControlMemory
 .text.svcQueryMemory
                0x000000000010bb48       0x30 /opt/devkitpro/libctru/lib/libctru.a(svc.o)
                0x000000000010bb48                svcQueryMemory
 .text.svcExitProcess
                0x000000000010bb78        0x8 /opt/devkitpro/libctru/lib/libctru.a(svc.o)
                0x000000000010bb78                svcExitProcess
 .text.svcCreateThread
                0x000000000010bb80       0x20 /opt/devkitpro/libctru/lib/libctru.a(svc.o)
                0x000000000010bb80                svcCreateThread
 .text.svcExitThread
                0x000000000010bba0        0x8 /opt/devkitpro/libctru/lib/libctru.a(svc.o)
                0x000000000010bba0                svcExitThread
 .text.svcSleepThread
                0x000000000010bba8        0x8 /opt/devkitpro/libctru/lib/libctru.a(svc.o)
                0x000000000010bba8                svcSleepThread
 .text.svcReleaseMutex
                0x000000000010bbb0        0x8 /opt/devkitpro/libctru/lib/libctru.a(svc.o)
                0x000000000010bbb0                svcReleaseMutex
 .text.svcCreateEvent
                0x000000000010bbb8       0x14 /opt/devkitpro/libctru/lib/libctru.a(svc.o)
                0x000000000010bbb8                svcCreateEvent
 .text.svcSignalEvent
                0x000000000010bbcc        0x8 /opt/devkitpro/libctru/lib/libctru.a(svc.o)
                0x000000000010bbcc                svcSignalEvent
 .text.svcClearEvent
                0x000000000010bbd4        0x8 /opt/devkitpro/libctru/lib/libctru.a(svc.o)
                0x000000000010bbd4                svcClearEvent
 .text.svcMapMemoryBlock
                0x000000000010bbdc        0x8 /opt/devkitpro/libctru/lib/libctru.a(svc.o)
                0x000000000010bbdc                svcMapMemoryBlock
 .text.svcUnmapMemoryBlock
                0x000000000010bbe4        0x8 /opt/devkitpro/libctru/lib/libctru.a(svc.o)
                0x000000000010bbe4                svcUnmapMemoryBlock
 .text.svcCreateAddressArbiter
                0x000000000010bbec       0x14 /opt/devkitpro/libctru/lib/libctru.a(svc.o)
                0x000000000010bbec                svcCreateAddressArbiter
 .text.svcArbitrateAddressNoTimeout
                0x000000000010bc00        0x8 /opt/devkitpro/libctru/lib/libctru.a(svc.o)
                0x000000000010bc00                svcArbitrateAddressNoTimeout
 .text.svcCloseHandle
                0x000000000010bc08        0x8 /opt/devkitpro/libctru/lib/libctru.a(svc.o)
                0x000000000010bc08                svcCloseHandle
 .text.svcWaitSynchronization
                0x000000000010bc10        0x8 /opt/devkitpro/libctru/lib/libctru.a(svc.o)
                0x000000000010bc10                svcWaitSynchronization
 .text.svcWaitSynchronizationN
                0x000000000010bc18       0x28 /opt/devkitpro/libctru/lib/libctru.a(svc.o)
                0x000000000010bc18                svcWaitSynchronizationN
 .text.svcDuplicateHandle
                0x000000000010bc40       0x14 /opt/devkitpro/libctru/lib/libctru.a(svc.o)
                0x000000000010bc40                svcDuplicateHandle
 .text.svcGetSystemTick
                0x000000000010bc54        0x8 /opt/devkitpro/libctru/lib/libctru.a(svc.o)
                0x000000000010bc54                svcGetSystemTick
 .text.svcConnectToPort
                0x000000000010bc5c       0x14 /opt/devkitpro/libctru/lib/libctru.a(svc.o)
                0x000000000010bc5c                svcConnectToPort
 .text.svcSendSyncRequest
                0x000000000010bc70        0x8 /opt/devkitpro/libctru/lib/libctru.a(svc.o)
                0x000000000010bc70                svcSendSyncRequest
 .text.svcGetResourceLimit
                0x000000000010bc78       0x14 /opt/devkitpro/libctru/lib/libctru.a(svc.o)
                0x000000000010bc78                svcGetResourceLimit
 .text.svcGetResourceLimitLimitValues
                0x000000000010bc8c        0x8 /opt/devkitpro/libctru/lib/libctru.a(svc.o)
                0x000000000010bc8c                svcGetResourceLimitLimitValues
 .text.svcGetResourceLimitCurrentValues
                0x000000000010bc94        0x8 /opt/devkitpro/libctru/lib/libctru.a(svc.o)
                0x000000000010bc94                svcGetResourceLimitCurrentValues
 .text.svcBreak
                0x000000000010bc9c        0x8 /opt/devkitpro/libctru/lib/libctru.a(svc.o)
                0x000000000010bc9c                svcBreak
 .text.initSystem
                0x000000000010bca4       0x50 /opt/devkitpro/libctru/lib/libctru.a(stack_adjust.o)
                0x000000000010bca4                initSystem
 .text.__ctru_exit
                0x000000000010bcf4       0x18 /opt/devkitpro/libctru/lib/libctru.a(stack_adjust.o)
                0x000000000010bcf4                __ctru_exit
 .text.__sync_init
                0x000000000010bd0c        0xc /opt/devkitpro/libctru/lib/libctru.a(synchronization.o)
                0x000000000010bd0c                __sync_init
 .text.__sync_fini
                0x000000000010bd18       0x18 /opt/devkitpro/libctru/lib/libctru.a(synchronization.o)
                0x000000000010bd18                __sync_fini
 .text.syncArbitrateAddress
                0x000000000010bd30       0x2c /opt/devkitpro/libctru/lib/libctru.a(synchronization.o)
                0x000000000010bd30                syncArbitrateAddress
 .text.LightLock_Init
                0x000000000010bd5c       0x1c /opt/devkitpro/libctru/lib/libctru.a(synchronization.o)
                0x000000000010bd5c                LightLock_Init
 .text.LightLock_Lock
                0x000000000010bd78       0x94 /opt/devkitpro/libctru/lib/libctru.a(synchronization.o)
                0x000000000010bd78                LightLock_Lock
 .text.LightLock_TryLock
                0x000000000010be0c       0x44 /opt/devkitpro/libctru/lib/libctru.a(synchronization.o)
                0x000000000010be0c                LightLock_TryLock
 .text.LightLock_Unlock
                0x000000000010be50       0x40 /opt/devkitpro/libctru/lib/libctru.a(synchronization.o)
                0x000000000010be50                LightLock_Unlock
 .text.RecursiveLock_Init
                0x000000000010be90       0x24 /opt/devkitpro/libctru/lib/libctru.a(synchronization.o)
                0x000000000010be90                RecursiveLock_Init
 .text.RecursiveLock_Lock
                0x000000000010beb4       0x30 /opt/devkitpro/libctru/lib/libctru.a(synchronization.o)
                0x000000000010beb4                RecursiveLock_Lock
 .text.RecursiveLock_TryLock
                0x000000000010bee4       0x78 /opt/devkitpro/libctru/lib/libctru.a(synchronization.o)
                0x000000000010bee4                RecursiveLock_TryLock
 .text.RecursiveLock_Unlock
                0x000000000010bf5c       0x54 /opt/devkitpro/libctru/lib/libctru.a(synchronization.o)
                0x000000000010bf5c                RecursiveLock_Unlock
 .text.LightEvent_Init
                0x000000000010bfb0       0x40 /opt/devkitpro/libctru/lib/libctru.a(synchronization.o)
                0x000000000010bfb0                LightEvent_Init
 .text.LightEvent_Clear
                0x000000000010bff0       0xa4 /opt/devkitpro/libctru/lib/libctru.a(synchronization.o)
                0x000000000010bff0                LightEvent_Clear
 .text.LightEvent_Signal
                0x000000000010c094       0xc8 /opt/devkitpro/libctru/lib/libctru.a(synchronization.o)
                0x000000000010c094                LightEvent_Signal
 .text.LightEvent_TryWait
                0x000000000010c15c       0x58 /opt/devkitpro/libctru/lib/libctru.a(synchronization.o)
                0x000000000010c15c                LightEvent_TryWait
 .text.LightEvent_Wait
                0x000000000010c1b4       0xb0 /opt/devkitpro/libctru/lib/libctru.a(synchronization.o)
                0x000000000010c1b4                LightEvent_Wait
 .text.srvInit  0x000000000010c264      0x124 /opt/devkitpro/libctru/lib/libctru.a(srv.o)
                0x000000000010c264                srvInit
 .text.srvExit  0x000000000010c388       0x58 /opt/devkitpro/libctru/lib/libctru.a(srv.o)
                0x000000000010c388                srvExit
 .text.srvGetServiceHandleDirect
                0x000000000010c3e0       0x80 /opt/devkitpro/libctru/lib/libctru.a(srv.o)
                0x000000000010c3e0                srvGetServiceHandleDirect
 .text.srvGetServiceHandle
                0x000000000010c460       0x48 /opt/devkitpro/libctru/lib/libctru.a(srv.o)
                0x000000000010c460                srvGetServiceHandle
 .text.srvPublishToSubscriber
                0x000000000010c4a8       0x38 /opt/devkitpro/libctru/lib/libctru.a(srv.o)
                0x000000000010c4a8                srvPublishToSubscriber
 .text.threadCreate
                0x000000000010c4e0      0x188 /opt/devkitpro/libctru/lib/libctru.a(thread.o)
                0x000000000010c4e0                threadCreate
 .text.threadFree
                0x000000000010c668       0x2c /opt/devkitpro/libctru/lib/libctru.a(thread.o)
                0x000000000010c668                threadFree
 .text.threadJoin
                0x000000000010c694       0x24 /opt/devkitpro/libctru/lib/libctru.a(thread.o)
                0x000000000010c694                threadJoin
 .text.threadGetCurrent
                0x000000000010c6b8       0x30 /opt/devkitpro/libctru/lib/libctru.a(thread.o)
                0x000000000010c6b8                threadGetCurrent
 .text.threadExit
                0x000000000010c6e8       0x40 /opt/devkitpro/libctru/lib/libctru.a(thread.o)
                0x000000000010c6e8                threadExit
 .text._thread_begin
                0x000000000010c728       0x44 /opt/devkitpro/libctru/lib/libctru.a(thread.o)
 .text.mappableFindAddressWithin
                0x000000000010c76c       0x94 /opt/devkitpro/libctru/lib/libctru.a(mappable.o)
 .text.mappableInit
                0x000000000010c800       0x28 /opt/devkitpro/libctru/lib/libctru.a(mappable.o)
                0x000000000010c800                mappableInit
 .text.mappableAlloc
                0x000000000010c828       0x80 /opt/devkitpro/libctru/lib/libctru.a(mappable.o)
                0x000000000010c828                mappableAlloc
 .text.mappableFree
                0x000000000010c8a8        0x4 /opt/devkitpro/libctru/lib/libctru.a(mappable.o)
                0x000000000010c8a8                mappableFree
 .text.irrstInit
                0x000000000010c8ac      0x160 /opt/devkitpro/libctru/lib/libctru.a(irrst.o)
                0x000000000010c8ac                irrstInit
 .text.irrstExit
                0x000000000010ca0c       0xcc /opt/devkitpro/libctru/lib/libctru.a(irrst.o)
                0x000000000010ca0c                irrstExit
 .text.irrstScanInput
                0x000000000010cad8       0xb0 /opt/devkitpro/libctru/lib/libctru.a(irrst.o)
                0x000000000010cad8                irrstScanInput
 .text.irrstKeysHeld
                0x000000000010cb88       0x24 /opt/devkitpro/libctru/lib/libctru.a(irrst.o)
                0x000000000010cb88                irrstKeysHeld
 .text.srvPmGetSessionHandle
                0x000000000010cbac        0xc /opt/devkitpro/libctru/lib/libctru.a(srvpm.o)
                0x000000000010cbac                srvPmGetSessionHandle
 .text.rbtree_node_next
                0x000000000010cbb8       0x50 /opt/devkitpro/libctru/lib/libctru.a(rbtree_iterator.o)
                0x000000000010cbb8                rbtree_node_next
 .text.__appInit
                0x000000000010cc08       0x30 /opt/devkitpro/libctru/lib/libctru.a(appInit.o)
                0x000000000010cc08                __appInit
 .text.__libctru_nanosleep
                0x000000000010cc38       0x30 /opt/devkitpro/libctru/lib/libctru.a(syscalls.o)
 .text.__libctru_get_reent
                0x000000000010cc68       0x30 /opt/devkitpro/libctru/lib/libctru.a(syscalls.o)
 .text.__system_initSyscalls
                0x000000000010cc98       0xf8 /opt/devkitpro/libctru/lib/libctru.a(syscalls.o)
                0x000000000010cc98                __system_initSyscalls
 .text.__appExit
                0x000000000010cd90       0x30 /opt/devkitpro/libctru/lib/libctru.a(appExit.o)
                0x000000000010cd90                __appExit
 .text.__libctru_exit
                0x000000000010cdc0       0x90 /opt/devkitpro/libctru/lib/libctru.a(ctru_exit.o)
                0x000000000010cdc0                __libctru_exit
 .text.envGetHandle
                0x000000000010ce50       0x84 /opt/devkitpro/libctru/lib/libctru.a(env.o)
                0x000000000010ce50                envGetHandle
 .text.envDestroyHandles
                0x000000000010ced4       0x50 /opt/devkitpro/libctru/lib/libctru.a(env.o)
                0x000000000010ced4                envDestroyHandles
 .text.archive_link
                0x000000000010cf24       0x14 /opt/devkitpro/libctru/lib/libctru.a(archive_dev.o)
 .text.archive_dirreset
                0x000000000010cf38       0x14 /opt/devkitpro/libctru/lib/libctru.a(archive_dev.o)
 .text.archive_chmod
                0x000000000010cf4c       0x14 /opt/devkitpro/libctru/lib/libctru.a(archive_dev.o)
 .text.error_cmp
                0x000000000010cf60       0x24 /opt/devkitpro/libctru/lib/libctru.a(archive_dev.o)
 .text.archive_translate_error
                0x000000000010cf84       0x50 /opt/devkitpro/libctru/lib/libctru.a(archive_dev.o)
 .text.archive_seek
                0x000000000010cfd4       0xd4 /opt/devkitpro/libctru/lib/libctru.a(archive_dev.o)
 .text._archiveInit.part.0
                0x000000000010d0a8       0x7c /opt/devkitpro/libctru/lib/libctru.a(archive_dev.o)
 .text.archiveFindDevice.part.0
                0x000000000010d124       0x8c /opt/devkitpro/libctru/lib/libctru.a(archive_dev.o)
 .text.archive_utf16path
                0x000000000010d1b0      0x294 /opt/devkitpro/libctru/lib/libctru.a(archive_dev.o)
 .text._archiveUnmountDeviceStruct.part.0
                0x000000000010d444       0xa0 /opt/devkitpro/libctru/lib/libctru.a(archive_dev.o)
 .text.archive_fchmod
                0x000000000010d4e4       0x14 /opt/devkitpro/libctru/lib/libctru.a(archive_dev.o)
 .text.archive_statvfs
                0x000000000010d4f8       0x14 /opt/devkitpro/libctru/lib/libctru.a(archive_dev.o)
 .text._archiveMountDevice
                0x000000000010d50c      0x158 /opt/devkitpro/libctru/lib/libctru.a(archive_dev.o)
 .text.archive_diropen
                0x000000000010d664       0xe8 /opt/devkitpro/libctru/lib/libctru.a(archive_dev.o)
 .text.archive_fstat
                0x000000000010d74c       0xa4 /opt/devkitpro/libctru/lib/libctru.a(archive_dev.o)
 .text.archive_close
                0x000000000010d7f0       0x6c /opt/devkitpro/libctru/lib/libctru.a(archive_dev.o)
 .text.archive_fsync
                0x000000000010d85c       0x6c /opt/devkitpro/libctru/lib/libctru.a(archive_dev.o)
 .text.archive_dirclose
                0x000000000010d8c8       0x70 /opt/devkitpro/libctru/lib/libctru.a(archive_dev.o)
 .text.sdmc_statvfs
                0x000000000010d938       0xe8 /opt/devkitpro/libctru/lib/libctru.a(archive_dev.o)
 .text.archive_ftruncate
                0x000000000010da20       0x80 /opt/devkitpro/libctru/lib/libctru.a(archive_dev.o)
 .text.archive_chdir
                0x000000000010daa0       0xfc /opt/devkitpro/libctru/lib/libctru.a(archive_dev.o)
 .text.archive_read
                0x000000000010db9c       0xb0 /opt/devkitpro/libctru/lib/libctru.a(archive_dev.o)
 .text.archive_unlink
                0x000000000010dc4c       0xac /opt/devkitpro/libctru/lib/libctru.a(archive_dev.o)
 .text.archive_rmdir
                0x000000000010dcf8       0xc8 /opt/devkitpro/libctru/lib/libctru.a(archive_dev.o)
 .text.archive_mkdir
                0x000000000010ddc0       0xec /opt/devkitpro/libctru/lib/libctru.a(archive_dev.o)
 .text.archive_stat
                0x000000000010deac      0x1a8 /opt/devkitpro/libctru/lib/libctru.a(archive_dev.o)
 .text.archive_rename
                0x000000000010e054      0x184 /opt/devkitpro/libctru/lib/libctru.a(archive_dev.o)
 .text.archive_dirnext
                0x000000000010e1d8      0x168 /opt/devkitpro/libctru/lib/libctru.a(archive_dev.o)
 .text.archive_write
                0x000000000010e340      0x12c /opt/devkitpro/libctru/lib/libctru.a(archive_dev.o)
 .text.archive_open
                0x000000000010e46c      0x1f0 /opt/devkitpro/libctru/lib/libctru.a(archive_dev.o)
 .text.archiveMountSdmc
                0x000000000010e65c      0x1a4 /opt/devkitpro/libctru/lib/libctru.a(archive_dev.o)
                0x000000000010e65c                archiveMountSdmc
 .text.archiveUnmountAll
                0x000000000010e800       0x54 /opt/devkitpro/libctru/lib/libctru.a(archive_dev.o)
                0x000000000010e800                archiveUnmountAll
 .text.fsInit   0x000000000010e854       0xc8 /opt/devkitpro/libctru/lib/libctru.a(fs.o)
                0x000000000010e854                fsInit
 .text.fsExit   0x000000000010e91c       0x3c /opt/devkitpro/libctru/lib/libctru.a(fs.o)
                0x000000000010e91c                fsExit
 .text.fsExemptFromSession
                0x000000000010e958       0x60 /opt/devkitpro/libctru/lib/libctru.a(fs.o)
                0x000000000010e958                fsExemptFromSession
 .text.fsUnexemptFromSession
                0x000000000010e9b8       0x50 /opt/devkitpro/libctru/lib/libctru.a(fs.o)
                0x000000000010e9b8                fsUnexemptFromSession
 .text.FSUSER_OpenFile
                0x000000000010ea08       0xcc /opt/devkitpro/libctru/lib/libctru.a(fs.o)
                0x000000000010ea08                FSUSER_OpenFile
 .text.FSUSER_DeleteFile
                0x000000000010ead4       0xbc /opt/devkitpro/libctru/lib/libctru.a(fs.o)
                0x000000000010ead4                FSUSER_DeleteFile
 .text.FSUSER_RenameFile
                0x000000000010eb90       0xf8 /opt/devkitpro/libctru/lib/libctru.a(fs.o)
                0x000000000010eb90                FSUSER_RenameFile
 .text.FSUSER_DeleteDirectory
                0x000000000010ec88       0xbc /opt/devkitpro/libctru/lib/libctru.a(fs.o)
                0x000000000010ec88                FSUSER_DeleteDirectory
 .text.FSUSER_CreateFile
                0x000000000010ed44       0xd4 /opt/devkitpro/libctru/lib/libctru.a(fs.o)
                0x000000000010ed44                FSUSER_CreateFile
 .text.FSUSER_CreateDirectory
                0x000000000010ee18       0xc4 /opt/devkitpro/libctru/lib/libctru.a(fs.o)
                0x000000000010ee18                FSUSER_CreateDirectory
 .text.FSUSER_RenameDirectory
                0x000000000010eedc       0xf8 /opt/devkitpro/libctru/lib/libctru.a(fs.o)
                0x000000000010eedc                FSUSER_RenameDirectory
 .text.FSUSER_OpenDirectory
                0x000000000010efd4       0xb4 /opt/devkitpro/libctru/lib/libctru.a(fs.o)
                0x000000000010efd4                FSUSER_OpenDirectory
 .text.FSUSER_OpenArchive
                0x000000000010f088       0x94 /opt/devkitpro/libctru/lib/libctru.a(fs.o)
                0x000000000010f088                FSUSER_OpenArchive
 .text.FSUSER_CloseArchive
                0x000000000010f11c       0x8c /opt/devkitpro/libctru/lib/libctru.a(fs.o)
                0x000000000010f11c                FSUSER_CloseArchive
 .text.FSUSER_GetSdmcArchiveResource
                0x000000000010f1a8       0x74 /opt/devkitpro/libctru/lib/libctru.a(fs.o)
                0x000000000010f1a8                FSUSER_GetSdmcArchiveResource
 .text.FSUSER_IsSdmcWritable
                0x000000000010f21c       0x64 /opt/devkitpro/libctru/lib/libctru.a(fs.o)
                0x000000000010f21c                FSUSER_IsSdmcWritable
 .text.FSFILE_Read
                0x000000000010f280       0x58 /opt/devkitpro/libctru/lib/libctru.a(fs.o)
                0x000000000010f280                FSFILE_Read
 .text.FSFILE_Write
                0x000000000010f2d8       0x60 /opt/devkitpro/libctru/lib/libctru.a(fs.o)
                0x000000000010f2d8                FSFILE_Write
 .text.FSFILE_GetSize
                0x000000000010f338       0x38 /opt/devkitpro/libctru/lib/libctru.a(fs.o)
                0x000000000010f338                FSFILE_GetSize
 .text.FSFILE_SetSize
                0x000000000010f370       0x28 /opt/devkitpro/libctru/lib/libctru.a(fs.o)
                0x000000000010f370                FSFILE_SetSize
 .text.FSFILE_Close
                0x000000000010f398       0x3c /opt/devkitpro/libctru/lib/libctru.a(fs.o)
                0x000000000010f398                FSFILE_Close
 .text.FSFILE_Flush
                0x000000000010f3d4       0x24 /opt/devkitpro/libctru/lib/libctru.a(fs.o)
                0x000000000010f3d4                FSFILE_Flush
 .text.FSDIR_Read
                0x000000000010f3f8       0x50 /opt/devkitpro/libctru/lib/libctru.a(fs.o)
                0x000000000010f3f8                FSDIR_Read
 .text.FSDIR_Close
                0x000000000010f448       0x3c /opt/devkitpro/libctru/lib/libctru.a(fs.o)
                0x000000000010f448                FSDIR_Close
 .text.utf16_to_utf8
                0x000000000010f484       0xe8 /opt/devkitpro/libctru/lib/libctru.a(utf16_to_utf8.o)
                0x000000000010f484                utf16_to_utf8
 .text.decode_utf16
                0x000000000010f56c       0x64 /opt/devkitpro/libctru/lib/libctru.a(decode_utf16.o)
                0x000000000010f56c                decode_utf16
 .text.decode_utf8
                0x000000000010f5d0      0x13c /opt/devkitpro/libctru/lib/libctru.a(decode_utf8.o)
                0x000000000010f5d0                decode_utf8
 .text.utf8_to_utf16
                0x000000000010f70c       0xc0 /opt/devkitpro/libctru/lib/libctru.a(utf8_to_utf16.o)
                0x000000000010f70c                utf8_to_utf16
 .text.__aeabi_read_tp
                0x000000000010f7cc        0xc /opt/devkitpro/libctru/lib/libctru.a(readtp.o)
                0x000000000010f7cc                __aeabi_read_tp
 .text.encode_utf16
                0x000000000010f7d8       0x60 /opt/devkitpro/libctru/lib/libctru.a(encode_utf16.o)
                0x000000000010f7d8                encode_utf16
 .text.encode_utf8
                0x000000000010f838       0xfc /opt/devkitpro/libctru/lib/libctru.a(encode_utf8.o)
                0x000000000010f838                encode_utf8
 .text.sqrtf    0x000000000010f934       0x50 /opt/devkitpro/devkitARM/bin/../lib/gcc/arm-none-eabi/11.1.0/../../../../arm-none-eabi/lib/armv6k/fpu/libm.a(lib_a-wf_sqrt.o)
                0x000000000010f934                sqrtf
 .text.__ieee754_sqrtf
                0x000000000010f984        0x8 /opt/devkitpro/devkitARM/bin/../lib/gcc/arm-none-eabi/11.1.0/../../../../arm-none-eabi/lib/armv6k/fpu/libm.a(lib_a-ef_sqrt.o)
                0x000000000010f984                __ieee754_sqrtf
 .text.__udivmoddi4
                0x000000000010f98c      0x120 /opt/devkitpro/devkitARM/bin/../lib/gcc/arm-none-eabi/11.1.0/armv6k/fpu/libgcc.a(_udivmoddi4.o)
                0x000000000010f98c                __udivmoddi4
 .text.bsearch  0x000000000010faac       0x78 /opt/devkitpro/devkitARM/bin/../lib/gcc/arm-none-eabi/11.1.0/../../../../arm-none-eabi/lib/armv6k/fpu/libg.a(lib_a-bsearch.o)
                0x000000000010faac                bsearch
 .text.calloc   0x000000000010fb24       0x28 /opt/devkitpro/devkitARM/bin/../lib/gcc/arm-none-eabi/11.1.0/../../../../arm-none-eabi/lib/armv6k/fpu/libg.a(lib_a-calloc.o)
                0x000000000010fb24                calloc
 .text._calloc_r
                0x000000000010fb4c       0xbc /opt/devkitpro/devkitARM/bin/../lib/gcc/arm-none-eabi/11.1.0/../../../../arm-none-eabi/lib/armv6k/fpu/libg.a(lib_a-callocr.o)
                0x000000000010fb4c                _calloc_r
 .text.__errno  0x000000000010fc08        0xc /opt/devkitpro/devkitARM/bin/../lib/gcc/arm-none-eabi/11.1.0/../../../../arm-none-eabi/lib/armv6k/fpu/libg.a(lib_a-errno.o)
                0x000000000010fc08                __errno
 .text.exit     0x000000000010fc14       0x34 /opt/devkitpro/devkitARM/bin/../lib/gcc/arm-none-eabi/11.1.0/../../../../arm-none-eabi/lib/armv6k/fpu/libg.a(lib_a-exit.o)
                0x000000000010fc14                exit
 .text.__libc_fini_array
                0x000000000010fc48       0x3c /opt/devkitpro/devkitARM/bin/../lib/gcc/arm-none-eabi/11.1.0/../../../../arm-none-eabi/lib/armv6k/fpu/libg.a(lib_a-fini.o)
                0x000000000010fc48                __libc_fini_array
 .text.__libc_init_array
                0x000000000010fc84       0x7c /opt/devkitpro/devkitARM/bin/../lib/gcc/arm-none-eabi/11.1.0/../../../../arm-none-eabi/lib/armv6k/fpu/libg.a(lib_a-init.o)
                0x000000000010fc84                __libc_init_array
 .text.memalign
                0x000000000010fd00       0x28 /opt/devkitpro/devkitARM/bin/../lib/gcc/arm-none-eabi/11.1.0/../../../../arm-none-eabi/lib/armv6k/fpu/libg.a(lib_a-malign.o)
                0x000000000010fd00                memalign
 .text._memalign_r
                0x000000000010fd28      0x150 /opt/devkitpro/devkitARM/bin/../lib/gcc/arm-none-eabi/11.1.0/../../../../arm-none-eabi/lib/armv6k/fpu/libg.a(lib_a-malignr.o)
                0x000000000010fd28                _memalign_r
 .text.malloc   0x000000000010fe78       0x20 /opt/devkitpro/devkitARM/bin/../lib/gcc/arm-none-eabi/11.1.0/../../../../arm-none-eabi/lib/armv6k/fpu/libg.a(lib_a-malloc.o)
                0x000000000010fe78                malloc
 .text.free     0x000000000010fe98       0x20 /opt/devkitpro/devkitARM/bin/../lib/gcc/arm-none-eabi/11.1.0/../../../../arm-none-eabi/lib/armv6k/fpu/libg.a(lib_a-malloc.o)
                0x000000000010fe98                free
 .text._malloc_r
                0x000000000010feb8      0x7e0 /opt/devkitpro/devkitARM/bin/../lib/gcc/arm-none-eabi/11.1.0/../../../../arm-none-eabi/lib/armv6k/fpu/libg.a(lib_a-mallocr.o)
                0x000000000010feb8                _malloc_r
 .text.memchr   0x0000000000110698       0xe0 /opt/devkitpro/devkitARM/bin/../lib/gcc/arm-none-eabi/11.1.0/../../../../arm-none-eabi/lib/armv6k/fpu/libg.a(lib_a-memchr-stub.o)
                0x0000000000110698                memchr
 .text.memcpy   0x0000000000110778      0x11c /opt/devkitpro/devkitARM/bin/../lib/gcc/arm-none-eabi/11.1.0/../../../../arm-none-eabi/lib/armv6k/fpu/libg.a(lib_a-memcpy-stub.o)
                0x0000000000110778                memcpy
 .text.memset   0x0000000000110894      0x118 /opt/devkitpro/devkitARM/bin/../lib/gcc/arm-none-eabi/11.1.0/../../../../arm-none-eabi/lib/armv6k/fpu/libg.a(lib_a-memset.o)
                0x0000000000110894                memset
 .text.__malloc_lock
                0x00000000001109ac        0xc /opt/devkitpro/devkitARM/bin/../lib/gcc/arm-none-eabi/11.1.0/../../../../arm-none-eabi/lib/armv6k/fpu/libg.a(lib_a-mlock.o)
                0x00000000001109ac                __malloc_lock
 .text.__malloc_unlock
                0x00000000001109b8        0xc /opt/devkitpro/devkitARM/bin/../lib/gcc/arm-none-eabi/11.1.0/../../../../arm-none-eabi/lib/armv6k/fpu/libg.a(lib_a-mlock.o)
                0x00000000001109b8                __malloc_unlock
 .text.setvbuf  0x00000000001109c4      0x260 /opt/devkitpro/devkitARM/bin/../lib/gcc/arm-none-eabi/11.1.0/../../../../arm-none-eabi/lib/armv6k/fpu/libg.a(lib_a-setvbuf.o)
                0x00000000001109c4                setvbuf
 .text.sscanf   0x0000000000110c24       0x74 /opt/devkitpro/devkitARM/bin/../lib/gcc/arm-none-eabi/11.1.0/../../../../arm-none-eabi/lib/armv6k/fpu/libg.a(lib_a-sscanf.o)
                0x0000000000110c24                sscanf
 .text.__sread  0x0000000000110c98       0x44 /opt/devkitpro/devkitARM/bin/../lib/gcc/arm-none-eabi/11.1.0/../../../../arm-none-eabi/lib/armv6k/fpu/libg.a(lib_a-stdio.o)
                0x0000000000110c98                __sread
 .text.__seofread
                0x0000000000110cdc        0x8 /opt/devkitpro/devkitARM/bin/../lib/gcc/arm-none-eabi/11.1.0/../../../../arm-none-eabi/lib/armv6k/fpu/libg.a(lib_a-stdio.o)
                0x0000000000110cdc                __seofread
 .text.__swrite
                0x0000000000110ce4       0x68 /opt/devkitpro/devkitARM/bin/../lib/gcc/arm-none-eabi/11.1.0/../../../../arm-none-eabi/lib/armv6k/fpu/libg.a(lib_a-stdio.o)
                0x0000000000110ce4                __swrite
 .text.__sseek  0x0000000000110d4c       0x48 /opt/devkitpro/devkitARM/bin/../lib/gcc/arm-none-eabi/11.1.0/../../../../arm-none-eabi/lib/armv6k/fpu/libg.a(lib_a-stdio.o)
                0x0000000000110d4c                __sseek
 .text.__sclose
                0x0000000000110d94        0x8 /opt/devkitpro/devkitARM/bin/../lib/gcc/arm-none-eabi/11.1.0/../../../../arm-none-eabi/lib/armv6k/fpu/libg.a(lib_a-stdio.o)
                0x0000000000110d94                __sclose
 .text.strlen   0x0000000000110d9c       0x5c /opt/devkitpro/devkitARM/bin/../lib/gcc/arm-none-eabi/11.1.0/../../../../arm-none-eabi/lib/armv6k/fpu/libg.a(lib_a-strlen-stub.o)
                0x0000000000110d9c                strlen
 .text.strncat  0x0000000000110df8       0xec /opt/devkitpro/devkitARM/bin/../lib/gcc/arm-none-eabi/11.1.0/../../../../arm-none-eabi/lib/armv6k/fpu/libg.a(lib_a-strncat.o)
                0x0000000000110df8                strncat
 .text.strncmp  0x0000000000110ee4       0xdc /opt/devkitpro/devkitARM/bin/../lib/gcc/arm-none-eabi/11.1.0/../../../../arm-none-eabi/lib/armv6k/fpu/libg.a(lib_a-strncmp.o)
                0x0000000000110ee4                strncmp
 .text.strncpy  0x0000000000110fc0       0xc0 /opt/devkitpro/devkitARM/bin/../lib/gcc/arm-none-eabi/11.1.0/../../../../arm-none-eabi/lib/armv6k/fpu/libg.a(lib_a-strncpy.o)
                0x0000000000110fc0                strncpy
 .text.strnlen  0x0000000000111080       0x48 /opt/devkitpro/devkitARM/bin/../lib/gcc/arm-none-eabi/11.1.0/../../../../arm-none-eabi/lib/armv6k/fpu/libg.a(lib_a-strnlen.o)
                0x0000000000111080                strnlen
 .text.get_arg  0x00000000001110c8       0x50 /opt/devkitpro/devkitARM/bin/../lib/gcc/arm-none-eabi/11.1.0/../../../../arm-none-eabi/lib/armv6k/fpu/libg.a(lib_a-svfscanf.o)
 .text.__ssvfscanf_r
                0x0000000000111118     0x2bbc /opt/devkitpro/devkitARM/bin/../lib/gcc/arm-none-eabi/11.1.0/../../../../arm-none-eabi/lib/armv6k/fpu/libg.a(lib_a-svfscanf.o)
                0x0000000000111118                __ssvfscanf_r
 .text.get_arg  0x0000000000113cd4      0x628 /opt/devkitpro/devkitARM/bin/../lib/gcc/arm-none-eabi/11.1.0/../../../../arm-none-eabi/lib/armv6k/fpu/libg.a(lib_a-vfiprintf.o)
 .text.__sprint_r
                0x00000000001142fc       0x30 /opt/devkitpro/devkitARM/bin/../lib/gcc/arm-none-eabi/11.1.0/../../../../arm-none-eabi/lib/armv6k/fpu/libg.a(lib_a-vfiprintf.o)
                0x00000000001142fc                __sprint_r
 .text._vfiprintf_r
                0x000000000011432c     0x233c /opt/devkitpro/devkitARM/bin/../lib/gcc/arm-none-eabi/11.1.0/../../../../arm-none-eabi/lib/armv6k/fpu/libg.a(lib_a-vfiprintf.o)
                0x000000000011432c                _vfiprintf_r
 .text.__sbprintf
                0x0000000000116668       0xd4 /opt/devkitpro/devkitARM/bin/../lib/gcc/arm-none-eabi/11.1.0/../../../../arm-none-eabi/lib/armv6k/fpu/libg.a(lib_a-vfiprintf.o)
 .text._wcrtomb_r
                0x000000000011673c       0x54 /opt/devkitpro/devkitARM/bin/../lib/gcc/arm-none-eabi/11.1.0/../../../../arm-none-eabi/lib/armv6k/fpu/libg.a(lib_a-wcrtomb.o)
                0x000000000011673c                _wcrtomb_r
 .text._wcsrtombs_r
                0x0000000000116790       0x28 /opt/devkitpro/devkitARM/bin/../lib/gcc/arm-none-eabi/11.1.0/../../../../arm-none-eabi/lib/armv6k/fpu/libg.a(lib_a-wcsrtombs.o)
                0x0000000000116790                _wcsrtombs_r
 .text.__swsetup_r
                0x00000000001167b8      0x154 /opt/devkitpro/devkitARM/bin/../lib/gcc/arm-none-eabi/11.1.0/../../../../arm-none-eabi/lib/armv6k/fpu/libg.a(lib_a-wsetup.o)
                0x00000000001167b8                __swsetup_r
 .text.__call_exitprocs
                0x000000000011690c      0x114 /opt/devkitpro/devkitARM/bin/../lib/gcc/arm-none-eabi/11.1.0/../../../../arm-none-eabi/lib/armv6k/fpu/libg.a(lib_a-__call_atexit.o)
                0x000000000011690c                __call_exitprocs
 .text.__sflush_r
                0x0000000000116a20      0x258 /opt/devkitpro/devkitARM/bin/../lib/gcc/arm-none-eabi/11.1.0/../../../../arm-none-eabi/lib/armv6k/fpu/libg.a(lib_a-fflush.o)
                0x0000000000116a20                __sflush_r
 .text._fflush_r
                0x0000000000116c78       0x94 /opt/devkitpro/devkitARM/bin/../lib/gcc/arm-none-eabi/11.1.0/../../../../arm-none-eabi/lib/armv6k/fpu/libg.a(lib_a-fflush.o)
                0x0000000000116c78                _fflush_r
 .text._cleanup_r
                0x0000000000116d0c        0xc /opt/devkitpro/devkitARM/bin/../lib/gcc/arm-none-eabi/11.1.0/../../../../arm-none-eabi/lib/armv6k/fpu/libg.a(lib_a-findfp.o)
                0x0000000000116d0c                _cleanup_r
 .text.__sinit  0x0000000000116d18      0x184 /opt/devkitpro/devkitARM/bin/../lib/gcc/arm-none-eabi/11.1.0/../../../../arm-none-eabi/lib/armv6k/fpu/libg.a(lib_a-findfp.o)
                0x0000000000116d18                __sinit
 .text.__sfp_lock_acquire
                0x0000000000116e9c        0xc /opt/devkitpro/devkitARM/bin/../lib/gcc/arm-none-eabi/11.1.0/../../../../arm-none-eabi/lib/armv6k/fpu/libg.a(lib_a-findfp.o)
                0x0000000000116e9c                __sfp_lock_acquire
 .text.__sfp_lock_release
                0x0000000000116ea8        0xc /opt/devkitpro/devkitARM/bin/../lib/gcc/arm-none-eabi/11.1.0/../../../../arm-none-eabi/lib/armv6k/fpu/libg.a(lib_a-findfp.o)
                0x0000000000116ea8                __sfp_lock_release
 .text._malloc_trim_r
                0x0000000000116eb4       0xf8 /opt/devkitpro/devkitARM/bin/../lib/gcc/arm-none-eabi/11.1.0/../../../../arm-none-eabi/lib/armv6k/fpu/libg.a(lib_a-freer.o)
                0x0000000000116eb4                _malloc_trim_r
 .text._free_r  0x0000000000116fac      0x2e4 /opt/devkitpro/devkitARM/bin/../lib/gcc/arm-none-eabi/11.1.0/../../../../arm-none-eabi/lib/armv6k/fpu/libg.a(lib_a-freer.o)
                0x0000000000116fac                _free_r
 .text.__sfvwrite_r
                0x0000000000117290      0x4c0 /opt/devkitpro/devkitARM/bin/../lib/gcc/arm-none-eabi/11.1.0/../../../../arm-none-eabi/lib/armv6k/fpu/libg.a(lib_a-fvwrite.o)
                0x0000000000117290                __sfvwrite_r
 .text._fwalk_reent
                0x0000000000117750       0x70 /opt/devkitpro/devkitARM/bin/../lib/gcc/arm-none-eabi/11.1.0/../../../../arm-none-eabi/lib/armv6k/fpu/libg.a(lib_a-fwalk.o)
                0x0000000000117750                _fwalk_reent
 .text.iswspace
                0x00000000001177c0        0x8 /opt/devkitpro/devkitARM/bin/../lib/gcc/arm-none-eabi/11.1.0/../../../../arm-none-eabi/lib/armv6k/fpu/libg.a(lib_a-iswspace.o)
                0x00000000001177c0                iswspace
 .text._localeconv_r
                0x00000000001177c8        0xc /opt/devkitpro/devkitARM/bin/../lib/gcc/arm-none-eabi/11.1.0/../../../../arm-none-eabi/lib/armv6k/fpu/libg.a(lib_a-localeconv.o)
                0x00000000001177c8                _localeconv_r
 .text.__locale_mb_cur_max
                0x00000000001177d4       0x10 /opt/devkitpro/devkitARM/bin/../lib/gcc/arm-none-eabi/11.1.0/../../../../arm-none-eabi/lib/armv6k/fpu/libg.a(lib_a-locale.o)
                0x00000000001177d4                __locale_mb_cur_max
 .text.__smakebuf_r
                0x00000000001177e4      0x138 /opt/devkitpro/devkitARM/bin/../lib/gcc/arm-none-eabi/11.1.0/../../../../arm-none-eabi/lib/armv6k/fpu/libg.a(lib_a-makebuf.o)
                0x00000000001177e4                __smakebuf_r
 .text.__swhatbuf_r
                0x000000000011791c       0x8c /opt/devkitpro/devkitARM/bin/../lib/gcc/arm-none-eabi/11.1.0/../../../../arm-none-eabi/lib/armv6k/fpu/libg.a(lib_a-makebuf.o)
                0x000000000011791c                __swhatbuf_r
 .text._mbrtowc_r
                0x00000000001179a8       0x68 /opt/devkitpro/devkitARM/bin/../lib/gcc/arm-none-eabi/11.1.0/../../../../arm-none-eabi/lib/armv6k/fpu/libg.a(lib_a-mbrtowc.o)
                0x00000000001179a8                _mbrtowc_r
 .text.__utf8_mbtowc
                0x0000000000117a10      0x2e4 /opt/devkitpro/devkitARM/bin/../lib/gcc/arm-none-eabi/11.1.0/../../../../arm-none-eabi/lib/armv6k/fpu/libg.a(lib_a-mbtowc_r.o)
                0x0000000000117a10                __utf8_mbtowc
 .text.memmove  0x0000000000117cf4      0x154 /opt/devkitpro/devkitARM/bin/../lib/gcc/arm-none-eabi/11.1.0/../../../../arm-none-eabi/lib/armv6k/fpu/libg.a(lib_a-memmove.o)
                0x0000000000117cf4                memmove
 .text.realloc  0x0000000000117e48       0x28 /opt/devkitpro/devkitARM/bin/../lib/gcc/arm-none-eabi/11.1.0/../../../../arm-none-eabi/lib/armv6k/fpu/libg.a(lib_a-realloc.o)
                0x0000000000117e48                realloc
 .text._realloc_r
                0x0000000000117e70      0x558 /opt/devkitpro/devkitARM/bin/../lib/gcc/arm-none-eabi/11.1.0/../../../../arm-none-eabi/lib/armv6k/fpu/libg.a(lib_a-reallocr.o)
                0x0000000000117e70                _realloc_r
 .text.__sccl   0x00000000001183c8       0xe4 /opt/devkitpro/devkitARM/bin/../lib/gcc/arm-none-eabi/11.1.0/../../../../arm-none-eabi/lib/armv6k/fpu/libg.a(lib_a-sccl.o)
                0x00000000001183c8                __sccl
 .text.nanf     0x00000000001184ac        0xc /opt/devkitpro/devkitARM/bin/../lib/gcc/arm-none-eabi/11.1.0/../../../../arm-none-eabi/lib/armv6k/fpu/libg.a(lib_a-sf_nan.o)
                0x00000000001184ac                nanf
 .text.sprintf  0x00000000001184b8       0x64 /opt/devkitpro/devkitARM/bin/../lib/gcc/arm-none-eabi/11.1.0/../../../../arm-none-eabi/lib/armv6k/fpu/libg.a(lib_a-sprintf.o)
                0x00000000001184b8                sprintf
 .text.stpncpy  0x000000000011851c       0xb8 /opt/devkitpro/devkitARM/bin/../lib/gcc/arm-none-eabi/11.1.0/../../../../arm-none-eabi/lib/armv6k/fpu/libg.a(lib_a-stpncpy.o)
                0x000000000011851c                stpncpy
 .text.strchr   0x00000000001185d4      0x12c /opt/devkitpro/devkitARM/bin/../lib/gcc/arm-none-eabi/11.1.0/../../../../arm-none-eabi/lib/armv6k/fpu/libg.a(lib_a-strchr.o)
                0x00000000001185d4                strchr
 .text._strtod_l
                0x0000000000118700     0x1368 /opt/devkitpro/devkitARM/bin/../lib/gcc/arm-none-eabi/11.1.0/../../../../arm-none-eabi/lib/armv6k/fpu/libg.a(lib_a-strtod.o)
                0x0000000000118700                _strtod_l
 .text._strtod_r
                0x0000000000119a68        0xc /opt/devkitpro/devkitARM/bin/../lib/gcc/arm-none-eabi/11.1.0/../../../../arm-none-eabi/lib/armv6k/fpu/libg.a(lib_a-strtod.o)
                0x0000000000119a68                _strtod_r
 .text._strtoll_l.constprop.0
                0x0000000000119a74      0x22c /opt/devkitpro/devkitARM/bin/../lib/gcc/arm-none-eabi/11.1.0/../../../../arm-none-eabi/lib/armv6k/fpu/libg.a(lib_a-strtoll.o)
 .text._strtoll_r
                0x0000000000119ca0        0x4 /opt/devkitpro/devkitARM/bin/../lib/gcc/arm-none-eabi/11.1.0/../../../../arm-none-eabi/lib/armv6k/fpu/libg.a(lib_a-strtoll.o)
                0x0000000000119ca0                _strtoll_r
 .text._strtol_l.part.0
                0x0000000000119ca4      0x1a4 /opt/devkitpro/devkitARM/bin/../lib/gcc/arm-none-eabi/11.1.0/../../../../arm-none-eabi/lib/armv6k/fpu/libg.a(lib_a-strtol.o)
 .text._strtol_r
                0x0000000000119e48       0x3c /opt/devkitpro/devkitARM/bin/../lib/gcc/arm-none-eabi/11.1.0/../../../../arm-none-eabi/lib/armv6k/fpu/libg.a(lib_a-strtol.o)
                0x0000000000119e48                _strtol_r
 .text._strtoull_l.constprop.0
                0x0000000000119e84      0x244 /opt/devkitpro/devkitARM/bin/../lib/gcc/arm-none-eabi/11.1.0/../../../../arm-none-eabi/lib/armv6k/fpu/libg.a(lib_a-strtoull.o)
 .text._strtoull_r
                0x000000000011a0c8        0x4 /opt/devkitpro/devkitARM/bin/../lib/gcc/arm-none-eabi/11.1.0/../../../../arm-none-eabi/lib/armv6k/fpu/libg.a(lib_a-strtoull.o)
                0x000000000011a0c8                _strtoull_r
 .text._strtoul_l.constprop.0
                0x000000000011a0cc      0x1c4 /opt/devkitpro/devkitARM/bin/../lib/gcc/arm-none-eabi/11.1.0/../../../../arm-none-eabi/lib/armv6k/fpu/libg.a(lib_a-strtoul.o)
 .text._strtoul_r
                0x000000000011a290        0x4 /opt/devkitpro/devkitARM/bin/../lib/gcc/arm-none-eabi/11.1.0/../../../../arm-none-eabi/lib/armv6k/fpu/libg.a(lib_a-strtoul.o)
                0x000000000011a290                _strtoul_r
 .text.__ssprint_r
                0x000000000011a294      0x190 /opt/devkitpro/devkitARM/bin/../lib/gcc/arm-none-eabi/11.1.0/../../../../arm-none-eabi/lib/armv6k/fpu/libg.a(lib_a-svfiprintf.o)
                0x000000000011a294                __ssprint_r
 .text._sungetc_r
                0x000000000011a424       0xe0 /opt/devkitpro/devkitARM/bin/../lib/gcc/arm-none-eabi/11.1.0/../../../../arm-none-eabi/lib/armv6k/fpu/libg.a(lib_a-svfiscanf.o)
                0x000000000011a424                _sungetc_r
 .text.__ssrefill_r
                0x000000000011a504       0x6c /opt/devkitpro/devkitARM/bin/../lib/gcc/arm-none-eabi/11.1.0/../../../../arm-none-eabi/lib/armv6k/fpu/libg.a(lib_a-svfiscanf.o)
                0x000000000011a504                __ssrefill_r
 .text._sfread_r
                0x000000000011a570       0xc8 /opt/devkitpro/devkitARM/bin/../lib/gcc/arm-none-eabi/11.1.0/../../../../arm-none-eabi/lib/armv6k/fpu/libg.a(lib_a-svfiscanf.o)
                0x000000000011a570                _sfread_r
 .text.get_arg  0x000000000011a638      0x628 /opt/devkitpro/devkitARM/bin/../lib/gcc/arm-none-eabi/11.1.0/../../../../arm-none-eabi/lib/armv6k/fpu/libg.a(lib_a-svfprintf.o)
 .text._svfprintf_r
                0x000000000011ac60     0x35b8 /opt/devkitpro/devkitARM/bin/../lib/gcc/arm-none-eabi/11.1.0/../../../../arm-none-eabi/lib/armv6k/fpu/libg.a(lib_a-svfprintf.o)
                0x000000000011ac60                _svfprintf_r
 .text.__submore
                0x000000000011e218       0xa8 /opt/devkitpro/devkitARM/bin/../lib/gcc/arm-none-eabi/11.1.0/../../../../arm-none-eabi/lib/armv6k/fpu/libg.a(lib_a-ungetc.o)
                0x000000000011e218                __submore
 .text._wcsnrtombs_l
                0x000000000011e2c0      0x190 /opt/devkitpro/devkitARM/bin/../lib/gcc/arm-none-eabi/11.1.0/../../../../arm-none-eabi/lib/armv6k/fpu/libg.a(lib_a-wcsnrtombs.o)
                0x000000000011e2c0                _wcsnrtombs_l
 .text._wcsnrtombs_r
                0x000000000011e450       0x4c /opt/devkitpro/devkitARM/bin/../lib/gcc/arm-none-eabi/11.1.0/../../../../arm-none-eabi/lib/armv6k/fpu/libg.a(lib_a-wcsnrtombs.o)
                0x000000000011e450                _wcsnrtombs_r
 .text.__utf8_wctomb
                0x000000000011e49c       0xf0 /opt/devkitpro/devkitARM/bin/../lib/gcc/arm-none-eabi/11.1.0/../../../../arm-none-eabi/lib/armv6k/fpu/libg.a(lib_a-wctomb_r.o)
                0x000000000011e49c                __utf8_wctomb
 .text.quorem   0x000000000011e58c      0x1ac /opt/devkitpro/devkitARM/bin/../lib/gcc/arm-none-eabi/11.1.0/../../../../arm-none-eabi/lib/armv6k/fpu/libg.a(lib_a-dtoa.o)
 .text._dtoa_r  0x000000000011e738     0x12cc /opt/devkitpro/devkitARM/bin/../lib/gcc/arm-none-eabi/11.1.0/../../../../arm-none-eabi/lib/armv6k/fpu/libg.a(lib_a-dtoa.o)
                0x000000000011e738                _dtoa_r
 .text._fclose_r
                0x000000000011fa04      0x160 /opt/devkitpro/devkitARM/bin/../lib/gcc/arm-none-eabi/11.1.0/../../../../arm-none-eabi/lib/armv6k/fpu/libg.a(lib_a-fclose.o)
                0x000000000011fa04                _fclose_r
 .text.rshift   0x000000000011fb64       0xec /opt/devkitpro/devkitARM/bin/../lib/gcc/arm-none-eabi/11.1.0/../../../../arm-none-eabi/lib/armv6k/fpu/libg.a(lib_a-gdtoa-gethex.o)
 .text.__gethex
                0x000000000011fc50      0x904 /opt/devkitpro/devkitARM/bin/../lib/gcc/arm-none-eabi/11.1.0/../../../../arm-none-eabi/lib/armv6k/fpu/libg.a(lib_a-gdtoa-gethex.o)
                0x000000000011fc50                __gethex
 .text.__match  0x0000000000120554       0x4c /opt/devkitpro/devkitARM/bin/../lib/gcc/arm-none-eabi/11.1.0/../../../../arm-none-eabi/lib/armv6k/fpu/libg.a(lib_a-gdtoa-hexnan.o)
                0x0000000000120554                __match
 .text.__hexnan
                0x00000000001205a0      0x29c /opt/devkitpro/devkitARM/bin/../lib/gcc/arm-none-eabi/11.1.0/../../../../arm-none-eabi/lib/armv6k/fpu/libg.a(lib_a-gdtoa-hexnan.o)
                0x00000000001205a0                __hexnan
 .text.iswspace_l
                0x000000000012083c       0x3c /opt/devkitpro/devkitARM/bin/../lib/gcc/arm-none-eabi/11.1.0/../../../../arm-none-eabi/lib/armv6k/fpu/libg.a(lib_a-iswspace_l.o)
                0x000000000012083c                iswspace_l
 .text.__jp2uc  0x0000000000120878      0x1d4 /opt/devkitpro/devkitARM/bin/../lib/gcc/arm-none-eabi/11.1.0/../../../../arm-none-eabi/lib/armv6k/fpu/libg.a(lib_a-jp2uc.o)
 .text._jp2uc_l
                0x0000000000120a4c       0x9c /opt/devkitpro/devkitARM/bin/../lib/gcc/arm-none-eabi/11.1.0/../../../../arm-none-eabi/lib/armv6k/fpu/libg.a(lib_a-jp2uc.o)
                0x0000000000120a4c                _jp2uc_l
 .text._Balloc  0x0000000000120ae8       0x88 /opt/devkitpro/devkitARM/bin/../lib/gcc/arm-none-eabi/11.1.0/../../../../arm-none-eabi/lib/armv6k/fpu/libg.a(lib_a-mprec.o)
                0x0000000000120ae8                _Balloc
 .text._Bfree   0x0000000000120b70       0x1c /opt/devkitpro/devkitARM/bin/../lib/gcc/arm-none-eabi/11.1.0/../../../../arm-none-eabi/lib/armv6k/fpu/libg.a(lib_a-mprec.o)
                0x0000000000120b70                _Bfree
 .text.__multadd
                0x0000000000120b8c       0xf4 /opt/devkitpro/devkitARM/bin/../lib/gcc/arm-none-eabi/11.1.0/../../../../arm-none-eabi/lib/armv6k/fpu/libg.a(lib_a-mprec.o)
                0x0000000000120b8c                __multadd
 .text.__s2b    0x0000000000120c80      0x110 /opt/devkitpro/devkitARM/bin/../lib/gcc/arm-none-eabi/11.1.0/../../../../arm-none-eabi/lib/armv6k/fpu/libg.a(lib_a-mprec.o)
                0x0000000000120c80                __s2b
 .text.__hi0bits
                0x0000000000120d90       0x58 /opt/devkitpro/devkitARM/bin/../lib/gcc/arm-none-eabi/11.1.0/../../../../arm-none-eabi/lib/armv6k/fpu/libg.a(lib_a-mprec.o)
                0x0000000000120d90                __hi0bits
 .text.__lo0bits
                0x0000000000120de8       0x94 /opt/devkitpro/devkitARM/bin/../lib/gcc/arm-none-eabi/11.1.0/../../../../arm-none-eabi/lib/armv6k/fpu/libg.a(lib_a-mprec.o)
                0x0000000000120de8                __lo0bits
 .text.__i2b    0x0000000000120e7c       0xa4 /opt/devkitpro/devkitARM/bin/../lib/gcc/arm-none-eabi/11.1.0/../../../../arm-none-eabi/lib/armv6k/fpu/libg.a(lib_a-mprec.o)
                0x0000000000120e7c                __i2b
 .text.__multiply
                0x0000000000120f20      0x204 /opt/devkitpro/devkitARM/bin/../lib/gcc/arm-none-eabi/11.1.0/../../../../arm-none-eabi/lib/armv6k/fpu/libg.a(lib_a-mprec.o)
                0x0000000000120f20                __multiply
 .text.__pow5mult
                0x0000000000121124      0x120 /opt/devkitpro/devkitARM/bin/../lib/gcc/arm-none-eabi/11.1.0/../../../../arm-none-eabi/lib/armv6k/fpu/libg.a(lib_a-mprec.o)
                0x0000000000121124                __pow5mult
 .text.__lshift
                0x0000000000121244      0x13c /opt/devkitpro/devkitARM/bin/../lib/gcc/arm-none-eabi/11.1.0/../../../../arm-none-eabi/lib/armv6k/fpu/libg.a(lib_a-mprec.o)
                0x0000000000121244                __lshift
 .text.__mcmp   0x0000000000121380       0x58 /opt/devkitpro/devkitARM/bin/../lib/gcc/arm-none-eabi/11.1.0/../../../../arm-none-eabi/lib/armv6k/fpu/libg.a(lib_a-mprec.o)
                0x0000000000121380                __mcmp
 .text.__mdiff  0x00000000001213d8      0x1cc /opt/devkitpro/devkitARM/bin/../lib/gcc/arm-none-eabi/11.1.0/../../../../arm-none-eabi/lib/armv6k/fpu/libg.a(lib_a-mprec.o)
                0x00000000001213d8                __mdiff
 .text.__ulp    0x00000000001215a4       0x74 /opt/devkitpro/devkitARM/bin/../lib/gcc/arm-none-eabi/11.1.0/../../../../arm-none-eabi/lib/armv6k/fpu/libg.a(lib_a-mprec.o)
                0x00000000001215a4                __ulp
 .text.__b2d    0x0000000000121618       0xd0 /opt/devkitpro/devkitARM/bin/../lib/gcc/arm-none-eabi/11.1.0/../../../../arm-none-eabi/lib/armv6k/fpu/libg.a(lib_a-mprec.o)
                0x0000000000121618                __b2d
 .text.__d2b    0x00000000001216e8      0x124 /opt/devkitpro/devkitARM/bin/../lib/gcc/arm-none-eabi/11.1.0/../../../../arm-none-eabi/lib/armv6k/fpu/libg.a(lib_a-mprec.o)
                0x00000000001216e8                __d2b
 .text.__ratio  0x000000000012180c       0x78 /opt/devkitpro/devkitARM/bin/../lib/gcc/arm-none-eabi/11.1.0/../../../../arm-none-eabi/lib/armv6k/fpu/libg.a(lib_a-mprec.o)
                0x000000000012180c                __ratio
 .text.__copybits
                0x0000000000121884       0x88 /opt/devkitpro/devkitARM/bin/../lib/gcc/arm-none-eabi/11.1.0/../../../../arm-none-eabi/lib/armv6k/fpu/libg.a(lib_a-mprec.o)
                0x0000000000121884                __copybits
 .text.__any_on
                0x000000000012190c       0x5c /opt/devkitpro/devkitARM/bin/../lib/gcc/arm-none-eabi/11.1.0/../../../../arm-none-eabi/lib/armv6k/fpu/libg.a(lib_a-mprec.o)
                0x000000000012190c                __any_on
 .text.frexp    0x0000000000121968       0xa8 /opt/devkitpro/devkitARM/bin/../lib/gcc/arm-none-eabi/11.1.0/../../../../arm-none-eabi/lib/armv6k/fpu/libg.a(lib_a-s_frexp.o)
                0x0000000000121968                frexp
 .text.nan      0x0000000000121a10       0x10 /opt/devkitpro/devkitARM/bin/../lib/gcc/arm-none-eabi/11.1.0/../../../../arm-none-eabi/lib/armv6k/fpu/libg.a(lib_a-s_nan.o)
                0x0000000000121a10                nan
 .text.__assert_func
                0x0000000000121a20       0x54 /opt/devkitpro/devkitARM/bin/../lib/gcc/arm-none-eabi/11.1.0/../../../../arm-none-eabi/lib/armv6k/fpu/libg.a(lib_a-assert.o)
                0x0000000000121a20                __assert_func
 .text.category
                0x0000000000121a74       0x84 /opt/devkitpro/devkitARM/bin/../lib/gcc/arm-none-eabi/11.1.0/../../../../arm-none-eabi/lib/armv6k/fpu/libg.a(lib_a-categories.o)
                0x0000000000121a74                category
 .text.fiprintf
                0x0000000000121af8       0x3c /opt/devkitpro/devkitARM/bin/../lib/gcc/arm-none-eabi/11.1.0/../../../../arm-none-eabi/lib/armv6k/fpu/libg.a(lib_a-fiprintf.o)
                0x0000000000121af8                fiprintf
 .text.abort    0x0000000000121b34       0x14 /opt/devkitpro/devkitARM/bin/../lib/gcc/arm-none-eabi/11.1.0/../../../../arm-none-eabi/lib/armv6k/fpu/libg.a(lib_a-abort.o)
                0x0000000000121b34                abort
 .text._raise_r
                0x0000000000121b48       0x98 /opt/devkitpro/devkitARM/bin/../lib/gcc/arm-none-eabi/11.1.0/../../../../arm-none-eabi/lib/armv6k/fpu/libg.a(lib_a-signal.o)
                0x0000000000121b48                _raise_r
 .text.raise    0x0000000000121be0       0x20 /opt/devkitpro/devkitARM/bin/../lib/gcc/arm-none-eabi/11.1.0/../../../../arm-none-eabi/lib/armv6k/fpu/libg.a(lib_a-signal.o)
                0x0000000000121be0                raise
 .text.null_write
                0x0000000000121c00        0x8 /opt/devkitpro/devkitARM/bin/../lib/gcc/arm-none-eabi/11.1.0/../../../../arm-none-eabi/lib/armv6k/fpu/libsysbase.a(iosupport.o)
 .text.setDefaultDevice
                0x0000000000121c08       0x18 /opt/devkitpro/devkitARM/bin/../lib/gcc/arm-none-eabi/11.1.0/../../../../arm-none-eabi/lib/armv6k/fpu/libsysbase.a(iosupport.o)
                0x0000000000121c08                setDefaultDevice
 .text.FindDevice
                0x0000000000121c20       0xc8 /opt/devkitpro/devkitARM/bin/../lib/gcc/arm-none-eabi/11.1.0/../../../../arm-none-eabi/lib/armv6k/fpu/libsysbase.a(iosupport.o)
                0x0000000000121c20                FindDevice
 .text.RemoveDevice
                0x0000000000121ce8       0x28 /opt/devkitpro/devkitARM/bin/../lib/gcc/arm-none-eabi/11.1.0/../../../../arm-none-eabi/lib/armv6k/fpu/libsysbase.a(iosupport.o)
                0x0000000000121ce8                RemoveDevice
 .text.AddDevice
                0x0000000000121d10       0x9c /opt/devkitpro/devkitARM/bin/../lib/gcc/arm-none-eabi/11.1.0/../../../../arm-none-eabi/lib/armv6k/fpu/libsysbase.a(iosupport.o)
                0x0000000000121d10                AddDevice
 .text.GetDeviceOpTab
                0x0000000000121dac       0x20 /opt/devkitpro/devkitARM/bin/../lib/gcc/arm-none-eabi/11.1.0/../../../../arm-none-eabi/lib/armv6k/fpu/libsysbase.a(iosupport.o)
                0x0000000000121dac                GetDeviceOpTab
 .text._fstat_r
                0x0000000000121dcc       0x78 /opt/devkitpro/devkitARM/bin/../lib/gcc/arm-none-eabi/11.1.0/../../../../arm-none-eabi/lib/armv6k/fpu/libsysbase.a(fstat.o)
                0x0000000000121dcc                _fstat_r
 .text._getpid_r
                0x0000000000121e44       0x14 /opt/devkitpro/devkitARM/bin/../lib/gcc/arm-none-eabi/11.1.0/../../../../arm-none-eabi/lib/armv6k/fpu/libsysbase.a(getpid.o)
                0x0000000000121e44                _getpid_r
 .text._isatty_r
                0x0000000000121e58        0x8 /opt/devkitpro/devkitARM/bin/../lib/gcc/arm-none-eabi/11.1.0/../../../../arm-none-eabi/lib/armv6k/fpu/libsysbase.a(isatty.o)
                0x0000000000121e58                _isatty_r
 .text._kill_r  0x0000000000121e60       0x14 /opt/devkitpro/devkitARM/bin/../lib/gcc/arm-none-eabi/11.1.0/../../../../arm-none-eabi/lib/armv6k/fpu/libsysbase.a(kill.o)
                0x0000000000121e60                _kill_r
 .text._lseek_r
                0x0000000000121e74       0x84 /opt/devkitpro/devkitARM/bin/../lib/gcc/arm-none-eabi/11.1.0/../../../../arm-none-eabi/lib/armv6k/fpu/libsysbase.a(lseek.o)
                0x0000000000121e74                _lseek_r
 .text._read_r  0x0000000000121ef8       0x80 /opt/devkitpro/devkitARM/bin/../lib/gcc/arm-none-eabi/11.1.0/../../../../arm-none-eabi/lib/armv6k/fpu/libsysbase.a(read.o)
                0x0000000000121ef8                _read_r
 .text._sbrk_r  0x0000000000121f78       0x78 /opt/devkitpro/devkitARM/bin/../lib/gcc/arm-none-eabi/11.1.0/../../../../arm-none-eabi/lib/armv6k/fpu/libsysbase.a(sbrk.o)
                0x0000000000121f78                _sbrk_r
 .text._write_r
                0x0000000000121ff0       0x80 /opt/devkitpro/devkitARM/bin/../lib/gcc/arm-none-eabi/11.1.0/../../../../arm-none-eabi/lib/armv6k/fpu/libsysbase.a(write.o)