Archive member included to satisfy reference by file (symbol)

/opt/devkitpro/libctru/lib/libcitro2d.a(base.o)
                              main.o (C2D_Init)
/opt/devkitpro/libctru/lib/libcitro2d.a(render2d.shbin.o)
                              /opt/devkitpro/libctru/lib/libcitro2d.a(base.o) (render2d_shbin)
/opt/devkitpro/libctru/lib/libcitro3d.a(base.o)
                              main.o (C3D_Init)
/opt/devkitpro/libctru/lib/libcitro3d.a(renderqueue.o)
                              /opt/devkitpro/libctru/lib/libcitro3d.a(base.o) (C3Di_RenderQueueEnableVBlank)
/opt/devkitpro/libctru/lib/libcitro3d.a(texture.o)
                              /opt/devkitpro/libctru/lib/libcitro2d.a(base.o) (C3D_TexBind)
/opt/devkitpro/libctru/lib/libcitro3d.a(framebuffer.o)
                              /opt/devkitpro/libctru/lib/libcitro3d.a(renderqueue.o) (C3D_CalcColorBufSize)
/opt/devkitpro/libctru/lib/libcitro3d.a(texenv.o)
                              /opt/devkitpro/libctru/lib/libcitro2d.a(base.o) (C3D_GetTexEnv)
/opt/devkitpro/libctru/lib/libcitro3d.a(proctex.o)
                              /opt/devkitpro/libctru/lib/libcitro2d.a(base.o) (C3D_ProcTexInit)
/opt/devkitpro/libctru/lib/libcitro3d.a(buffers.o)
                              /opt/devkitpro/libctru/lib/libcitro2d.a(base.o) (BufInfo_Init)
/opt/devkitpro/libctru/lib/libcitro3d.a(drawArrays.o)
                              /opt/devkitpro/libctru/lib/libcitro2d.a(base.o) (C3D_DrawArrays)
/opt/devkitpro/libctru/lib/libcitro3d.a(effect.o)
                              /opt/devkitpro/libctru/lib/libcitro3d.a(base.o) (C3D_DepthMap)
/opt/devkitpro/libctru/lib/libcitro3d.a(attribs.o)
                              /opt/devkitpro/libctru/lib/libcitro2d.a(base.o) (AttrInfo_Init)
/opt/devkitpro/libctru/lib/libcitro3d.a(immediate.o)
                              /opt/devkitpro/libctru/lib/libcitro3d.a(base.o) (C3D_ImmSendAttrib)
/opt/devkitpro/libctru/lib/libcitro3d.a(uniforms.o)
                              /opt/devkitpro/libctru/lib/libcitro3d.a(base.o) (C3D_UpdateUniforms)
/opt/devkitpro/libctru/lib/libcitro3d.a(mtx_ortho.o)
                              /opt/devkitpro/libctru/lib/libcitro2d.a(base.o) (Mtx_Ortho)
/opt/devkitpro/libctru/lib/libcitro3d.a(mtx_scale.o)
                              /opt/devkitpro/libctru/lib/libcitro2d.a(base.o) (Mtx_Scale)
/opt/devkitpro/libctru/lib/libcitro3d.a(mtx_multiply.o)
                              /opt/devkitpro/libctru/lib/libcitro2d.a(base.o) (Mtx_Multiply)
/opt/devkitpro/libctru/lib/libcitro3d.a(mtx_orthotilt.o)
                              /opt/devkitpro/libctru/lib/libcitro2d.a(base.o) (Mtx_OrthoTilt)
/opt/devkitpro/libctru/lib/libcitro3d.a(mtx_translate.o)
                              /opt/devkitpro/libctru/lib/libcitro2d.a(base.o) (Mtx_Translate)
/opt/devkitpro/libctru/lib/libcitro3d.a(mtx_rotatez.o)
                              /opt/devkitpro/libctru/lib/libcitro2d.a(base.o) (Mtx_RotateZ)
/opt/devkitpro/libctru/lib/libctru.a(vram.o)
                              /opt/devkitpro/libctru/lib/libcitro3d.a(renderqueue.o) (vramAlloc)
/opt/devkitpro/libctru/lib/libctru.a(linear.o)
                              /opt/devkitpro/libctru/lib/libcitro2d.a(base.o) (linearAlloc)
/opt/devkitpro/libctru/lib/libctru.a(mem_pool.o)
                              /opt/devkitpro/libctru/lib/libctru.a(vram.o) (MemPool::Allocate(MemChunk&, unsigned long, int))
/opt/devkitpro/libctru/lib/libctru.a(os.o)
                              /opt/devkitpro/libctru/lib/libcitro3d.a(texture.o) (osConvertVirtToPhys)
/opt/devkitpro/libctru/lib/libctru.a(console.o)
                              main.o (consoleInit)
/opt/devkitpro/libctru/lib/libctru.a(gfx.o)
                              /opt/devkitpro/libctru/lib/libcitro2d.a(base.o) (gfxIsWide)
/opt/devkitpro/libctru/lib/libctru.a(shaderProgram.o)
                              /opt/devkitpro/libctru/lib/libcitro2d.a(base.o) (shaderInstanceGetUniformLocation)
/opt/devkitpro/libctru/lib/libctru.a(shbin.o)
                              /opt/devkitpro/libctru/lib/libcitro2d.a(base.o) (DVLB_ParseFile)
/opt/devkitpro/libctru/lib/libctru.a(gx.o)
                              /opt/devkitpro/libctru/lib/libcitro3d.a(renderqueue.o) (GX_BindQueue)
/opt/devkitpro/libctru/lib/libctru.a(gxqueue.o)
                              /opt/devkitpro/libctru/lib/libcitro3d.a(renderqueue.o) (gxCmdQueueClear)
/opt/devkitpro/libctru/lib/libctru.a(gpu.o)
                              /opt/devkitpro/libctru/lib/libcitro3d.a(base.o) (GPUCMD_Add)
/opt/devkitpro/libctru/lib/libctru.a(gspgpu.o)
                              /opt/devkitpro/libctru/lib/libctru.a(gfx.o) (gspInit)
/opt/devkitpro/libctru/lib/libctru.a(apt.o)
                              /opt/devkitpro/libctru/lib/libcitro3d.a(base.o) (aptHook)
/opt/devkitpro/libctru/lib/libctru.a(hid.o)
                              main.o (hidScanInput)
/opt/devkitpro/libctru/lib/libctru.a(ptmsysm.o)
[...]
Memory Configuration

Name             Origin             Length             Attributes
*default*        0x0000000000000000 0xffffffffffffffff

Linker script and memory map

                0x0000000000100000                PROVIDE (__start__ = 0x100000)
                0x0000000000100000                . = __start__

.text           0x0000000000100000    0x26694
 *(.crt0)
 .crt0          0x0000000000100000       0x94 /opt/devkitpro/devkitARM/bin/../lib/gcc/arm-none-eabi/11.1.0/../../../../arm-none-eabi/lib/armv6k/fpu/3dsx_crt0.o
                0x0000000000100000                _start
                0x0000000000100008                __service_ptr
                0x000000000010000c                __apt_appid
                0x0000000000100010                __heap_size
                0x0000000000100014                __linear_heap_size
                0x0000000000100018                __system_arglist
                0x000000000010001c                __system_runflags
 *(.init)
 .init          0x0000000000100094        0xc /opt/devkitpro/devkitARM/bin/../lib/gcc/arm-none-eabi/11.1.0/armv6k/fpu/crti.o
                0x0000000000100094                _init
 .init          0x00000000001000a0        0xc /opt/devkitpro/devkitARM/bin/../lib/gcc/arm-none-eabi/11.1.0/armv6k/fpu/crtn.o
                0x00000000001000ac                . = ALIGN (0x4)
 *(.text)
 .text          0x00000000001000ac      0x240 /opt/devkitpro/devkitARM/bin/../lib/gcc/arm-none-eabi/11.1.0/armv6k/fpu/libgcc.a(_divsi3.o)
                0x00000000001000ac                __aeabi_idiv
                0x00000000001000ac                __divsi3
                0x00000000001002cc                __aeabi_idivmod
 .text          0x00000000001002ec        0x4 /opt/devkitpro/devkitARM/bin/../lib/gcc/arm-none-eabi/11.1.0/armv6k/fpu/libgcc.a(_dvmd_tls.o)
                0x00000000001002ec                __aeabi_ldiv0
                0x00000000001002ec                __aeabi_idiv0
 .text          0x00000000001002f0      0x3c0 /opt/devkitpro/devkitARM/bin/../lib/gcc/arm-none-eabi/11.1.0/armv6k/fpu/libgcc.a(_arm_addsubdf3.o)
                0x00000000001002f0                __aeabi_drsub
                0x00000000001002f8                __aeabi_dsub
                0x00000000001002f8                __subdf3
                0x00000000001002fc                __adddf3
                0x00000000001002fc                __aeabi_dadd
                0x00000000001005a8                __aeabi_ui2d
                0x00000000001005a8                __floatunsidf
                0x00000000001005cc                __floatsidf
                0x00000000001005cc                __aeabi_i2d
                0x00000000001005f4                __extendsfdf2
                0x00000000001005f4                __aeabi_f2d
                0x000000000010063c                __aeabi_ul2d
                0x000000000010063c                __floatundidf
                0x0000000000100650                __floatdidf
                0x0000000000100650                __aeabi_l2d
 .text          0x00000000001006b0       0xd4 /opt/devkitpro/devkitARM/bin/../lib/gcc/arm-none-eabi/11.1.0/armv6k/fpu/libgcc.a(_aeabi_ldivmod.o)
                0x00000000001006b0                __aeabi_ldivmod
 .text          0x0000000000100784       0x3c /opt/devkitpro/devkitARM/bin/../lib/gcc/arm-none-eabi/11.1.0/armv6k/fpu/libgcc.a(_aeabi_uldivmod.o)
                0x0000000000100784                __aeabi_uldivmod
 .text          0x00000000001007c0      0x390 /opt/devkitpro/devkitARM/bin/../lib/gcc/arm-none-eabi/11.1.0/../../../../arm-none-eabi/lib/armv6k/fpu/libg.a(lib_a-strcmp.o)
                0x00000000001007c8                strcmp
 .text          0x0000000000100b50      0x20c /opt/devkitpro/devkitARM/bin/../lib/gcc/arm-none-eabi/11.1.0/armv6k/fpu/libgcc.a(_udivsi3.o)
                0x0000000000100b50                __udivsi3
                0x0000000000100b50                __aeabi_uidiv
                0x0000000000100d3c                __aeabi_uidivmod
 *(.text.*)
 .text.__do_global_dtors_aux
                0x0000000000100d5c       0x40 /opt/devkitpro/devkitARM/bin/../lib/gcc/arm-none-eabi/11.1.0/armv6k/fpu/crtbegin.o
 .text.frame_dummy
                0x0000000000100d9c       0x2c /opt/devkitpro/devkitARM/bin/../lib/gcc/arm-none-eabi/11.1.0/armv6k/fpu/crtbegin.o
 .text.startup.main
                0x0000000000100dc8      0x7d4 main.o
                0x0000000000100dc8                main
 .text.C2Di_FrameEndHook
                0x000000000010159c       0x34 /opt/devkitpro/libctru/lib/libcitro2d.a(base.o)
 .text.C2D_Init
                0x00000000001015d0      0x330 /opt/devkitpro/libctru/lib/libcitro2d.a(base.o)
                0x00000000001015d0                C2D_Init
 .text.C2D_Fini
                0x0000000000101900       0x44 /opt/devkitpro/libctru/lib/libcitro2d.a(base.o)
                0x0000000000101900                C2D_Fini
 .text.C2D_Prepare
                0x0000000000101944       0xd0 /opt/devkitpro/libctru/lib/libcitro2d.a(base.o)
                0x0000000000101944                C2D_Prepare
 .text.C2D_Flush
                0x0000000000101a14       0x3c /opt/devkitpro/libctru/lib/libcitro2d.a(base.o)
                0x0000000000101a14                C2D_Flush
 .text.C2D_SceneSize
                0x0000000000101a50      0x108 /opt/devkitpro/libctru/lib/libcitro2d.a(base.o)
                0x0000000000101a50                C2D_SceneSize
 .text.C2D_CreateScreenTarget
                0x0000000000101b58       0x58 /opt/devkitpro/libctru/lib/libcitro2d.a(base.o)
                0x0000000000101b58                C2D_CreateScreenTarget
 .text.C2D_TargetClear
                0x0000000000101bb0       0x58 /opt/devkitpro/libctru/lib/libcitro2d.a(base.o)
                0x0000000000101bb0                C2D_TargetClear
 .text.C2Di_Update
                0x0000000000101c08      0x22c /opt/devkitpro/libctru/lib/libcitro2d.a(base.o)
                0x0000000000101c08                C2Di_Update
 .text.C2D_DrawRectangle
                0x0000000000101e34      0x1b0 /opt/devkitpro/libctru/lib/libcitro2d.a(base.o)
                0x0000000000101e34                C2D_DrawRectangle
 .text.C3Di_LightEnvUpdate
                0x0000000000101fe4        0x4 /opt/devkitpro/libctru/lib/libcitro3d.a(base.o)
                0x0000000000101fe4                C3Di_LightEnvUpdate
 .text.C3Di_LightEnvDirty
                0x0000000000101fe8        0x4 /opt/devkitpro/libctru/lib/libcitro3d.a(base.o)
                0x0000000000101fe8                C3Di_LightEnvDirty
 .text.C3Di_AptEventHook
                0x0000000000101fec       0xb4 /opt/devkitpro/libctru/lib/libcitro3d.a(base.o)
 .text.C3Di_GasUpdate
                0x00000000001020a0        0x4 /opt/devkitpro/libctru/lib/libcitro3d.a(base.o)
                0x00000000001020a0                C3Di_GasUpdate
 .text.C3D_Init
                0x00000000001020a4      0x1e0 /opt/devkitpro/libctru/lib/libcitro3d.a(base.o)
                0x00000000001020a4                C3D_Init
 .text.C3D_SetViewport
                0x0000000000102284       0x98 /opt/devkitpro/libctru/lib/libcitro3d.a(base.o)
                0x0000000000102284                C3D_SetViewport
 .text.C3Di_UpdateContext
                0x000000000010231c      0x4ec /opt/devkitpro/libctru/lib/libcitro3d.a(base.o)
                0x000000000010231c                C3Di_UpdateContext
 .text.C3Di_SplitFrame
                0x0000000000102808       0xe0 /opt/devkitpro/libctru/lib/libcitro3d.a(base.o)
                0x0000000000102808                C3Di_SplitFrame
 .text.C3D_Fini
                0x00000000001028e8       0x44 /opt/devkitpro/libctru/lib/libcitro3d.a(base.o)
                0x00000000001028e8                C3D_Fini
 .text.C3D_BindProgram
                0x000000000010292c      0x108 /opt/devkitpro/libctru/lib/libcitro3d.a(base.o)
                0x000000000010292c                C3D_BindProgram
 .text.onVBlank0
                0x0000000000102a34       0x4c /opt/devkitpro/libctru/lib/libcitro3d.a(renderqueue.o)
 .text.onVBlank1
                0x0000000000102a80       0x4c /opt/devkitpro/libctru/lib/libcitro3d.a(renderqueue.o)
 .text.C3Di_RenderTargetDestroy
                0x0000000000102acc       0x80 /opt/devkitpro/libctru/lib/libcitro3d.a(renderqueue.o)
 .text.onQueueFinish
                0x0000000000102b4c       0xf4 /opt/devkitpro/libctru/lib/libcitro3d.a(renderqueue.o)
 .text.C3Di_RenderQueueEnableVBlank
                0x0000000000102c40       0x38 /opt/devkitpro/libctru/lib/libcitro3d.a(renderqueue.o)
                0x0000000000102c40                C3Di_RenderQueueEnableVBlank
 .text.C3Di_RenderQueueDisableVBlank
                0x0000000000102c78       0x30 /opt/devkitpro/libctru/lib/libcitro3d.a(renderqueue.o)
                0x0000000000102c78                C3Di_RenderQueueDisableVBlank
 .text.C3Di_RenderQueueInit
                0x0000000000102ca8       0x60 /opt/devkitpro/libctru/lib/libcitro3d.a(renderqueue.o)
                0x0000000000102ca8                C3Di_RenderQueueInit
 .text.C3Di_RenderQueueExit
                0x0000000000102d08       0xb0 /opt/devkitpro/libctru/lib/libcitro3d.a(renderqueue.o)
                0x0000000000102d08                C3Di_RenderQueueExit
 .text.C3Di_RenderQueueWaitDone
                0x0000000000102db8       0x34 /opt/devkitpro/libctru/lib/libcitro3d.a(renderqueue.o)
                0x0000000000102db8                C3Di_RenderQueueWaitDone
 .text.C3D_FrameBegin
                0x0000000000102dec       0xe4 /opt/devkitpro/libctru/lib/libcitro3d.a(renderqueue.o)
                0x0000000000102dec                C3D_FrameBegin
 .text.C3D_FrameDrawOn
                0x0000000000102ed0       0x48 /opt/devkitpro/libctru/lib/libcitro3d.a(renderqueue.o)
                0x0000000000102ed0                C3D_FrameDrawOn
 .text.C3D_FrameSplit
                0x0000000000102f18       0x58 /opt/devkitpro/libctru/lib/libcitro3d.a(renderqueue.o)
                0x0000000000102f18                C3D_FrameSplit
 .text.C3D_FrameEnd
                0x0000000000102f70      0x1d8 /opt/devkitpro/libctru/lib/libcitro3d.a(renderqueue.o)
                0x0000000000102f70                C3D_FrameEnd
 .text.C3D_FrameEndHook
                0x0000000000103148       0x1c /opt/devkitpro/libctru/lib/libcitro3d.a(renderqueue.o)
                0x0000000000103148                C3D_FrameEndHook
 .text.C3D_RenderTargetCreate
                0x0000000000103164      0x128 /opt/devkitpro/libctru/lib/libcitro3d.a(renderqueue.o)
                0x0000000000103164                C3D_RenderTargetCreate
 .text.C3D_RenderTargetSetOutput
                0x000000000010328c       0xa8 /opt/devkitpro/libctru/lib/libcitro3d.a(renderqueue.o)
                0x000000000010328c                C3D_RenderTargetSetOutput
 .text.C3D_TexBind
                0x0000000000103334       0x44 /opt/devkitpro/libctru/lib/libcitro3d.a(texture.o)
                0x0000000000103334                C3D_TexBind
 .text.C3Di_SetTex
                0x0000000000103378      0x16c /opt/devkitpro/libctru/lib/libcitro3d.a(texture.o)
                0x0000000000103378                C3Di_SetTex
 .text.C3D_CalcColorBufSize
                0x00000000001034e4       0x1c /opt/devkitpro/libctru/lib/libcitro3d.a(framebuffer.o)
                0x00000000001034e4                C3D_CalcColorBufSize
 .text.C3D_CalcDepthBufSize
                0x0000000000103500       0x1c /opt/devkitpro/libctru/lib/libcitro3d.a(framebuffer.o)
                0x0000000000103500                C3D_CalcDepthBufSize
 .text.C3D_SetFrameBuf
                0x000000000010351c       0x44 /opt/devkitpro/libctru/lib/libcitro3d.a(framebuffer.o)
                0x000000000010351c                C3D_SetFrameBuf
 .text.C3Di_FrameBufBind
                0x0000000000103560      0x16c /opt/devkitpro/libctru/lib/libcitro3d.a(framebuffer.o)
                0x0000000000103560                C3Di_FrameBufBind
 .text.C3D_FrameBufClear
                0x00000000001036cc       0xcc /opt/devkitpro/libctru/lib/libcitro3d.a(framebuffer.o)
                0x00000000001036cc                C3D_FrameBufClear
 .text.C3D_FrameBufTransfer
                0x0000000000103798       0x44 /opt/devkitpro/libctru/lib/libcitro3d.a(framebuffer.o)
                0x0000000000103798                C3D_FrameBufTransfer
 .text.C3D_GetTexEnv
                0x00000000001037dc       0x34 /opt/devkitpro/libctru/lib/libcitro3d.a(texenv.o)
                0x00000000001037dc                C3D_GetTexEnv
 .text.C3Di_TexEnvBind
                0x0000000000103810       0x24 /opt/devkitpro/libctru/lib/libcitro3d.a(texenv.o)
                0x0000000000103810                C3Di_TexEnvBind
 .text.C3D_ProcTexInit
                0x0000000000103834       0x70 /opt/devkitpro/libctru/lib/libcitro3d.a(proctex.o)
                0x0000000000103834                C3D_ProcTexInit
 .text.C3D_ProcTexBind
                0x00000000001038a4       0x54 /opt/devkitpro/libctru/lib/libcitro3d.a(proctex.o)
                0x00000000001038a4                C3D_ProcTexBind
 .text.C3D_ProcTexLutBind
                0x00000000001038f8       0x5c /opt/devkitpro/libctru/lib/libcitro3d.a(proctex.o)
                0x00000000001038f8                C3D_ProcTexLutBind
 .text.ProcTexLut_FromArray
                0x0000000000103954       0xa4 /opt/devkitpro/libctru/lib/libcitro3d.a(proctex.o)
                0x0000000000103954                ProcTexLut_FromArray
 .text.C3Di_ProcTexUpdate
                0x00000000001039f8      0x17c /opt/devkitpro/libctru/lib/libcitro3d.a(proctex.o)
                0x00000000001039f8                C3Di_ProcTexUpdate
 .text.C3Di_ProcTexDirty
                0x0000000000103b74       0x68 /opt/devkitpro/libctru/lib/libcitro3d.a(proctex.o)
                0x0000000000103b74                C3Di_ProcTexDirty
 .text.BufInfo_Init
                0x0000000000103bdc       0x24 /opt/devkitpro/libctru/lib/libcitro3d.a(buffers.o)
                0x0000000000103bdc                BufInfo_Init
 .text.BufInfo_Add
                0x0000000000103c00       0x80 /opt/devkitpro/libctru/lib/libcitro3d.a(buffers.o)
                0x0000000000103c00                BufInfo_Add
 .text.C3D_SetBufInfo
                0x0000000000103c80       0x40 /opt/devkitpro/libctru/lib/libcitro3d.a(buffers.o)
                0x0000000000103c80                C3D_SetBufInfo
 .text.C3Di_BufInfoBind
                0x0000000000103cc0       0x48 /opt/devkitpro/libctru/lib/libcitro3d.a(buffers.o)
                0x0000000000103cc0                C3Di_BufInfoBind
 .text.C3D_DrawArrays
                0x0000000000103d08      0x148 /opt/devkitpro/libctru/lib/libcitro3d.a(drawArrays.o)
                0x0000000000103d08                C3D_DrawArrays
 .text.C3D_DepthMap
                0x0000000000103e50       0x40 /opt/devkitpro/libctru/lib/libcitro3d.a(effect.o)
                0x0000000000103e50                C3D_DepthMap
 .text.C3D_CullFace
                0x0000000000103e90       0x1c /opt/devkitpro/libctru/lib/libcitro3d.a(effect.o)
                0x0000000000103e90                C3D_CullFace
 .text.C3D_StencilTest
                0x0000000000103eac       0x40 /opt/devkitpro/libctru/lib/libcitro3d.a(effect.o)
                0x0000000000103eac                C3D_StencilTest
 .text.C3D_StencilOp
                0x0000000000103eec       0x24 /opt/devkitpro/libctru/lib/libcitro3d.a(effect.o)
                0x0000000000103eec                C3D_StencilOp
 .text.C3D_BlendingColor
                0x0000000000103f10       0x1c /opt/devkitpro/libctru/lib/libcitro3d.a(effect.o)
                0x0000000000103f10                C3D_BlendingColor
 .text.C3D_EarlyDepthTest
                0x0000000000103f2c       0x24 /opt/devkitpro/libctru/lib/libcitro3d.a(effect.o)
                0x0000000000103f2c                C3D_EarlyDepthTest
 .text.C3D_DepthTest
                0x0000000000103f50       0x2c /opt/devkitpro/libctru/lib/libcitro3d.a(effect.o)
                0x0000000000103f50                C3D_DepthTest
 .text.C3D_AlphaTest
                0x0000000000103f7c       0x2c /opt/devkitpro/libctru/lib/libcitro3d.a(effect.o)
                0x0000000000103f7c                C3D_AlphaTest
 .text.C3D_AlphaBlend
                0x0000000000103fa8       0x50 /opt/devkitpro/libctru/lib/libcitro3d.a(effect.o)
                0x0000000000103fa8                C3D_AlphaBlend
 .text.C3D_FragOpMode
                0x0000000000103ff8       0x30 /opt/devkitpro/libctru/lib/libcitro3d.a(effect.o)
                0x0000000000103ff8                C3D_FragOpMode
 .text.C3D_FragOpShadow
                0x0000000000104028       0x44 /opt/devkitpro/libctru/lib/libcitro3d.a(effect.o)
                0x0000000000104028                C3D_FragOpShadow
 .text.C3Di_EffectBind
                0x000000000010406c      0x1ac /opt/devkitpro/libctru/lib/libcitro3d.a(effect.o)
                0x000000000010406c                C3Di_EffectBind
 .text.AttrInfo_Init
                0x0000000000104218       0x28 /opt/devkitpro/libctru/lib/libcitro3d.a(attribs.o)
                0x0000000000104218                AttrInfo_Init
 .text.AttrInfo_AddLoader
                0x0000000000104240       0x98 /opt/devkitpro/libctru/lib/libcitro3d.a(attribs.o)
                0x0000000000104240                AttrInfo_AddLoader
 .text.C3D_SetAttrInfo
                0x00000000001042d8       0x54 /opt/devkitpro/libctru/lib/libcitro3d.a(attribs.o)
                0x00000000001042d8                C3D_SetAttrInfo
 .text.C3Di_AttrInfoBind
                0x000000000010432c       0x80 /opt/devkitpro/libctru/lib/libcitro3d.a(attribs.o)
                0x000000000010432c                C3Di_AttrInfoBind
 .text.C3D_ImmSendAttrib
                0x00000000001043ac       0xa8 /opt/devkitpro/libctru/lib/libcitro3d.a(immediate.o)
                0x00000000001043ac                C3D_ImmSendAttrib
 .text.C3D_UpdateUniforms
                0x0000000000104454      0x29c /opt/devkitpro/libctru/lib/libcitro3d.a(uniforms.o)
                0x0000000000104454                C3D_UpdateUniforms
 .text.C3Di_DirtyUniforms
                0x00000000001046f0       0xc0 /opt/devkitpro/libctru/lib/libcitro3d.a(uniforms.o)
                0x00000000001046f0                C3Di_DirtyUniforms
 .text.C3Di_LoadShaderUniforms
                0x00000000001047b0       0xd8 /opt/devkitpro/libctru/lib/libcitro3d.a(uniforms.o)
                0x00000000001047b0                C3Di_LoadShaderUniforms
 .text.C3Di_ClearShaderUniforms
                0x0000000000104888       0x28 /opt/devkitpro/libctru/lib/libcitro3d.a(uniforms.o)
                0x0000000000104888                C3Di_ClearShaderUniforms
 .text.Mtx_Ortho
                0x00000000001048b0       0xcc /opt/devkitpro/libctru/lib/libcitro3d.a(mtx_ortho.o)
                0x00000000001048b0                Mtx_Ortho
 .text.Mtx_OrthoTilt
                0x000000000010497c       0xcc /opt/devkitpro/libctru/lib/libcitro3d.a(mtx_orthotilt.o)
                0x000000000010497c                Mtx_OrthoTilt
 .text._ZL21addrMapNodeComparatorPK11rbtree_nodeS1_
                0x0000000000104a48       0x24 /opt/devkitpro/libctru/lib/libctru.a(vram.o)
 .text._ZL21addrMapNodeDestructorP11rbtree_node
                0x0000000000104a6c        0x4 /opt/devkitpro/libctru/lib/libctru.a(vram.o)
 .text.vramMemAlign
                0x0000000000104a70      0x114 /opt/devkitpro/libctru/lib/libctru.a(vram.o)
                0x0000000000104a70                vramMemAlign
 .text.vramAlloc
                0x0000000000104b84        0x8 /opt/devkitpro/libctru/lib/libctru.a(vram.o)
                0x0000000000104b84                vramAlloc
 .text.vramFree
                0x0000000000104b8c       0x5c /opt/devkitpro/libctru/lib/libctru.a(vram.o)
                0x0000000000104b8c                vramFree
 .text._ZL21addrMapNodeComparatorPK11rbtree_nodeS1_
                0x0000000000104be8       0x24 /opt/devkitpro/libctru/lib/libctru.a(linear.o)
 .text._ZL21addrMapNodeDestructorP11rbtree_node
                0x0000000000104c0c        0x4 /opt/devkitpro/libctru/lib/libctru.a(linear.o)
 .text.linearMemAlign
                0x0000000000104c10      0x120 /opt/devkitpro/libctru/lib/libctru.a(linear.o)
                0x0000000000104c10                linearMemAlign
 .text.linearAlloc
                0x0000000000104d30        0x8 /opt/devkitpro/libctru/lib/libctru.a(linear.o)
                0x0000000000104d30                linearAlloc
 .text.linearFree
                0x0000000000104d38       0x5c /opt/devkitpro/libctru/lib/libctru.a(linear.o)
                0x0000000000104d38                linearFree
 .text._ZN7MemPool13CoalesceRightEP8MemBlock
                0x0000000000104d94       0x84 /opt/devkitpro/libctru/lib/libctru.a(mem_pool.o)
                0x0000000000104d94                MemPool::CoalesceRight(MemBlock*)
 .text._ZN7MemPool8AllocateER8MemChunkmi
                0x0000000000104e18      0x170 /opt/devkitpro/libctru/lib/libctru.a(mem_pool.o)
                0x0000000000104e18                MemPool::Allocate(MemChunk&, unsigned long, int)
 .text._ZN7MemPool10DeallocateERK8MemChunk
                0x0000000000104f88       0xfc /opt/devkitpro/libctru/lib/libctru.a(mem_pool.o)
                0x0000000000104f88                MemPool::Deallocate(MemChunk const&)
 .text.osConvertVirtToPhys
                0x0000000000105084       0x74 /opt/devkitpro/libctru/lib/libctru.a(os.o)
                0x0000000000105084                osConvertVirtToPhys
 .text.osGetTimeRef
                0x00000000001050f8       0x54 /opt/devkitpro/libctru/lib/libctru.a(os.o)
                0x00000000001050f8                osGetTimeRef
 .text.osGetTime
                0x000000000010514c       0xe4 /opt/devkitpro/libctru/lib/libctru.a(os.o)
                0x000000000010514c                osGetTime
 .text.__libctru_gtod
                0x0000000000105230       0x74 /opt/devkitpro/libctru/lib/libctru.a(os.o)
                0x0000000000105230                __libctru_gtod
 .text.__ctru_speedup_config
                0x00000000001052a4       0x34 /opt/devkitpro/libctru/lib/libctru.a(os.o)
                0x00000000001052a4                __ctru_speedup_config
 .text.consoleDrawChar
                0x00000000001052d8      0x178 /opt/devkitpro/libctru/lib/libctru.a(console.o)
                0x00000000001052d8                consoleDrawChar
 .text.consolePrintChar
                0x0000000000105450      0x124 /opt/devkitpro/libctru/lib/libctru.a(console.o)
                0x0000000000105450                consolePrintChar
 .text.con_write
                0x0000000000105574      0xa00 /opt/devkitpro/libctru/lib/libctru.a(console.o)
                0x0000000000105574                con_write
 .text.consoleInit
                0x0000000000105f74      0x168 /opt/devkitpro/libctru/lib/libctru.a(console.o)
                0x0000000000105f74                consoleInit
 .text.newRow   0x00000000001060dc       0xf4 /opt/devkitpro/libctru/lib/libctru.a(console.o)
 .text.gfxPresentFramebuffer
                0x00000000001061d0       0xd0 /opt/devkitpro/libctru/lib/libctru.a(gfx.o)
 .text.gfxIsWide
                0x00000000001062a0       0x1c /opt/devkitpro/libctru/lib/libctru.a(gfx.o)
                0x00000000001062a0                gfxIsWide
 .text.gfxSetScreenFormat
                0x00000000001062bc       0xec /opt/devkitpro/libctru/lib/libctru.a(gfx.o)
                0x00000000001062bc                gfxSetScreenFormat
 .text.gfxSetDoubleBuffering
                0x00000000001063a8       0x10 /opt/devkitpro/libctru/lib/libctru.a(gfx.o)
                0x00000000001063a8                gfxSetDoubleBuffering
 .text.gfxInit  0x00000000001063b8      0x108 /opt/devkitpro/libctru/lib/libctru.a(gfx.o)
                0x00000000001063b8                gfxInit
 .text.gfxInitDefault
                0x00000000001064c0       0x10 /opt/devkitpro/libctru/lib/libctru.a(gfx.o)
                0x00000000001064c0                gfxInitDefault
 .text.gfxExit  0x00000000001064d0       0xb4 /opt/devkitpro/libctru/lib/libctru.a(gfx.o)
                0x00000000001064d0                gfxExit
 .text.gfxGetFramebuffer
                0x0000000000106584       0xa0 /opt/devkitpro/libctru/lib/libctru.a(gfx.o)
                0x0000000000106584                gfxGetFramebuffer
 .text.gfxFlushBuffers
                0x0000000000106624      0x10c /opt/devkitpro/libctru/lib/libctru.a(gfx.o)
                0x0000000000106624                gfxFlushBuffers
 .text.gfxScreenSwapBuffers
                0x0000000000106730       0x30 /opt/devkitpro/libctru/lib/libctru.a(gfx.o)
                0x0000000000106730                gfxScreenSwapBuffers
 .text.gfxSwapBuffersGpu
                0x0000000000106760       0x50 /opt/devkitpro/libctru/lib/libctru.a(gfx.o)
                0x0000000000106760                gfxSwapBuffersGpu
 .text.shaderInstanceInit
                0x00000000001067b0      0x1e0 /opt/devkitpro/libctru/lib/libctru.a(shaderProgram.o)
                0x00000000001067b0                shaderInstanceInit
 .text.shaderInstanceGetUniformLocation
                0x0000000000106990       0x18 /opt/devkitpro/libctru/lib/libctru.a(shaderProgram.o)
                0x0000000000106990                shaderInstanceGetUniformLocation
 .text.shaderProgramInit
                0x00000000001069a8       0x1c /opt/devkitpro/libctru/lib/libctru.a(shaderProgram.o)
                0x00000000001069a8                shaderProgramInit
 .text.shaderProgramFree
                0x00000000001069c4       0x64 /opt/devkitpro/libctru/lib/libctru.a(shaderProgram.o)
                0x00000000001069c4                shaderProgramFree
 .text.shaderProgramSetVsh
                0x0000000000106a28       0x80 /opt/devkitpro/libctru/lib/libctru.a(shaderProgram.o)
                0x0000000000106a28                shaderProgramSetVsh
 .text.shaderProgramConfigure
                0x0000000000106aa8      0x8c0 /opt/devkitpro/libctru/lib/libctru.a(shaderProgram.o)
                0x0000000000106aa8                shaderProgramConfigure
 .text.DVLE_GenerateOutmap.part.0
                0x0000000000107368      0x1f8 /opt/devkitpro/libctru/lib/libctru.a(shbin.o)
 .text.DVLB_ParseFile
                0x0000000000107560      0x1cc /opt/devkitpro/libctru/lib/libctru.a(shbin.o)
                0x0000000000107560                DVLB_ParseFile
 .text.DVLB_Free
                0x000000000010772c       0x38 /opt/devkitpro/libctru/lib/libctru.a(shbin.o)
                0x000000000010772c                DVLB_Free
 .text.DVLE_GetUniformRegister
                0x0000000000107764       0x74 /opt/devkitpro/libctru/lib/libctru.a(shbin.o)
                0x0000000000107764                DVLE_GetUniformRegister
 .text.GX_BindQueue
                0x00000000001077d8       0x10 /opt/devkitpro/libctru/lib/libctru.a(gx.o)
                0x00000000001077d8                GX_BindQueue
 .text.GX_ProcessCommandList
                0x00000000001077e8       0x78 /opt/devkitpro/libctru/lib/libctru.a(gx.o)
                0x00000000001077e8                GX_ProcessCommandList
 .text.GX_MemoryFill
                0x0000000000107860       0x74 /opt/devkitpro/libctru/lib/libctru.a(gx.o)
                0x0000000000107860                GX_MemoryFill
 .text.GX_DisplayTransfer
                0x00000000001078d4       0x70 /opt/devkitpro/libctru/lib/libctru.a(gx.o)
                0x00000000001078d4                GX_DisplayTransfer
 .text.gxCmdQueueDoCommands.part.0
                0x0000000000107944       0x68 /opt/devkitpro/libctru/lib/libctru.a(gxqueue.o)
 .text.gxCmdQueueInterrupt
                0x00000000001079ac       0xc8 /opt/devkitpro/libctru/lib/libctru.a(gxqueue.o)
                0x00000000001079ac                gxCmdQueueInterrupt
 .text.gxCmdQueueClear
                0x0000000000107a74       0x4c /opt/devkitpro/libctru/lib/libctru.a(gxqueue.o)
                0x0000000000107a74                gxCmdQueueClear
 .text.gxCmdQueueAdd
                0x0000000000107ac0       0xf8 /opt/devkitpro/libctru/lib/libctru.a(gxqueue.o)
                0x0000000000107ac0                gxCmdQueueAdd
 .text.gxCmdQueueRun
                0x0000000000107bb8       0x80 /opt/devkitpro/libctru/lib/libctru.a(gxqueue.o)
                0x0000000000107bb8                gxCmdQueueRun
 .text.gxCmdQueueStop
                0x0000000000107c38       0x60 /opt/devkitpro/libctru/lib/libctru.a(gxqueue.o)
                0x0000000000107c38                gxCmdQueueStop
 .text.gxCmdQueueWait
                0x0000000000107c98       0x74 /opt/devkitpro/libctru/lib/libctru.a(gxqueue.o)
                0x0000000000107c98                gxCmdQueueWait
 .text.GPUCMD_Add
                0x0000000000107d0c      0x13c /opt/devkitpro/libctru/lib/libctru.a(gpu.o)
                0x0000000000107d0c                GPUCMD_Add
 .text.GPUCMD_Split
                0x0000000000107e48       0xac /opt/devkitpro/libctru/lib/libctru.a(gpu.o)
                0x0000000000107e48                GPUCMD_Split
 .text.f32tof16
                0x0000000000107ef4       0x40 /opt/devkitpro/libctru/lib/libctru.a(gpu.o)
                0x0000000000107ef4                f32tof16
 .text.f32tof24
                0x0000000000107f34       0x40 /opt/devkitpro/libctru/lib/libctru.a(gpu.o)
                0x0000000000107f34                f32tof24
 .text.f32tof31
                0x0000000000107f74       0x44 /opt/devkitpro/libctru/lib/libctru.a(gpu.o)
                0x0000000000107f74                f32tof31
 .text.gspHardwareInit
                0x0000000000107fb8      0xc58 /opt/devkitpro/libctru/lib/libctru.a(gspgpu.o)
 .text.gspInit  0x0000000000108c10      0x254 /opt/devkitpro/libctru/lib/libctru.a(gspgpu.o)
                0x0000000000108c10                gspInit
 .text.gspExit  0x0000000000108e64       0xf0 /opt/devkitpro/libctru/lib/libctru.a(gspgpu.o)
                0x0000000000108e64                gspExit
 .text.gspHasGpuRight
                0x0000000000108f54       0x10 /opt/devkitpro/libctru/lib/libctru.a(gspgpu.o)
                0x0000000000108f54                gspHasGpuRight
 .text.gspPresentBuffer
                0x0000000000108f64       0x98 /opt/devkitpro/libctru/lib/libctru.a(gspgpu.o)
                0x0000000000108f64                gspPresentBuffer
 .text.gspSetEventCallback
                0x0000000000108ffc       0x30 /opt/devkitpro/libctru/lib/libctru.a(gspgpu.o)
                0x0000000000108ffc                gspSetEventCallback
 .text.gspWaitForEvent
                0x000000000010902c       0x50 /opt/devkitpro/libctru/lib/libctru.a(gspgpu.o)
                0x000000000010902c                gspWaitForEvent
 .text.gspWaitForAnyEvent
                0x000000000010907c       0x4c /opt/devkitpro/libctru/lib/libctru.a(gspgpu.o)
                0x000000000010907c                gspWaitForAnyEvent
 .text.gspEventThreadMain
                0x00000000001090c8      0x160 /opt/devkitpro/libctru/lib/libctru.a(gspgpu.o)
 .text.gspSubmitGxCommand
                0x0000000000109228      0x130 /opt/devkitpro/libctru/lib/libctru.a(gspgpu.o)
                0x0000000000109228                gspSubmitGxCommand
 .text.GSPGPU_FlushDataCache
                0x0000000000109358       0x50 /opt/devkitpro/libctru/lib/libctru.a(gspgpu.o)
                0x0000000000109358                GSPGPU_FlushDataCache
 .text.GSPGPU_SetLcdForceBlack
                0x00000000001093a8       0x34 /opt/devkitpro/libctru/lib/libctru.a(gspgpu.o)
                0x00000000001093a8                GSPGPU_SetLcdForceBlack
 .text.GSPGPU_AcquireRight
                0x00000000001093dc       0x68 /opt/devkitpro/libctru/lib/libctru.a(gspgpu.o)
                0x00000000001093dc                GSPGPU_AcquireRight
 .text.GSPGPU_ReleaseRight
                0x0000000000109444       0x48 /opt/devkitpro/libctru/lib/libctru.a(gspgpu.o)
                0x0000000000109444                GSPGPU_ReleaseRight
 .text.GSPGPU_ImportDisplayCaptureInfo
                0x000000000010948c       0x7c /opt/devkitpro/libctru/lib/libctru.a(gspgpu.o)
                0x000000000010948c                GSPGPU_ImportDisplayCaptureInfo
 .text.GSPGPU_SaveVramSysArea
                0x0000000000109508       0x2c /opt/devkitpro/libctru/lib/libctru.a(gspgpu.o)
                0x0000000000109508                GSPGPU_SaveVramSysArea
 .text.GSPGPU_RestoreVramSysArea
                0x0000000000109534       0x2c /opt/devkitpro/libctru/lib/libctru.a(gspgpu.o)
                0x0000000000109534                GSPGPU_RestoreVramSysArea
 .text.aptConvertScreenForCapture
                0x0000000000109560      0x1b0 /opt/devkitpro/libctru/lib/libctru.a(apt.o)
 .text.aptDspSleep
                0x0000000000109710        0x8 /opt/devkitpro/libctru/lib/libctru.a(apt.o)
                0x0000000000109710                aptDspSleep
 .text.aptDspWakeup
                0x0000000000109718        0x4 /opt/devkitpro/libctru/lib/libctru.a(apt.o)
                0x0000000000109718                aptDspWakeup
 .text.aptDspCancel
                0x000000000010971c        0x4 /opt/devkitpro/libctru/lib/libctru.a(apt.o)
                0x000000000010971c                aptDspCancel
 .text.aptSendCommand
                0x0000000000109720      0x15c /opt/devkitpro/libctru/lib/libctru.a(apt.o)
                0x0000000000109720                aptSendCommand
 .text.aptExitProcess
                0x000000000010987c       0x38 /opt/devkitpro/libctru/lib/libctru.a(apt.o)
 .text.aptExit  0x00000000001098b4      0x2f0 /opt/devkitpro/libctru/lib/libctru.a(apt.o)
                0x00000000001098b4                aptExit
 .text.aptHandleSleep
                0x0000000000109ba4       0xd8 /opt/devkitpro/libctru/lib/libctru.a(apt.o)
                0x0000000000109ba4                aptHandleSleep
 .text.aptHook  0x0000000000109c7c       0x30 /opt/devkitpro/libctru/lib/libctru.a(apt.o)
                0x0000000000109c7c                aptHook
 .text.aptUnhook
                0x0000000000109cac       0x30 /opt/devkitpro/libctru/lib/libctru.a(apt.o)
                0x0000000000109cac                aptUnhook
 .text.APT_SleepIfShellClosed
                0x0000000000109cdc       0x84 /opt/devkitpro/libctru/lib/libctru.a(apt.o)
                0x0000000000109cdc                APT_SleepIfShellClosed
 .text.aptSetSleepAllowed
                0x0000000000109d60       0x84 /opt/devkitpro/libctru/lib/libctru.a(apt.o)
                0x0000000000109d60                aptSetSleepAllowed
 .text.APT_UnlockTransition
                0x0000000000109de4       0x84 /opt/devkitpro/libctru/lib/libctru.a(apt.o)
                0x0000000000109de4                APT_UnlockTransition
 .text.aptEventHandler
                0x0000000000109e68      0x484 /opt/devkitpro/libctru/lib/libctru.a(apt.o)
 .text.APT_ReceiveParameter
                0x000000000010a2ec       0xb0 /opt/devkitpro/libctru/lib/libctru.a(apt.o)
                0x000000000010a2ec                APT_ReceiveParameter
 .text.aptReceiveParameter.constprop.0
                0x000000000010a39c       0xb0 /opt/devkitpro/libctru/lib/libctru.a(apt.o)
 *fill*         0x000000000010a44c        0x4 
 .text.aptScreenTransfer
                0x000000000010a450      0x2bc /opt/devkitpro/libctru/lib/libctru.a(apt.o)
 .text.aptWaitForWakeUp.isra.0
                0x000000000010a70c      0x2d0 /opt/devkitpro/libctru/lib/libctru.a(apt.o)
 .text.aptJumpToHomeMenu
                0x000000000010a9dc       0xf8 /opt/devkitpro/libctru/lib/libctru.a(apt.o)
                0x000000000010a9dc                aptJumpToHomeMenu
 .text.aptMainLoop
                0x000000000010aad4       0x4c /opt/devkitpro/libctru/lib/libctru.a(apt.o)
                0x000000000010aad4                aptMainLoop
 .text.aptInit  0x000000000010ab20      0x234 /opt/devkitpro/libctru/lib/libctru.a(apt.o)
                0x000000000010ab20                aptInit
 .text.APT_CheckNew3DS
                0x000000000010ad54       0x7c /opt/devkitpro/libctru/lib/libctru.a(apt.o)
                0x000000000010ad54                APT_CheckNew3DS
 .text.hidShouldUseIrrst
                0x000000000010add0       0x24 /opt/devkitpro/libctru/lib/libctru.a(hid.o)
                0x000000000010add0                hidShouldUseIrrst
 .text.hidInit  0x000000000010adf4      0x18c /opt/devkitpro/libctru/lib/libctru.a(hid.o)
                0x000000000010adf4                hidInit
 .text.hidExit  0x000000000010af80       0xe8 /opt/devkitpro/libctru/lib/libctru.a(hid.o)
                0x000000000010af80                hidExit
 .text.hidScanInput
                0x000000000010b068      0x294 /opt/devkitpro/libctru/lib/libctru.a(hid.o)
                0x000000000010b068                hidScanInput
 .text.hidKeysHeld
                0x000000000010b2fc       0x10 /opt/devkitpro/libctru/lib/libctru.a(hid.o)
                0x000000000010b2fc                hidKeysHeld
 .text.hidKeysDown
                0x000000000010b30c       0x10 /opt/devkitpro/libctru/lib/libctru.a(hid.o)
                0x000000000010b30c                hidKeysDown
 .text.ptmSysmInit
                0x000000000010b31c       0x74 /opt/devkitpro/libctru/lib/libctru.a(ptmsysm.o)
                0x000000000010b31c                ptmSysmInit
 .text.ptmSysmExit
                0x000000000010b390       0x3c /opt/devkitpro/libctru/lib/libctru.a(ptmsysm.o)
                0x000000000010b390                ptmSysmExit
 .text.PTMSYSM_ConfigureNew3DSCPU
                0x000000000010b3cc       0x34 /opt/devkitpro/libctru/lib/libctru.a(ptmsysm.o)
                0x000000000010b3cc                PTMSYSM_ConfigureNew3DSCPU
 .text.rbtree_init
                0x000000000010b400       0x10 /opt/devkitpro/libctru/lib/libctru.a(rbtree_init.o)
                0x000000000010b400                rbtree_init
 .text.do_insert
                0x000000000010b410      0x1a0 /opt/devkitpro/libctru/lib/libctru.a(rbtree_insert.o)
 .text.rbtree_insert
                0x000000000010b5b0        0x8 /opt/devkitpro/libctru/lib/libctru.a(rbtree_insert.o)
                0x000000000010b5b0                rbtree_insert
 .text.rbtree_rotate
                0x000000000010b5b8       0x90 /opt/devkitpro/libctru/lib/libctru.a(rbtree_rotate.o)
                0x000000000010b5b8                rbtree_rotate
 .text.rbtree_remove
                0x000000000010b648      0x338 /opt/devkitpro/libctru/lib/libctru.a(rbtree_remove.o)
                0x000000000010b648                rbtree_remove
 .text.rbtree_find
                0x000000000010b980       0x74 /opt/devkitpro/libctru/lib/libctru.a(rbtree_find.o)
                0x000000000010b980                rbtree_find
 *fill*         0x000000000010b9f4        0x4 
 .text.__system_allocateHeaps
                0x000000000010b9f8      0x1e0 /opt/devkitpro/libctru/lib/libctru.a(allocateHeaps.o)
                0x000000000010b9f8                __system_allocateHeaps
 .text.__libctru_init
                0x000000000010bbd8       0x38 /opt/devkitpro/libctru/lib/libctru.a(ctru_init.o)
                0x000000000010bbd8                __libctru_init
 .text.__system_initArgv
                0x000000000010bc10       0xf0 /opt/devkitpro/libctru/lib/libctru.a(initArgv.o)
                0x000000000010bc10                __system_initArgv
 .text.svcControlMemory
                0x000000000010bd00       0x20 /opt/devkitpro/libctru/lib/libctru.a(svc.o)
                0x000000000010bd00                svcControlMemory
 .text.svcQueryMemory
                0x000000000010bd20       0x30 /opt/devkitpro/libctru/lib/libctru.a(svc.o)
                0x000000000010bd20                svcQueryMemory
 .text.svcExitProcess
                0x000000000010bd50        0x8 /opt/devkitpro/libctru/lib/libctru.a(svc.o)
                0x000000000010bd50                svcExitProcess
 .text.svcCreateThread
                0x000000000010bd58       0x20 /opt/devkitpro/libctru/lib/libctru.a(svc.o)
                0x000000000010bd58                svcCreateThread
 .text.svcExitThread
                0x000000000010bd78        0x8 /opt/devkitpro/libctru/lib/libctru.a(svc.o)
                0x000000000010bd78                svcExitThread
 .text.svcSleepThread
                0x000000000010bd80        0x8 /opt/devkitpro/libctru/lib/libctru.a(svc.o)
                0x000000000010bd80                svcSleepThread
 .text.svcReleaseMutex
                0x000000000010bd88        0x8 /opt/devkitpro/libctru/lib/libctru.a(svc.o)
                0x000000000010bd88                svcReleaseMutex
 .text.svcCreateEvent
                0x000000000010bd90       0x14 /opt/devkitpro/libctru/lib/libctru.a(svc.o)
                0x000000000010bd90                svcCreateEvent
 .text.svcSignalEvent
                0x000000000010bda4        0x8 /opt/devkitpro/libctru/lib/libctru.a(svc.o)
                0x000000000010bda4                svcSignalEvent
 .text.svcClearEvent
                0x000000000010bdac        0x8 /opt/devkitpro/libctru/lib/libctru.a(svc.o)
                0x000000000010bdac                svcClearEvent
 .text.svcMapMemoryBlock
                0x000000000010bdb4        0x8 /opt/devkitpro/libctru/lib/libctru.a(svc.o)
                0x000000000010bdb4                svcMapMemoryBlock
 .text.svcUnmapMemoryBlock
                0x000000000010bdbc        0x8 /opt/devkitpro/libctru/lib/libctru.a(svc.o)
                0x000000000010bdbc                svcUnmapMemoryBlock
 .text.svcCreateAddressArbiter
                0x000000000010bdc4       0x14 /opt/devkitpro/libctru/lib/libctru.a(svc.o)
                0x000000000010bdc4                svcCreateAddressArbiter
 .text.svcArbitrateAddressNoTimeout
                0x000000000010bdd8        0x8 /opt/devkitpro/libctru/lib/libctru.a(svc.o)
                0x000000000010bdd8                svcArbitrateAddressNoTimeout
 .text.svcCloseHandle
                0x000000000010bde0        0x8 /opt/devkitpro/libctru/lib/libctru.a(svc.o)
                0x000000000010bde0                svcCloseHandle
 .text.svcWaitSynchronization
                0x000000000010bde8        0x8 /opt/devkitpro/libctru/lib/libctru.a(svc.o)
                0x000000000010bde8                svcWaitSynchronization
 .text.svcWaitSynchronizationN
                0x000000000010bdf0       0x28 /opt/devkitpro/libctru/lib/libctru.a(svc.o)
                0x000000000010bdf0                svcWaitSynchronizationN
 .text.svcDuplicateHandle
                0x000000000010be18       0x14 /opt/devkitpro/libctru/lib/libctru.a(svc.o)
                0x000000000010be18                svcDuplicateHandle
 .text.svcGetSystemTick
                0x000000000010be2c        0x8 /opt/devkitpro/libctru/lib/libctru.a(svc.o)
                0x000000000010be2c                svcGetSystemTick
 .text.svcConnectToPort
                0x000000000010be34       0x14 /opt/devkitpro/libctru/lib/libctru.a(svc.o)
                0x000000000010be34                svcConnectToPort
 .text.svcSendSyncRequest
                0x000000000010be48        0x8 /opt/devkitpro/libctru/lib/libctru.a(svc.o)
                0x000000000010be48                svcSendSyncRequest
 .text.svcGetResourceLimit
                0x000000000010be50       0x14 /opt/devkitpro/libctru/lib/libctru.a(svc.o)
                0x000000000010be50                svcGetResourceLimit
 .text.svcGetResourceLimitLimitValues
                0x000000000010be64        0x8 /opt/devkitpro/libctru/lib/libctru.a(svc.o)
                0x000000000010be64                svcGetResourceLimitLimitValues
 .text.svcGetResourceLimitCurrentValues
                0x000000000010be6c        0x8 /opt/devkitpro/libctru/lib/libctru.a(svc.o)
                0x000000000010be6c                svcGetResourceLimitCurrentValues
 .text.svcBreak
                0x000000000010be74        0x8 /opt/devkitpro/libctru/lib/libctru.a(svc.o)
                0x000000000010be74                svcBreak
 .text.initSystem
                0x000000000010be7c       0x50 /opt/devkitpro/libctru/lib/libctru.a(stack_adjust.o)
                0x000000000010be7c                initSystem
 .text.__ctru_exit
                0x000000000010becc       0x18 /opt/devkitpro/libctru/lib/libctru.a(stack_adjust.o)
                0x000000000010becc                __ctru_exit
 .text.__sync_init
                0x000000000010bee4        0xc /opt/devkitpro/libctru/lib/libctru.a(synchronization.o)
                0x000000000010bee4                __sync_init
 .text.__sync_fini
                0x000000000010bef0       0x18 /opt/devkitpro/libctru/lib/libctru.a(synchronization.o)
                0x000000000010bef0                __sync_fini
 .text.syncArbitrateAddress
                0x000000000010bf08       0x2c /opt/devkitpro/libctru/lib/libctru.a(synchronization.o)
                0x000000000010bf08                syncArbitrateAddress
 .text.LightLock_Init
                0x000000000010bf34       0x1c /opt/devkitpro/libctru/lib/libctru.a(synchronization.o)
                0x000000000010bf34                LightLock_Init
 .text.LightLock_Lock
                0x000000000010bf50       0x94 /opt/devkitpro/libctru/lib/libctru.a(synchronization.o)
                0x000000000010bf50                LightLock_Lock
 .text.LightLock_TryLock
                0x000000000010bfe4       0x44 /opt/devkitpro/libctru/lib/libctru.a(synchronization.o)
                0x000000000010bfe4                LightLock_TryLock
 .text.LightLock_Unlock
                0x000000000010c028       0x40 /opt/devkitpro/libctru/lib/libctru.a(synchronization.o)
                0x000000000010c028                LightLock_Unlock
 .text.RecursiveLock_Init
                0x000000000010c068       0x24 /opt/devkitpro/libctru/lib/libctru.a(synchronization.o)
                0x000000000010c068                RecursiveLock_Init
 .text.RecursiveLock_Lock
                0x000000000010c08c       0x30 /opt/devkitpro/libctru/lib/libctru.a(synchronization.o)
                0x000000000010c08c                RecursiveLock_Lock
 .text.RecursiveLock_TryLock
                0x000000000010c0bc       0x78 /opt/devkitpro/libctru/lib/libctru.a(synchronization.o)
                0x000000000010c0bc                RecursiveLock_TryLock
 .text.RecursiveLock_Unlock
                0x000000000010c134       0x54 /opt/devkitpro/libctru/lib/libctru.a(synchronization.o)
                0x000000000010c134                RecursiveLock_Unlock
 .text.LightEvent_Init
                0x000000000010c188       0x40 /opt/devkitpro/libctru/lib/libctru.a(synchronization.o)
                0x000000000010c188                LightEvent_Init
 .text.LightEvent_Clear
                0x000000000010c1c8       0xa4 /opt/devkitpro/libctru/lib/libctru.a(synchronization.o)
                0x000000000010c1c8                LightEvent_Clear
 .text.LightEvent_Signal
                0x000000000010c26c       0xc8 /opt/devkitpro/libctru/lib/libctru.a(synchronization.o)
                0x000000000010c26c                LightEvent_Signal
 .text.LightEvent_TryWait
                0x000000000010c334       0x58 /opt/devkitpro/libctru/lib/libctru.a(synchronization.o)
                0x000000000010c334                LightEvent_TryWait
 .text.LightEvent_Wait
                0x000000000010c38c       0xb0 /opt/devkitpro/libctru/lib/libctru.a(synchronization.o)
                0x000000000010c38c                LightEvent_Wait
 .text.srvInit  0x000000000010c43c      0x124 /opt/devkitpro/libctru/lib/libctru.a(srv.o)
                0x000000000010c43c                srvInit
 .text.srvExit  0x000000000010c560       0x58 /opt/devkitpro/libctru/lib/libctru.a(srv.o)
                0x000000000010c560                srvExit
 .text.srvGetServiceHandleDirect
                0x000000000010c5b8       0x80 /opt/devkitpro/libctru/lib/libctru.a(srv.o)
                0x000000000010c5b8                srvGetServiceHandleDirect
 .text.srvGetServiceHandle
                0x000000000010c638       0x48 /opt/devkitpro/libctru/lib/libctru.a(srv.o)
                0x000000000010c638                srvGetServiceHandle
 .text.srvPublishToSubscriber
                0x000000000010c680       0x38 /opt/devkitpro/libctru/lib/libctru.a(srv.o)
                0x000000000010c680                srvPublishToSubscriber
 .text.threadCreate
                0x000000000010c6b8      0x188 /opt/devkitpro/libctru/lib/libctru.a(thread.o)
                0x000000000010c6b8                threadCreate
 .text.threadFree
                0x000000000010c840       0x2c /opt/devkitpro/libctru/lib/libctru.a(thread.o)
                0x000000000010c840                threadFree
 .text.threadJoin
                0x000000000010c86c       0x24 /opt/devkitpro/libctru/lib/libctru.a(thread.o)
                0x000000000010c86c                threadJoin
 .text.threadGetCurrent
                0x000000000010c890       0x30 /opt/devkitpro/libctru/lib/libctru.a(thread.o)
                0x000000000010c890                threadGetCurrent
 .text.threadExit
                0x000000000010c8c0       0x40 /opt/devkitpro/libctru/lib/libctru.a(thread.o)
                0x000000000010c8c0                threadExit
 .text._thread_begin
                0x000000000010c900       0x44 /opt/devkitpro/libctru/lib/libctru.a(thread.o)
 .text.mappableFindAddressWithin
                0x000000000010c944       0x94 /opt/devkitpro/libctru/lib/libctru.a(mappable.o)
 .text.mappableInit
                0x000000000010c9d8       0x28 /opt/devkitpro/libctru/lib/libctru.a(mappable.o)
                0x000000000010c9d8                mappableInit
 .text.mappableAlloc
                0x000000000010ca00       0x80 /opt/devkitpro/libctru/lib/libctru.a(mappable.o)
                0x000000000010ca00                mappableAlloc
 .text.mappableFree
                0x000000000010ca80        0x4 /opt/devkitpro/libctru/lib/libctru.a(mappable.o)
                0x000000000010ca80                mappableFree
 .text.irrstInit
                0x000000000010ca84      0x160 /opt/devkitpro/libctru/lib/libctru.a(irrst.o)
                0x000000000010ca84                irrstInit
 .text.irrstExit
                0x000000000010cbe4       0xcc /opt/devkitpro/libctru/lib/libctru.a(irrst.o)
                0x000000000010cbe4                irrstExit
 .text.irrstScanInput
                0x000000000010ccb0       0xb0 /opt/devkitpro/libctru/lib/libctru.a(irrst.o)
                0x000000000010ccb0                irrstScanInput
 .text.irrstKeysHeld
                0x000000000010cd60       0x24 /opt/devkitpro/libctru/lib/libctru.a(irrst.o)
                0x000000000010cd60                irrstKeysHeld
 .text.srvPmGetSessionHandle
                0x000000000010cd84        0xc /opt/devkitpro/libctru/lib/libctru.a(srvpm.o)
                0x000000000010cd84                srvPmGetSessionHandle
 .text.rbtree_node_next
                0x000000000010cd90       0x50 /opt/devkitpro/libctru/lib/libctru.a(rbtree_iterator.o)
                0x000000000010cd90                rbtree_node_next
 .text.__appInit
                0x000000000010cde0       0x30 /opt/devkitpro/libctru/lib/libctru.a(appInit.o)
                0x000000000010cde0                __appInit
 .text.__libctru_nanosleep
                0x000000000010ce10       0x30 /opt/devkitpro/libctru/lib/libctru.a(syscalls.o)
 .text.__libctru_get_reent
                0x000000000010ce40       0x30 /opt/devkitpro/libctru/lib/libctru.a(syscalls.o)
 .text.__system_initSyscalls
                0x000000000010ce70       0xf8 /opt/devkitpro/libctru/lib/libctru.a(syscalls.o)
                0x000000000010ce70                __system_initSyscalls
 .text.__appExit
                0x000000000010cf68       0x30 /opt/devkitpro/libctru/lib/libctru.a(appExit.o)
                0x000000000010cf68                __appExit
 .text.__libctru_exit
                0x000000000010cf98       0x90 /opt/devkitpro/libctru/lib/libctru.a(ctru_exit.o)
                0x000000000010cf98                __libctru_exit
 .text.envGetHandle
                0x000000000010d028       0x84 /opt/devkitpro/libctru/lib/libctru.a(env.o)
                0x000000000010d028                envGetHandle
 .text.envDestroyHandles
                0x000000000010d0ac       0x50 /opt/devkitpro/libctru/lib/libctru.a(env.o)
                0x000000000010d0ac                envDestroyHandles
 .text.archive_link
                0x000000000010d0fc       0x14 /opt/devkitpro/libctru/lib/libctru.a(archive_dev.o)
 .text.archive_dirreset
                0x000000000010d110       0x14 /opt/devkitpro/libctru/lib/libctru.a(archive_dev.o)
 .text.archive_chmod
                0x000000000010d124       0x14 /opt/devkitpro/libctru/lib/libctru.a(archive_dev.o)
 .text.error_cmp
                0x000000000010d138       0x24 /opt/devkitpro/libctru/lib/libctru.a(archive_dev.o)
 .text.archive_translate_error
                0x000000000010d15c       0x50 /opt/devkitpro/libctru/lib/libctru.a(archive_dev.o)
 .text.archive_seek
                0x000000000010d1ac       0xd4 /opt/devkitpro/libctru/lib/libctru.a(archive_dev.o)
 .text._archiveInit.part.0
                0x000000000010d280       0x7c /opt/devkitpro/libctru/lib/libctru.a(archive_dev.o)
 .text.archiveFindDevice.part.0
                0x000000000010d2fc       0x8c /opt/devkitpro/libctru/lib/libctru.a(archive_dev.o)
 .text.archive_utf16path
                0x000000000010d388      0x294 /opt/devkitpro/libctru/lib/libctru.a(archive_dev.o)
 .text._archiveUnmountDeviceStruct.part.0
                0x000000000010d61c       0xa0 /opt/devkitpro/libctru/lib/libctru.a(archive_dev.o)
 .text.archive_fchmod
                0x000000000010d6bc       0x14 /opt/devkitpro/libctru/lib/libctru.a(archive_dev.o)
 .text.archive_statvfs
                0x000000000010d6d0       0x14 /opt/devkitpro/libctru/lib/libctru.a(archive_dev.o)
 .text._archiveMountDevice
                0x000000000010d6e4      0x158 /opt/devkitpro/libctru/lib/libctru.a(archive_dev.o)
 .text.archive_diropen
                0x000000000010d83c       0xe8 /opt/devkitpro/libctru/lib/libctru.a(archive_dev.o)
 .text.archive_fstat
                0x000000000010d924       0xa4 /opt/devkitpro/libctru/lib/libctru.a(archive_dev.o)
 .text.archive_close
                0x000000000010d9c8       0x6c /opt/devkitpro/libctru/lib/libctru.a(archive_dev.o)
 .text.archive_fsync
                0x000000000010da34       0x6c /opt/devkitpro/libctru/lib/libctru.a(archive_dev.o)
 .text.archive_dirclose
                0x000000000010daa0       0x70 /opt/devkitpro/libctru/lib/libctru.a(archive_dev.o)
 .text.sdmc_statvfs
                0x000000000010db10       0xe8 /opt/devkitpro/libctru/lib/libctru.a(archive_dev.o)
 .text.archive_ftruncate
                0x000000000010dbf8       0x80 /opt/devkitpro/libctru/lib/libctru.a(archive_dev.o)
 .text.archive_chdir
                0x000000000010dc78       0xfc /opt/devkitpro/libctru/lib/libctru.a(archive_dev.o)
 .text.archive_read
                0x000000000010dd74       0xb0 /opt/devkitpro/libctru/lib/libctru.a(archive_dev.o)
 .text.archive_unlink
                0x000000000010de24       0xac /opt/devkitpro/libctru/lib/libctru.a(archive_dev.o)
 .text.archive_rmdir
                0x000000000010ded0       0xc8 /opt/devkitpro/libctru/lib/libctru.a(archive_dev.o)
 .text.archive_mkdir
                0x000000000010df98       0xec /opt/devkitpro/libctru/lib/libctru.a(archive_dev.o)
 .text.archive_stat
                0x000000000010e084      0x1a8 /opt/devkitpro/libctru/lib/libctru.a(archive_dev.o)
 .text.archive_rename
                0x000000000010e22c      0x184 /opt/devkitpro/libctru/lib/libctru.a(archive_dev.o)
 .text.archive_dirnext
                0x000000000010e3b0      0x168 /opt/devkitpro/libctru/lib/libctru.a(archive_dev.o)
 .text.archive_write
                0x000000000010e518      0x12c /opt/devkitpro/libctru/lib/libctru.a(archive_dev.o)
 .text.archive_open
                0x000000000010e644      0x1f0 /opt/devkitpro/libctru/lib/libctru.a(archive_dev.o)
 .text.archiveMountSdmc
                0x000000000010e834      0x1a4 /opt/devkitpro/libctru/lib/libctru.a(archive_dev.o)
                0x000000000010e834                archiveMountSdmc
 .text.archiveUnmountAll
                0x000000000010e9d8       0x54 /opt/devkitpro/libctru/lib/libctru.a(archive_dev.o)
                0x000000000010e9d8                archiveUnmountAll
 .text.fsInit   0x000000000010ea2c       0xc8 /opt/devkitpro/libctru/lib/libctru.a(fs.o)
                0x000000000010ea2c                fsInit
 .text.fsExit   0x000000000010eaf4       0x3c /opt/devkitpro/libctru/lib/libctru.a(fs.o)
                0x000000000010eaf4                fsExit
 .text.fsExemptFromSession
                0x000000000010eb30       0x60 /opt/devkitpro/libctru/lib/libctru.a(fs.o)
                0x000000000010eb30                fsExemptFromSession
 .text.fsUnexemptFromSession
                0x000000000010eb90       0x50 /opt/devkitpro/libctru/lib/libctru.a(fs.o)
                0x000000000010eb90                fsUnexemptFromSession
 .text.FSUSER_OpenFile
                0x000000000010ebe0       0xcc /opt/devkitpro/libctru/lib/libctru.a(fs.o)
                0x000000000010ebe0                FSUSER_OpenFile
 .text.FSUSER_DeleteFile
                0x000000000010ecac       0xbc /opt/devkitpro/libctru/lib/libctru.a(fs.o)
                0x000000000010ecac                FSUSER_DeleteFile
 .text.FSUSER_RenameFile
                0x000000000010ed68       0xf8 /opt/devkitpro/libctru/lib/libctru.a(fs.o)
                0x000000000010ed68                FSUSER_RenameFile
 .text.FSUSER_DeleteDirectory
                0x000000000010ee60       0xbc /opt/devkitpro/libctru/lib/libctru.a(fs.o)
                0x000000000010ee60                FSUSER_DeleteDirectory
 .text.FSUSER_CreateFile
                0x000000000010ef1c       0xd4 /opt/devkitpro/libctru/lib/libctru.a(fs.o)
                0x000000000010ef1c                FSUSER_CreateFile
 .text.FSUSER_CreateDirectory
                0x000000000010eff0       0xc4 /opt/devkitpro/libctru/lib/libctru.a(fs.o)
                0x000000000010eff0                FSUSER_CreateDirectory
 .text.FSUSER_RenameDirectory
                0x000000000010f0b4       0xf8 /opt/devkitpro/libctru/lib/libctru.a(fs.o)
                0x000000000010f0b4                FSUSER_RenameDirectory
 .text.FSUSER_OpenDirectory
                0x000000000010f1ac       0xb4 /opt/devkitpro/libctru/lib/libctru.a(fs.o)
                0x000000000010f1ac                FSUSER_OpenDirectory
 .text.FSUSER_OpenArchive
                0x000000000010f260       0x94 /opt/devkitpro/libctru/lib/libctru.a(fs.o)
                0x000000000010f260                FSUSER_OpenArchive
 .text.FSUSER_CloseArchive
                0x000000000010f2f4       0x8c /opt/devkitpro/libctru/lib/libctru.a(fs.o)
                0x000000000010f2f4                FSUSER_CloseArchive
 .text.FSUSER_GetSdmcArchiveResource
                0x000000000010f380       0x74 /opt/devkitpro/libctru/lib/libctru.a(fs.o)
                0x000000000010f380                FSUSER_GetSdmcArchiveResource
 .text.FSUSER_IsSdmcWritable
                0x000000000010f3f4       0x64 /opt/devkitpro/libctru/lib/libctru.a(fs.o)
                0x000000000010f3f4                FSUSER_IsSdmcWritable
 .text.FSFILE_Read
                0x000000000010f458       0x58 /opt/devkitpro/libctru/lib/libctru.a(fs.o)
                0x000000000010f458                FSFILE_Read
 .text.FSFILE_Write
                0x000000000010f4b0       0x60 /opt/devkitpro/libctru/lib/libctru.a(fs.o)
                0x000000000010f4b0                FSFILE_Write
 .text.FSFILE_GetSize
                0x000000000010f510       0x38 /opt/devkitpro/libctru/lib/libctru.a(fs.o)
                0x000000000010f510                FSFILE_GetSize
 .text.FSFILE_SetSize
                0x000000000010f548       0x28 /opt/devkitpro/libctru/lib/libctru.a(fs.o)
                0x000000000010f548                FSFILE_SetSize
 .text.FSFILE_Close
                0x000000000010f570       0x3c /opt/devkitpro/libctru/lib/libctru.a(fs.o)
                0x000000000010f570                FSFILE_Close
 .text.FSFILE_Flush
                0x000000000010f5ac       0x24 /opt/devkitpro/libctru/lib/libctru.a(fs.o)
                0x000000000010f5ac                FSFILE_Flush
 .text.FSDIR_Read
                0x000000000010f5d0       0x50 /opt/devkitpro/libctru/lib/libctru.a(fs.o)
                0x000000000010f5d0                FSDIR_Read
 .text.FSDIR_Close
                0x000000000010f620       0x3c /opt/devkitpro/libctru/lib/libctru.a(fs.o)
                0x000000000010f620                FSDIR_Close
 .text.utf16_to_utf8
                0x000000000010f65c       0xe8 /opt/devkitpro/libctru/lib/libctru.a(utf16_to_utf8.o)
                0x000000000010f65c                utf16_to_utf8
 .text.decode_utf16
                0x000000000010f744       0x64 /opt/devkitpro/libctru/lib/libctru.a(decode_utf16.o)
                0x000000000010f744                decode_utf16
 .text.decode_utf8
                0x000000000010f7a8      0x13c /opt/devkitpro/libctru/lib/libctru.a(decode_utf8.o)
                0x000000000010f7a8                decode_utf8
 .text.utf8_to_utf16
                0x000000000010f8e4       0xc0 /opt/devkitpro/libctru/lib/libctru.a(utf8_to_utf16.o)
                0x000000000010f8e4                utf8_to_utf16
 .text.__aeabi_read_tp
                0x000000000010f9a4        0xc /opt/devkitpro/libctru/lib/libctru.a(readtp.o)
                0x000000000010f9a4                __aeabi_read_tp
 .text.encode_utf16
                0x000000000010f9b0       0x60 /opt/devkitpro/libctru/lib/libctru.a(encode_utf16.o)
                0x000000000010f9b0                encode_utf16
 .text.encode_utf8
                0x000000000010fa10       0xfc /opt/devkitpro/libctru/lib/libctru.a(encode_utf8.o)
                0x000000000010fa10                encode_utf8
 .text.round    0x000000000010fb0c       0xdc /opt/devkitpro/devkitARM/bin/../lib/gcc/arm-none-eabi/11.1.0/../../../../arm-none-eabi/lib/armv6k/fpu/libm.a(lib_a-s_round.o)
                0x000000000010fb0c                round
 .text.__udivmoddi4
                0x000000000010fbe8      0x120 /opt/devkitpro/devkitARM/bin/../lib/gcc/arm-none-eabi/11.1.0/armv6k/fpu/libgcc.a(_udivmoddi4.o)
                0x000000000010fbe8                __udivmoddi4
 .text.bsearch  0x000000000010fd08       0x78 /opt/devkitpro/devkitARM/bin/../lib/gcc/arm-none-eabi/11.1.0/../../../../arm-none-eabi/lib/armv6k/fpu/libg.a(lib_a-bsearch.o)
                0x000000000010fd08                bsearch
 .text.calloc   0x000000000010fd80       0x28 /opt/devkitpro/devkitARM/bin/../lib/gcc/arm-none-eabi/11.1.0/../../../../arm-none-eabi/lib/armv6k/fpu/libg.a(lib_a-calloc.o)
                0x000000000010fd80                calloc
 .text._calloc_r
                0x000000000010fda8       0xbc /opt/devkitpro/devkitARM/bin/../lib/gcc/arm-none-eabi/11.1.0/../../../../arm-none-eabi/lib/armv6k/fpu/libg.a(lib_a-callocr.o)
                0x000000000010fda8                _calloc_r
 .text.__errno  0x000000000010fe64        0xc /opt/devkitpro/devkitARM/bin/../lib/gcc/arm-none-eabi/11.1.0/../../../../arm-none-eabi/lib/armv6k/fpu/libg.a(lib_a-errno.o)
                0x000000000010fe64                __errno
 .text.exit     0x000000000010fe70       0x34 /opt/devkitpro/devkitARM/bin/../lib/gcc/arm-none-eabi/11.1.0/../../../../arm-none-eabi/lib/armv6k/fpu/libg.a(lib_a-exit.o)
                0x000000000010fe70                exit
 .text.__libc_fini_array
                0x000000000010fea4       0x3c /opt/devkitpro/devkitARM/bin/../lib/gcc/arm-none-eabi/11.1.0/../../../../arm-none-eabi/lib/armv6k/fpu/libg.a(lib_a-fini.o)
                0x000000000010fea4                __libc_fini_array
 .text.__libc_init_array
                0x000000000010fee0       0x7c /opt/devkitpro/devkitARM/bin/../lib/gcc/arm-none-eabi/11.1.0/../../../../arm-none-eabi/lib/armv6k/fpu/libg.a(lib_a-init.o)
                0x000000000010fee0                __libc_init_array
 .text.memalign
                0x000000000010ff5c       0x28 /opt/devkitpro/devkitARM/bin/../lib/gcc/arm-none-eabi/11.1.0/../../../../arm-none-eabi/lib/armv6k/fpu/libg.a(lib_a-malign.o)
                0x000000000010ff5c                memalign
 .text._memalign_r
                0x000000000010ff84      0x150 /opt/devkitpro/devkitARM/bin/../lib/gcc/arm-none-eabi/11.1.0/../../../../arm-none-eabi/lib/armv6k/fpu/libg.a(lib_a-malignr.o)
                0x000000000010ff84                _memalign_r
 .text.malloc   0x00000000001100d4       0x20 /opt/devkitpro/devkitARM/bin/../lib/gcc/arm-none-eabi/11.1.0/../../../../arm-none-eabi/lib/armv6k/fpu/libg.a(lib_a-malloc.o)
                0x00000000001100d4                malloc
 .text.free     0x00000000001100f4       0x20 /opt/devkitpro/devkitARM/bin/../lib/gcc/arm-none-eabi/11.1.0/../../../../arm-none-eabi/lib/armv6k/fpu/libg.a(lib_a-malloc.o)
                0x00000000001100f4                free
 .text._malloc_r
                0x0000000000110114      0x7e0 /opt/devkitpro/devkitARM/bin/../lib/gcc/arm-none-eabi/11.1.0/../../../../arm-none-eabi/lib/armv6k/fpu/libg.a(lib_a-mallocr.o)
                0x0000000000110114                _malloc_r
 .text.memchr   0x00000000001108f4       0xe0 /opt/devkitpro/devkitARM/bin/../lib/gcc/arm-none-eabi/11.1.0/../../../../arm-none-eabi/lib/armv6k/fpu/libg.a(lib_a-memchr-stub.o)
                0x00000000001108f4                memchr
 .text.memcpy   0x00000000001109d4      0x11c /opt/devkitpro/devkitARM/bin/../lib/gcc/arm-none-eabi/11.1.0/../../../../arm-none-eabi/lib/armv6k/fpu/libg.a(lib_a-memcpy-stub.o)
                0x00000000001109d4                memcpy
 .text.memset   0x0000000000110af0      0x118 /opt/devkitpro/devkitARM/bin/../lib/gcc/arm-none-eabi/11.1.0/../../../../arm-none-eabi/lib/armv6k/fpu/libg.a(lib_a-memset.o)
                0x0000000000110af0                memset
 .text.__malloc_lock
                0x0000000000110c08        0xc /opt/devkitpro/devkitARM/bin/../lib/gcc/arm-none-eabi/11.1.0/../../../../arm-none-eabi/lib/armv6k/fpu/libg.a(lib_a-mlock.o)
                0x0000000000110c08                __malloc_lock
 .text.__malloc_unlock
                0x0000000000110c14        0xc /opt/devkitpro/devkitARM/bin/../lib/gcc/arm-none-eabi/11.1.0/../../../../arm-none-eabi/lib/armv6k/fpu/libg.a(lib_a-mlock.o)
                0x0000000000110c14                __malloc_unlock
 .text.printf   0x0000000000110c20       0x34 /opt/devkitpro/devkitARM/bin/../lib/gcc/arm-none-eabi/11.1.0/../../../../arm-none-eabi/lib/armv6k/fpu/libg.a(lib_a-printf.o)
                0x0000000000110c20                printf
 .text.setvbuf  0x0000000000110c54      0x260 /opt/devkitpro/devkitARM/bin/../lib/gcc/arm-none-eabi/11.1.0/../../../../arm-none-eabi/lib/armv6k/fpu/libg.a(lib_a-setvbuf.o)
                0x0000000000110c54                setvbuf
 .text.sscanf   0x0000000000110eb4       0x74 /opt/devkitpro/devkitARM/bin/../lib/gcc/arm-none-eabi/11.1.0/../../../../arm-none-eabi/lib/armv6k/fpu/libg.a(lib_a-sscanf.o)
                0x0000000000110eb4                sscanf
 .text.__sread  0x0000000000110f28       0x44 /opt/devkitpro/devkitARM/bin/../lib/gcc/arm-none-eabi/11.1.0/../../../../arm-none-eabi/lib/armv6k/fpu/libg.a(lib_a-stdio.o)
                0x0000000000110f28                __sread
 .text.__seofread
                0x0000000000110f6c        0x8 /opt/devkitpro/devkitARM/bin/../lib/gcc/arm-none-eabi/11.1.0/../../../../arm-none-eabi/lib/armv6k/fpu/libg.a(lib_a-stdio.o)
                0x0000000000110f6c                __seofread
 .text.__swrite
                0x0000000000110f74       0x68 /opt/devkitpro/devkitARM/bin/../lib/gcc/arm-none-eabi/11.1.0/../../../../arm-none-eabi/lib/armv6k/fpu/libg.a(lib_a-stdio.o)
                0x0000000000110f74                __swrite
 .text.__sseek  0x0000000000110fdc       0x48 /opt/devkitpro/devkitARM/bin/../lib/gcc/arm-none-eabi/11.1.0/../../../../arm-none-eabi/lib/armv6k/fpu/libg.a(lib_a-stdio.o)
                0x0000000000110fdc                __sseek
 .text.__sclose
                0x0000000000111024        0x8 /opt/devkitpro/devkitARM/bin/../lib/gcc/arm-none-eabi/11.1.0/../../../../arm-none-eabi/lib/armv6k/fpu/libg.a(lib_a-stdio.o)
                0x0000000000111024                __sclose
 .text.strlen   0x000000000011102c       0x5c /opt/devkitpro/devkitARM/bin/../lib/gcc/arm-none-eabi/11.1.0/../../../../arm-none-eabi/lib/armv6k/fpu/libg.a(lib_a-strlen-stub.o)
                0x000000000011102c                strlen
 .text.strncat  0x0000000000111088       0xec /opt/devkitpro/devkitARM/bin/../lib/gcc/arm-none-eabi/11.1.0/../../../../arm-none-eabi/lib/armv6k/fpu/libg.a(lib_a-strncat.o)
                0x0000000000111088                strncat
 .text.strncmp  0x0000000000111174       0xdc /opt/devkitpro/devkitARM/bin/../lib/gcc/arm-none-eabi/11.1.0/../../../../arm-none-eabi/lib/armv6k/fpu/libg.a(lib_a-strncmp.o)
                0x0000000000111174                strncmp
 .text.strncpy  0x0000000000111250       0xc0 /opt/devkitpro/devkitARM/bin/../lib/gcc/arm-none-eabi/11.1.0/../../../../arm-none-eabi/lib/armv6k/fpu/libg.a(lib_a-strncpy.o)
                0x0000000000111250                strncpy
 .text.strnlen  0x0000000000111310       0x48 /opt/devkitpro/devkitARM/bin/../lib/gcc/arm-none-eabi/11.1.0/../../../../arm-none-eabi/lib/armv6k/fpu/libg.a(lib_a-strnlen.o)
                0x0000000000111310                strnlen
 .text.get_arg  0x0000000000111358       0x50 /opt/devkitpro/devkitARM/bin/../lib/gcc/arm-none-eabi/11.1.0/../../../../arm-none-eabi/lib/armv6k/fpu/libg.a(lib_a-svfscanf.o)
 .text.__ssvfscanf_r
                0x00000000001113a8     0x2bbc /opt/devkitpro/devkitARM/bin/../lib/gcc/arm-none-eabi/11.1.0/../../../../arm-none-eabi/lib/armv6k/fpu/libg.a(lib_a-svfscanf.o)
                0x00000000001113a8                __ssvfscanf_r
 .text.get_arg  0x0000000000113f64      0x628 /opt/devkitpro/devkitARM/bin/../lib/gcc/arm-none-eabi/11.1.0/../../../../arm-none-eabi/lib/armv6k/fpu/libg.a(lib_a-vfiprintf.o)
 .text.__sprint_r
                0x000000000011458c       0x30 /opt/devkitpro/devkitARM/bin/../lib/gcc/arm-none-eabi/11.1.0/../../../../arm-none-eabi/lib/armv6k/fpu/libg.a(lib_a-vfiprintf.o)
                0x000000000011458c                __sprint_r
 .text._vfiprintf_r
                0x00000000001145bc     0x233c /opt/devkitpro/devkitARM/bin/../lib/gcc/arm-none-eabi/11.1.0/../../../../arm-none-eabi/lib/armv6k/fpu/libg.a(lib_a-vfiprintf.o)
                0x00000000001145bc                _vfiprintf_r
 .text.__sbprintf
                0x00000000001168f8       0xd4 /opt/devkitpro/devkitARM/bin/../lib/gcc/arm-none-eabi/11.1.0/../../../../arm-none-eabi/lib/armv6k/fpu/libg.a(lib_a-vfiprintf.o)
 .text.get_arg  0x00000000001169cc      0x628 /opt/devkitpro/devkitARM/bin/../lib/gcc/arm-none-eabi/11.1.0/../../../../arm-none-eabi/lib/armv6k/fpu/libg.a(lib_a-vfprintf.o)
 *fill*         0x0000000000116ff4        0x4 
 .text._vfprintf_r
                0x0000000000116ff8     0x3684 /opt/devkitpro/devkitARM/bin/../lib/gcc/arm-none-eabi/11.1.0/../../../../arm-none-eabi/lib/armv6k/fpu/libg.a(lib_a-vfprintf.o)
                0x0000000000116ff8                _vfprintf_r
 .text.__sbprintf
                0x000000000011a67c       0xd4 /opt/devkitpro/devkitARM/bin/../lib/gcc/arm-none-eabi/11.1.0/../../../../arm-none-eabi/lib/armv6k/fpu/libg.a(lib_a-vfprintf.o)
 .text._wcrtomb_r
                0x000000000011a750       0x54 /opt/devkitpro/devkitARM/bin/../lib/gcc/arm-none-eabi/11.1.0/../../../../arm-none-eabi/lib/armv6k/fpu/libg.a(lib_a-wcrtomb.o)
                0x000000000011a750                _wcrtomb_r
 .text._wcsrtombs_r
                0x000000000011a7a4       0x28 /opt/devkitpro/devkitARM/bin/../lib/gcc/arm-none-eabi/11.1.0/../../../../arm-none-eabi/lib/armv6k/fpu/libg.a(lib_a-wcsrtombs.o)
                0x000000000011a7a4                _wcsrtombs_r
 .text.__swsetup_r
                0x000000000011a7cc      0x154 /opt/devkitpro/devkitARM/bin/../lib/gcc/arm-none-eabi/11.1.0/../../../../arm-none-eabi/lib/armv6k/fpu/libg.a(lib_a-wsetup.o)
                0x000000000011a7cc                __swsetup_r
 .text.__call_exitprocs
                0x000000000011a920      0x114 /opt/devkitpro/devkitARM/bin/../lib/gcc/arm-none-eabi/11.1.0/../../../../arm-none-eabi/lib/armv6k/fpu/libg.a(lib_a-__call_atexit.o)
                0x000000000011a920                __call_exitprocs
 .text.quorem   0x000000000011aa34      0x1ac /opt/devkitpro/devkitARM/bin/../lib/gcc/arm-none-eabi/11.1.0/../../../../arm-none-eabi/lib/armv6k/fpu/libg.a(lib_a-dtoa.o)
 .text._dtoa_r  0x000000000011abe0     0x12cc /opt/devkitpro/devkitARM/bin/../lib/gcc/arm-none-eabi/11.1.0/../../../../arm-none-eabi/lib/armv6k/fpu/libg.a(lib_a-dtoa.o)
                0x000000000011abe0                _dtoa_r
 .text.__sflush_r
                0x000000000011beac      0x258 /opt/devkitpro/devkitARM/bin/../lib/gcc/arm-none-eabi/11.1.0/../../../../arm-none-eabi/lib/armv6k/fpu/libg.a(lib_a-fflush.o)
                0x000000000011beac                __sflush_r
 .text._fflush_r
                0x000000000011c104       0x94 /opt/devkitpro/devkitARM/bin/../lib/gcc/arm-none-eabi/11.1.0/../../../../arm-none-eabi/lib/armv6k/fpu/libg.a(lib_a-fflush.o)
                0x000000000011c104                _fflush_r
 .text._cleanup_r
                0x000000000011c198        0xc /opt/devkitpro/devkitARM/bin/../lib/gcc/arm-none-eabi/11.1.0/../../../../arm-none-eabi/lib/armv6k/fpu/libg.a(lib_a-findfp.o)
                0x000000000011c198                _cleanup_r
 .text.__sinit  0x000000000011c1a4      0x184 /opt/devkitpro/devkitARM/bin/../lib/gcc/arm-none-eabi/11.1.0/../../../../arm-none-eabi/lib/armv6k/fpu/libg.a(lib_a-findfp.o)
                0x000000000011c1a4                __sinit
 .text.__sfp_lock_acquire
                0x000000000011c328        0xc /opt/devkitpro/devkitARM/bin/../lib/gcc/arm-none-eabi/11.1.0/../../../../arm-none-eabi/lib/armv6k/fpu/libg.a(lib_a-findfp.o)
                0x000000000011c328                __sfp_lock_acquire
 .text.__sfp_lock_release
                0x000000000011c334        0xc /opt/devkitpro/devkitARM/bin/../lib/gcc/arm-none-eabi/11.1.0/../../../../arm-none-eabi/lib/armv6k/fpu/libg.a(lib_a-findfp.o)
                0x000000000011c334                __sfp_lock_release
 .text._malloc_trim_r
                0x000000000011c340       0xf8 /opt/devkitpro/devkitARM/bin/../lib/gcc/arm-none-eabi/11.1.0/../../../../arm-none-eabi/lib/armv6k/fpu/libg.a(lib_a-freer.o)
                0x000000000011c340                _malloc_trim_r
 .text._free_r  0x000000000011c438      0x2e4 /opt/devkitpro/devkitARM/bin/../lib/gcc/arm-none-eabi/11.1.0/../../../../arm-none-eabi/lib/armv6k/fpu/libg.a(lib_a-freer.o)
                0x000000000011c438                _free_r
 .text.__sfvwrite_r
                0x000000000011c71c      0x4c0 /opt/devkitpro/devkitARM/bin/../lib/gcc/arm-none-eabi/11.1.0/../../../../arm-none-eabi/lib/armv6k/fpu/libg.a(lib_a-fvwrite.o)
                0x000000000011c71c                __sfvwrite_r
 .text._fwalk_reent
                0x000000000011cbdc       0x70 /opt/devkitpro/devkitARM/bin/../lib/gcc/arm-none-eabi/11.1.0/../../../../arm-none-eabi/lib/armv6k/fpu/libg.a(lib_a-fwalk.o)
                0x000000000011cbdc                _fwalk_reent
 .text.iswspace
                0x000000000011cc4c        0x8 /opt/devkitpro/devkitARM/bin/../lib/gcc/arm-none-eabi/11.1.0/../../../../arm-none-eabi/lib/armv6k/fpu/libg.a(lib_a-iswspace.o)
                0x000000000011cc4c                iswspace
 .text._localeconv_r
                0x000000000011cc54        0xc /opt/devkitpro/devkitARM/bin/../lib/gcc/arm-none-eabi/11.1.0/../../../../arm-none-eabi/lib/armv6k/fpu/libg.a(lib_a-localeconv.o)
                0x000000000011cc54                _localeconv_r
 .text.__locale_mb_cur_max
                0x000000000011cc60       0x10 /opt/devkitpro/devkitARM/bin/../lib/gcc/arm-none-eabi/11.1.0/../../../../arm-none-eabi/lib/armv6k/fpu/libg.a(lib_a-locale.o)
                0x000000000011cc60                __locale_mb_cur_max
 .text.__smakebuf_r
                0x000000000011cc70      0x138 /opt/devkitpro/devkitARM/bin/../lib/gcc/arm-none-eabi/11.1.0/../../../../arm-none-eabi/lib/armv6k/fpu/libg.a(lib_a-makebuf.o)
                0x000000000011cc70                __smakebuf_r
 .text.__swhatbuf_r
                0x000000000011cda8       0x8c /opt/devkitpro/devkitARM/bin/../lib/gcc/arm-none-eabi/11.1.0/../../../../arm-none-eabi/lib/armv6k/fpu/libg.a(lib_a-makebuf.o)
                0x000000000011cda8                __swhatbuf_r
 .text._mbrtowc_r
                0x000000000011ce34       0x68 /opt/devkitpro/devkitARM/bin/../lib/gcc/arm-none-eabi/11.1.0/../../../../arm-none-eabi/lib/armv6k/fpu/libg.a(lib_a-mbrtowc.o)
                0x000000000011ce34                _mbrtowc_r
 .text.__utf8_mbtowc
                0x000000000011ce9c      0x2e4 /opt/devkitpro/devkitARM/bin/../lib/gcc/arm-none-eabi/11.1.0/../../../../arm-none-eabi/lib/armv6k/fpu/libg.a(lib_a-mbtowc_r.o)
                0x000000000011ce9c                __utf8_mbtowc
 .text.memmove  0x000000000011d180      0x154 /opt/devkitpro/devkitARM/bin/../lib/gcc/arm-none-eabi/11.1.0/../../../../arm-none-eabi/lib/armv6k/fpu/libg.a(lib_a-memmove.o)
                0x000000000011d180                memmove
 .text._Balloc  0x000000000011d2d4       0x88 /opt/devkitpro/devkitARM/bin/../lib/gcc/arm-none-eabi/11.1.0/../../../../arm-none-eabi/lib/armv6k/fpu/libg.a(lib_a-mprec.o)
                0x000000000011d2d4                _Balloc
 .text._Bfree   0x000000000011d35c       0x1c /opt/devkitpro/devkitARM/bin/../lib/gcc/arm-none-eabi/11.1.0/../../../../arm-none-eabi/lib/armv6k/fpu/libg.a(lib_a-mprec.o)
                0x000000000011d35c                _Bfree
 .text.__multadd
                0x000000000011d378       0xf4 /opt/devkitpro/devkitARM/bin/../lib/gcc/arm-none-eabi/11.1.0/../../../../arm-none-eabi/lib/armv6k/fpu/libg.a(lib_a-mprec.o)
                0x000000000011d378                __multadd
 .text.__s2b    0x000000000011d46c      0x110 /opt/devkitpro/devkitARM/bin/../lib/gcc/arm-none-eabi/11.1.0/../../../../arm-none-eabi/lib/armv6k/fpu/libg.a(lib_a-mprec.o)
                0x000000000011d46c                __s2b
 .text.__hi0bits
                0x000000000011d57c       0x58 /opt/devkitpro/devkitARM/bin/../lib/gcc/arm-none-eabi/11.1.0/../../../../arm-none-eabi/lib/armv6k/fpu/libg.a(lib_a-mprec.o)
                0x000000000011d57c                __hi0bits
 .text.__lo0bits
                0x000000000011d5d4       0x94 /opt/devkitpro/devkitARM/bin/../lib/gcc/arm-none-eabi/11.1.0/../../../../arm-none-eabi/lib/armv6k/fpu/libg.a(lib_a-mprec.o)
                0x000000000011d5d4                __lo0bits
 .text.__i2b    0x000000000011d668       0xa4 /opt/devkitpro/devkitARM/bin/../lib/gcc/arm-none-eabi/11.1.0/../../../../arm-none-eabi/lib/armv6k/fpu/libg.a(lib_a-mprec.o)
                0x000000000011d668                __i2b
 .text.__multiply
                0x000000000011d70c      0x204 /opt/devkitpro/devkitARM/bin/../lib/gcc/arm-none-eabi/11.1.0/../../../../arm-none-eabi/lib/armv6k/fpu/libg.a(lib_a-mprec.o)
                0x000000000011d70c                __multiply
 .text.__pow5mult
                0x000000000011d910      0x120 /opt/devkitpro/devkitARM/bin/../lib/gcc/arm-none-eabi/11.1.0/../../../../arm-none-eabi/lib/armv6k/fpu/libg.a(lib_a-mprec.o)
                0x000000000011d910                __pow5mult
 .text.__lshift
                0x000000000011da30      0x13c /opt/devkitpro/devkitARM/bin/../lib/gcc/arm-none-eabi/11.1.0/../../../../arm-none-eabi/lib/armv6k/fpu/libg.a(lib_a-mprec.o)
                0x000000000011da30                __lshift
 .text.__mcmp   0x000000000011db6c       0x58 /opt/devkitpro/devkitARM/bin/../lib/gcc/arm-none-eabi/11.1.0/../../../../arm-none-eabi/lib/armv6k/fpu/libg.a(lib_a-mprec.o)
                0x000000000011db6c                __mcmp
 .text.__mdiff  0x000000000011dbc4      0x1cc /opt/devkitpro/devkitARM/bin/../lib/gcc/arm-none-eabi/11.1.0/../../../../arm-none-eabi/lib/armv6k/fpu/libg.a(lib_a-mprec.o)
                0x000000000011dbc4                __mdiff
 .text.__ulp    0x000000000011dd90       0x74 /opt/devkitpro/devkitARM/bin/../lib/gcc/arm-none-eabi/11.1.0/../../../../arm-none-eabi/lib/armv6k/fpu/libg.a(lib_a-mprec.o)
                0x000000000011dd90                __ulp
 .text.__b2d    0x000000000011de04       0xd0 /opt/devkitpro/devkitARM/bin/../lib/gcc/arm-none-eabi/11.1.0/../../../../arm-none-eabi/lib/armv6k/fpu/libg.a(lib_a-mprec.o)
                0x000000000011de04                __b2d
 .text.__d2b    0x000000000011ded4      0x124 /opt/devkitpro/devkitARM/bin/../lib/gcc/arm-none-eabi/11.1.0/../../../../arm-none-eabi/lib/armv6k/fpu/libg.a(lib_a-mprec.o)
                0x000000000011ded4                __d2b
 .text.__ratio  0x000000000011dff8       0x78 /opt/devkitpro/devkitARM/bin/../lib/gcc/arm-none-eabi/11.1.0/../../../../arm-none-eabi/lib/armv6k/fpu/libg.a(lib_a-mprec.o)
                0x000000000011dff8                __ratio
 .text.__copybits
                0x000000000011e070       0x88 /opt/devkitpro/devkitARM/bin/../lib/gcc/arm-none-eabi/11.1.0/../../../../arm-none-eabi/lib/armv6k/fpu/libg.a(lib_a-mprec.o)
                0x000000000011e070                __copybits
 .text.__any_on
                0x000000000011e0f8       0x5c /opt/devkitpro/devkitARM/bin/../lib/gcc/arm-none-eabi/11.1.0/../../../../arm-none-eabi/lib/armv6k/fpu/libg.a(lib_a-mprec.o)
                0x000000000011e0f8                __any_on
 .text.realloc  0x000000000011e154       0x28 /opt/devkitpro/devkitARM/bin/../lib/gcc/arm-none-eabi/11.1.0/../../../../arm-none-eabi/lib/armv6k/fpu/libg.a(lib_a-realloc.o)
                0x000000000011e154                realloc
 .text._realloc_r
                0x000000000011e17c      0x558 /opt/devkitpro/devkitARM/bin/../lib/gcc/arm-none-eabi/11.1.0/../../../../arm-none-eabi/lib/armv6k/fpu/libg.a(lib_a-reallocr.o)
                0x000000000011e17c                _realloc_r
 .text.__sccl   0x000000000011e6d4       0xe4 /opt/devkitpro/devkitARM/bin/../lib/gcc/arm-none-eabi/11.1.0/../../../../arm-none-eabi/lib/armv6k/fpu/libg.a(lib_a-sccl.o)
                0x000000000011e6d4                __sccl
 .text.nanf     0x000000000011e7b8        0xc /opt/devkitpro/devkitARM/bin/../lib/gcc/arm-none-eabi/11.1.0/../../../../arm-none-eabi/lib/armv6k/fpu/libg.a(lib_a-sf_nan.o)
                0x000000000011e7b8                nanf
 *fill*         0x000000000011e7c4        0x4 
 .text.frexp    0x000000000011e7c8       0xa8 /opt/devkitpro/devkitARM/bin/../lib/gcc/arm-none-eabi/11.1.0/../../../../arm-none-eabi/lib/armv6k/fpu/libg.a(lib_a-s_frexp.o)
                0x000000000011e7c8                frexp
 .text.sprintf  0x000000000011e870       0x64 /opt/devkitpro/devkitARM/bin/../lib/gcc/arm-none-eabi/11.1.0/../../../../arm-none-eabi/lib/armv6k/fpu/libg.a(lib_a-sprintf.o)
                0x000000000011e870                sprintf
 .text.stpncpy  0x000000000011e8d4       0xb8 /opt/devkitpro/devkitARM/bin/../lib/gcc/arm-none-eabi/11.1.0/../../../../arm-none-eabi/lib/armv6k/fpu/libg.a(lib_a-stpncpy.o)
                0x000000000011e8d4                stpncpy
 .text.strchr   0x000000000011e98c      0x12c /opt/devkitpro/devkitARM/bin/../lib/gcc/arm-none-eabi/11.1.0/../../../../arm-none-eabi/lib/armv6k/fpu/libg.a(lib_a-strchr.o)
                0x000000000011e98c                strchr
 .text._strtod_l
                0x000000000011eab8     0x1368 /opt/devkitpro/devkitARM/bin/../lib/gcc/arm-none-eabi/11.1.0/../../../../arm-none-eabi/lib/armv6k/fpu/libg.a(lib_a-strtod.o)
                0x000000000011eab8                _strtod_l
 .text._strtod_r
                0x000000000011fe20        0xc /opt/devkitpro/devkitARM/bin/../lib/gcc/arm-none-eabi/11.1.0/../../../../arm-none-eabi/lib/armv6k/fpu/libg.a(lib_a-strtod.o)
                0x000000000011fe20                _strtod_r
 .text._strtoll_l.constprop.0
                0x000000000011fe2c      0x22c /opt/devkitpro/devkitARM/bin/../lib/gcc/arm-none-eabi/11.1.0/../../../../arm-none-eabi/lib/armv6k/fpu/libg.a(lib_a-strtoll.o)
 .text._strtoll_r
                0x0000000000120058        0x4 /opt/devkitpro/devkitARM/bin/../lib/gcc/arm-none-eabi/11.1.0/../../../../arm-none-eabi/lib/armv6k/fpu/libg.a(lib_a-strtoll.o)
                0x0000000000120058                _strtoll_r
 .text._strtol_l.part.0
                0x000000000012005c      0x1a4 /opt/devkitpro/devkitARM/bin/../lib/gcc/arm-none-eabi/11.1.0/../../../../arm-none-eabi/lib/armv6k/fpu/libg.a(lib_a-strtol.o)
 .text._strtol_r
                0x0000000000120200       0x3c /opt/devkitpro/devkitARM/bin/../lib/gcc/arm-none-eabi/11.1.0/../../../../arm-none-eabi/lib/armv6k/fpu/libg.a(lib_a-strtol.o)
                0x0000000000120200                _strtol_r
 .text._strtoull_l.constprop.0
                0x000000000012023c      0x244 /opt/devkitpro/devkitARM/bin/../lib/gcc/arm-none-eabi/11.1.0/../../../../arm-none-eabi/lib/armv6k/fpu/libg.a(lib_a-strtoull.o)
 .text._strtoull_r
                0x0000000000120480        0x4 /opt/devkitpro/devkitARM/bin/../lib/gcc/arm-none-eabi/11.1.0/../../../../arm-none-eabi/lib/armv6k/fpu/libg.a(lib_a-strtoull.o)
                0x0000000000120480                _strtoull_r
 .text._strtoul_l.constprop.0
                0x0000000000120484      0x1c4 /opt/devkitpro/devkitARM/bin/../lib/gcc/arm-none-eabi/11.1.0/../../../../arm-none-eabi/lib/armv6k/fpu/libg.a(lib_a-strtoul.o)
 .text._strtoul_r
                0x0000000000120648        0x4 /opt/devkitpro/devkitARM/bin/../lib/gcc/arm-none-eabi/11.1.0/../../../../arm-none-eabi/lib/armv6k/fpu/libg.a(lib_a-strtoul.o)
                0x0000000000120648                _strtoul_r
 .text.__ssprint_r
                0x000000000012064c      0x190 /opt/devkitpro/devkitARM/bin/../lib/gcc/arm-none-eabi/11.1.0/../../../../arm-none-eabi/lib/armv6k/fpu/libg.a(lib_a-svfiprintf.o)
                0x000000000012064c                __ssprint_r
 .text._sungetc_r
                0x00000000001207dc       0xe0 /opt/devkitpro/devkitARM/bin/../lib/gcc/arm-none-eabi/11.1.0/../../../../arm-none-eabi/lib/armv6k/fpu/libg.a(lib_a-svfiscanf.o)
                0x00000000001207dc                _sungetc_r
 .text.__ssrefill_r
                0x00000000001208bc       0x6c /opt/devkitpro/devkitARM/bin/../lib/gcc/arm-none-eabi/11.1.0/../../../../arm-none-eabi/lib/armv6k/fpu/libg.a(lib_a-svfiscanf.o)
                0x00000000001208bc                __ssrefill_r
 .text._sfread_r
                0x0000000000120928       0xc8 /opt/devkitpro/devkitARM/bin/../lib/gcc/arm-none-eabi/11.1.0/../../../../arm-none-eabi/lib/armv6k/fpu/libg.a(lib_a-svfiscanf.o)
                0x0000000000120928                _sfread_r
 .text.get_arg  0x00000000001209f0      0x628 /opt/devkitpro/devkitARM/bin/../lib/gcc/arm-none-eabi/11.1.0/../../../../arm-none-eabi/lib/armv6k/fpu/libg.a(lib_a-svfprintf.o)
 .text._svfprintf_r
                0x0000000000121018     0x35b8 /opt/devkitpro/devkitARM/bin/../lib/gcc/arm-none-eabi/11.1.0/../../../../arm-none-eabi/lib/armv6k/fpu/libg.a(lib_a-svfprintf.o)
                0x0000000000121018                _svfprintf_r
 .text.__submore
                0x00000000001245d0       0xa8 /opt/devkitpro/devkitARM/bin/../lib/gcc/arm-none-eabi/11.1.0/../../../../arm-none-eabi/lib/armv6k/fpu/libg.a(lib_a-ungetc.o)
                0x00000000001245d0                __submore
 .text._wcsnrtombs_l
                0x0000000000124678      0x190 /opt/devkitpro/devkitARM/bin/../lib/gcc/arm-none-eabi/11.1.0/../../../../arm-none-eabi/lib/armv6k/fpu/libg.a(lib_a-wcsnrtombs.o)
                0x0000000000124678                _wcsnrtombs_l
 .text._wcsnrtombs_r
                0x0000000000124808       0x4c /opt/devkitpro/devkitARM/bin/../lib/gcc/arm-none-eabi/11.1.0/../../../../arm-none-eabi/lib/armv6k/fpu/libg.a(lib_a-wcsnrtombs.o)
                0x0000000000124808                _wcsnrtombs_r
 .text.__utf8_wctomb
                0x0000000000124854       0xf0 /opt/devkitpro/devkitARM/bin/../lib/gcc/arm-none-eabi/11.1.0/../../../../arm-none-eabi/lib/armv6k/fpu/libg.a(lib_a-wctomb_r.o)
                0x0000000000124854                __utf8_wctomb
 .text.__assert_func
                0x0000000000124944       0x54 /opt/devkitpro/devkitARM/bin/../lib/gcc/arm-none-eabi/11.1.0/../../../../arm-none-eabi/lib/armv6k/fpu/libg.a(lib_a-assert.o)
                0x0000000000124944                __assert_func
 .text._fclose_r
                0x0000000000124998      0x160 /opt/devkitpro/devkitARM/bin/../lib/gcc/arm-none-eabi/11.1.0/../../../../arm-none-eabi/lib/armv6k/fpu/libg.a(lib_a-fclose.o)
                0x0000000000124998                _fclose_r
 .text.fiprintf
                0x0000000000124af8       0x3c /opt/devkitpro/devkitARM/bin/../lib/gcc/arm-none-eabi/11.1.0/../../../../arm-none-eabi/lib/armv6k/fpu/libg.a(lib_a-fiprintf.o)
                0x0000000000124af8                fiprintf
 .text.rshift   0x0000000000124b34       0xec /opt/devkitpro/devkitARM/bin/../lib/gcc/arm-none-eabi/11.1.0/../../../../arm-none-eabi/lib/armv6k/fpu/libg.a(lib_a-gdtoa-gethex.o)
 .text.__gethex
                0x0000000000124c20      0x904 /opt/devkitpro/devkitARM/bin/../lib/gcc/arm-none-eabi/11.1.0/../../../../arm-none-eabi/lib/armv6k/fpu/libg.a(lib_a-gdtoa-gethex.o)
                0x0000000000124c20                __gethex
 .text.__match  0x0000000000125524       0x4c /opt/devkitpro/devkitARM/bin/../lib/gcc/arm-none-eabi/11.1.0/../../../../arm-none-eabi/lib/armv6k/fpu/libg.a(lib_a-gdtoa-hexnan.o)
                0x0000000000125524                __match
 .text.__hexnan
                0x0000000000125570      0x29c /opt/devkitpro/devkitARM/bin/../lib/gcc/arm-none-eabi/11.1.0/../../../../arm-none-eabi/lib/armv6k/fpu/libg.a(lib_a-gdtoa-hexnan.o)
                0x0000000000125570                __hexnan
 .text.iswspace_l
                0x000000000012580c       0x3c /opt/devkitpro/devkitARM/bin/../lib/gcc/arm-none-eabi/11.1.0/../../../../arm-none-eabi/lib/armv6k/fpu/libg.a(lib_a-iswspace_l.o)
                0x000000000012580c                iswspace_l
 .text.__jp2uc  0x0000000000125848      0x1d4 /opt/devkitpro/devkitARM/bin/../lib/gcc/arm-none-eabi/11.1.0/../../../../arm-none-eabi/lib/armv6k/fpu/libg.a(lib_a-jp2uc.o)
 .text._jp2uc_l
                0x0000000000125a1c       0x9c /opt/devkitpro/devkitARM/bin/../lib/gcc/arm-none-eabi/11.1.0/../../../../arm-none-eabi/lib/armv6k/fpu/libg.a(lib_a-jp2uc.o)
                0x0000000000125a1c                _jp2uc_l
 .text.nan      0x0000000000125ab8       0x10 /opt/devkitpro/devkitARM/bin/../lib/gcc/arm-none-eabi/11.1.0/../../../../arm-none-eabi/lib/armv6k/fpu/libg.a(lib_a-s_nan.o)
                0x0000000000125ab8                nan
 .text.abort    0x0000000000125ac8       0x14 /opt/devkitpro/devkitARM/bin/../lib/gcc/arm-none-eabi/11.1.0/../../../../arm-none-eabi/lib/armv6k/fpu/libg.a(lib_a-abort.o)
                0x0000000000125ac8                abort
 .text.category
                0x0000000000125adc       0x84 /opt/devkitpro/devkitARM/bin/../lib/gcc/arm-none-eabi/11.1.0/../../../../arm-none-eabi/lib/armv6k/fpu/libg.a(lib_a-categories.o)
                0x0000000000125adc                category
 .text._raise_r
                0x0000000000125b60       0x98 /opt/devkitpro/devkitARM/bin/../lib/gcc/arm-none-eabi/11.1.0/../../../../arm-none-eabi/lib/armv6k/fpu/libg.a(lib_a-signal.o)
                0x0000000000125b60                _raise_r
 .text.raise    0x0000000000125bf8       0x20 /opt/devkitpro/devkitARM/bin/../lib/gcc/arm-none-eabi/11.1.0/../../../../arm-none-eabi/lib/armv6k/fpu/libg.a(lib_a-signal.o)
                0x0000000000125bf8                raise
 .text.null_write
                0x0000000000125c18        0x8 /opt/devkitpro/devkitARM/bin/../lib/gcc/arm-none-eabi/11.1.0/../../../../arm-none-eabi/lib/armv6k/fpu/libsysbase.a(iosupport.o)
 .text.setDefaultDevice
                0x0000000000125c20       0x18 /opt/devkitpro/devkitARM/bin/../lib/gcc/arm-none-eabi/11.1.0/../../../../arm-none-eabi/lib/armv6k/fpu/libsysbase.a(iosupport.o)
                0x0000000000125c20                setDefaultDevice
 .text.FindDevice
                0x0000000000125c38       0xc8 /opt/devkitpro/devkitARM/bin/../lib/gcc/arm-none-eabi/11.1.0/../../../../arm-none-eabi/lib/armv6k/fpu/libsysbase.a(iosupport.o)
                0x0000000000125c38                FindDevice
 .text.RemoveDevice
                0x0000000000125d00       0x28 /opt/devkitpro/devkitARM/bin/../lib/gcc/arm-none-eabi/11.1.0/../../../../arm-none-eabi/lib/armv6k/fpu/libsysbase.a(iosupport.o)
                0x0000000000125d00                RemoveDevice
 .text.AddDevice
                0x0000000000125d28       0x9c /opt/devkitpro/devkitARM/bin/../lib/gcc/arm-none-eabi/11.1.0/../../../../arm-none-eabi/lib/armv6k/fpu/libsysbase.a(iosupport.o)
                0x0000000000125d28                AddDevice
 .text.GetDeviceOpTab
                0x0000000000125dc4       0x20 /opt/devkitpro/devkitARM/bin/../lib/gcc/arm-none-eabi/11.1.0/../../../../arm-none-eabi/lib/armv6k/fpu/libsysbase.a(iosupport.o)
                0x0000000000125dc4                GetDeviceOpTab
 .text._fstat_r
                0x0000000000125de4       0x78 /opt/devkitpro/devkitARM/bin/../lib/gcc/arm-none-eabi/11.1.0/../../../../arm-none-eabi/lib/armv6k/fpu/libsysbase.a(fstat.o)
                0x0000000000125de4                _fstat_r
 .text._getpid_r
                0x0000000000125e5c       0x14 /opt/devkitpro/devkitARM/bin/../lib/gcc/arm-none-eabi/11.1.0/../../../../arm-none-eabi/lib/armv6k/fpu/libsysbase.a(getpid.o)
                0x0000000000125e5c                _getpid_r
 .text._isatty_r
                0x0000000000125e70        0x8 /opt/devkitpro/devkitARM/bin/../lib/gcc/arm-none-eabi/11.1.0/../../../../arm-none-eabi/lib/armv6k/fpu/libsysbase.a(isatty.o)
                0x0000000000125e70                _isatty_r
 .text._kill_r  0x0000000000125e78       0x14 /opt/devkitpro/devkitARM/bin/../lib/gcc/arm-none-eabi/11.1.0/../../../../arm-none-eabi/lib/armv6k/fpu/libsysbase.a(kill.o)
                0x0000000000125e78                _kill_r
 .text._lseek_r
                0x0000000000125e8c       0x84 /opt/devkitpro/devkitARM/bin/../lib/gcc/arm-none-eabi/11.1.0/../../../../arm-none-eabi/lib/armv6k/fpu/libsysbase.a(lseek.o)
                0x0000000000125e8c                _lseek_r
 .text._read_r  0x0000000000125f10       0x80 /opt/devkitpro/devkitARM/bin/../lib/gcc/arm-none-eabi/11.1.0/../../../../arm-none-eabi/lib/armv6k/fpu/libsysbase.a(read.o)
                0x0000000000125f10                _read_r
 .text._sbrk_r  0x0000000000125f90       0x78 /opt/devkitpro/devkitARM/bin/../lib/gcc/arm-none-eabi/11.1.0/../../../../arm-none-eabi/lib/armv6k/fpu/libsysbase.a(sbrk.o)